../Core/flight/../mavlink/common/../checksum.h:34:20:crc_accumulate	24	static
../Core/flight/../mavlink/common/../checksum.h:51:20:crc_init	16	static
../Core/flight/../mavlink/common/../checksum.h:64:24:crc_calculate	24	static
../Core/flight/../mavlink/common/../checksum.h:84:20:crc_accumulate_buffer	32	static
../Core/flight/../mavlink/common/../mavlink_helpers.h:17:34:mavlink_get_channel_status	16	static
../Core/flight/../mavlink/common/../mavlink_helpers.h:33:35:mavlink_get_channel_buffer	16	static
../Core/flight/../mavlink/common/../mavlink_helpers.h:68:25:mavlink_finalize_message_chan	24	static
../Core/flight/../mavlink/common/../mavlink_helpers.h:108:25:mavlink_finalize_message	24	static
../Core/flight/../mavlink/common/../mavlink_helpers.h:183:25:mavlink_msg_to_send_buffer	24	static
../Core/flight/../mavlink/common/../mavlink_helpers.h:205:21:mavlink_start_checksum	16	static
../Core/flight/../mavlink/common/../mavlink_helpers.h:214:21:mavlink_update_checksum	16	static
../Core/flight/../mavlink/common/../mavlink_helpers.h:264:24:mavlink_parse_char	40	static
../Core/flight/../mavlink/common/./mavlink_msg_attitude.h:340:20:mavlink_msg_attitude_decode	16	static
../Core/flight/../mavlink/common/./mavlink_msg_command_long.h:65:24:mavlink_msg_command_long_pack	64	static
../Core/flight/../mavlink/common/./mavlink_msg_named_value_float.h:240:20:mavlink_msg_named_value_float_decode	16	static
../Core/flight/../mavlink/common/./mavlink_msg_named_value_int.h:240:20:mavlink_msg_named_value_int_decode	16	static
../Core/flight/mavlink_handler.c:21:6:mavlinkInit	24	static
../Core/flight/mavlink_handler.c:32:21:mavlink_uart_port	4	static
../Core/flight/mavlink_handler.c:37:6:mavlinkCallback	8	static
../Core/flight/mavlink_handler.c:57:6:mavlink_send_attitude	352	static
../Core/flight/mavlink_handler.c:72:6:mavlink_tx_cpl_callback	4	static
