plane.h:18:13:f_f	4	static
maths.h:163:12:constrain	24	static
utils.h:10:14:range360	16	static
utils.h:17:14:range180	16	static
utils.h:28:16:mapI	32	static
utils.h:32:14:mapf	40	static
checksum.h:28:20:crc_accumulate	24	static
checksum.h:45:20:crc_init	16	static
checksum.h:58:24:crc_calculate	24	static
checksum.h:78:20:crc_accumulate_buffer	32	static
mavlink_helpers.h:17:34:mavlink_get_channel_status	16	static
mavlink_helpers.h:68:25:mavlink_finalize_message_chan	24	static
mavlink_helpers.h:99:25:mavlink_finalize_message	24	static
mavlink_helpers.h:174:25:mavlink_msg_to_send_buffer	24	static
mavlink_msg_heartbeat.h:49:24:mavlink_msg_heartbeat_pack	40	static
mavlink_msg_rc_channels_raw.h:65:24:mavlink_msg_rc_channels_raw_pack	56	static
mavlink_handler.c:27:6:mavlinkInit	24	static
mavlink_handler.c:38:21:mavlink_uart_port	4	static
mavlink_handler.c:63:6:mavlink_rc_raw	64	static
mavlink_handler.c:157:6:mavlink_send_heartbeat	40	static
mavlink_handler.c:170:6:mavlink_tx_cpl_callback	4	static
