Archive member included to satisfy reference by file (symbol)

C:/ST/STM32CubeIDE_1.15.1/STM32CubeIDE/plugins/com.st.stm32cube.ide.mcu.externaltools.gnu-tools-for-stm32.12.3.rel1.win32_1.0.100.202403111256/tools/bin/../lib/gcc/arm-none-eabi/12.3.1/../../../../arm-none-eabi/lib/thumb/v7-m/nofp\libc_nano.a(libc_a-calloc.o)
                              ./Core/epprom/AT24Cxx_stm32_hal.o (calloc)
C:/ST/STM32CubeIDE_1.15.1/STM32CubeIDE/plugins/com.st.stm32cube.ide.mcu.externaltools.gnu-tools-for-stm32.12.3.rel1.win32_1.0.100.202403111256/tools/bin/../lib/gcc/arm-none-eabi/12.3.1/../../../../arm-none-eabi/lib/thumb/v7-m/nofp\libc_nano.a(libc_a-callocr.o)
                              C:/ST/STM32CubeIDE_1.15.1/STM32CubeIDE/plugins/com.st.stm32cube.ide.mcu.externaltools.gnu-tools-for-stm32.12.3.rel1.win32_1.0.100.202403111256/tools/bin/../lib/gcc/arm-none-eabi/12.3.1/../../../../arm-none-eabi/lib/thumb/v7-m/nofp\libc_nano.a(libc_a-calloc.o) (_calloc_r)
C:/ST/STM32CubeIDE_1.15.1/STM32CubeIDE/plugins/com.st.stm32cube.ide.mcu.externaltools.gnu-tools-for-stm32.12.3.rel1.win32_1.0.100.202403111256/tools/bin/../lib/gcc/arm-none-eabi/12.3.1/../../../../arm-none-eabi/lib/thumb/v7-m/nofp\libc_nano.a(libc_a-exit.o)
                              C:/ST/STM32CubeIDE_1.15.1/STM32CubeIDE/plugins/com.st.stm32cube.ide.mcu.externaltools.gnu-tools-for-stm32.12.3.rel1.win32_1.0.100.202403111256/tools/bin/../lib/gcc/arm-none-eabi/12.3.1/../../../../arm-none-eabi/lib/thumb/v7-m/nofp/crt0.o (exit)
C:/ST/STM32CubeIDE_1.15.1/STM32CubeIDE/plugins/com.st.stm32cube.ide.mcu.externaltools.gnu-tools-for-stm32.12.3.rel1.win32_1.0.100.202403111256/tools/bin/../lib/gcc/arm-none-eabi/12.3.1/../../../../arm-none-eabi/lib/thumb/v7-m/nofp\libc_nano.a(libc_a-mallocr.o)
                              C:/ST/STM32CubeIDE_1.15.1/STM32CubeIDE/plugins/com.st.stm32cube.ide.mcu.externaltools.gnu-tools-for-stm32.12.3.rel1.win32_1.0.100.202403111256/tools/bin/../lib/gcc/arm-none-eabi/12.3.1/../../../../arm-none-eabi/lib/thumb/v7-m/nofp\libc_nano.a(libc_a-callocr.o) (_malloc_r)
C:/ST/STM32CubeIDE_1.15.1/STM32CubeIDE/plugins/com.st.stm32cube.ide.mcu.externaltools.gnu-tools-for-stm32.12.3.rel1.win32_1.0.100.202403111256/tools/bin/../lib/gcc/arm-none-eabi/12.3.1/../../../../arm-none-eabi/lib/thumb/v7-m/nofp\libc_nano.a(libc_a-mlock.o)
                              C:/ST/STM32CubeIDE_1.15.1/STM32CubeIDE/plugins/com.st.stm32cube.ide.mcu.externaltools.gnu-tools-for-stm32.12.3.rel1.win32_1.0.100.202403111256/tools/bin/../lib/gcc/arm-none-eabi/12.3.1/../../../../arm-none-eabi/lib/thumb/v7-m/nofp\libc_nano.a(libc_a-mallocr.o) (__malloc_lock)
C:/ST/STM32CubeIDE_1.15.1/STM32CubeIDE/plugins/com.st.stm32cube.ide.mcu.externaltools.gnu-tools-for-stm32.12.3.rel1.win32_1.0.100.202403111256/tools/bin/../lib/gcc/arm-none-eabi/12.3.1/../../../../arm-none-eabi/lib/thumb/v7-m/nofp\libc_nano.a(libc_a-findfp.o)
                              C:/ST/STM32CubeIDE_1.15.1/STM32CubeIDE/plugins/com.st.stm32cube.ide.mcu.externaltools.gnu-tools-for-stm32.12.3.rel1.win32_1.0.100.202403111256/tools/bin/../lib/gcc/arm-none-eabi/12.3.1/../../../../arm-none-eabi/lib/thumb/v7-m/nofp\libc_nano.a(libc_a-exit.o) (__stdio_exit_handler)
C:/ST/STM32CubeIDE_1.15.1/STM32CubeIDE/plugins/com.st.stm32cube.ide.mcu.externaltools.gnu-tools-for-stm32.12.3.rel1.win32_1.0.100.202403111256/tools/bin/../lib/gcc/arm-none-eabi/12.3.1/../../../../arm-none-eabi/lib/thumb/v7-m/nofp\libc_nano.a(libc_a-fwalk.o)
                              C:/ST/STM32CubeIDE_1.15.1/STM32CubeIDE/plugins/com.st.stm32cube.ide.mcu.externaltools.gnu-tools-for-stm32.12.3.rel1.win32_1.0.100.202403111256/tools/bin/../lib/gcc/arm-none-eabi/12.3.1/../../../../arm-none-eabi/lib/thumb/v7-m/nofp\libc_nano.a(libc_a-findfp.o) (_fwalk_sglue)
C:/ST/STM32CubeIDE_1.15.1/STM32CubeIDE/plugins/com.st.stm32cube.ide.mcu.externaltools.gnu-tools-for-stm32.12.3.rel1.win32_1.0.100.202403111256/tools/bin/../lib/gcc/arm-none-eabi/12.3.1/../../../../arm-none-eabi/lib/thumb/v7-m/nofp\libc_nano.a(libc_a-stdio.o)
                              C:/ST/STM32CubeIDE_1.15.1/STM32CubeIDE/plugins/com.st.stm32cube.ide.mcu.externaltools.gnu-tools-for-stm32.12.3.rel1.win32_1.0.100.202403111256/tools/bin/../lib/gcc/arm-none-eabi/12.3.1/../../../../arm-none-eabi/lib/thumb/v7-m/nofp\libc_nano.a(libc_a-findfp.o) (__sread)
C:/ST/STM32CubeIDE_1.15.1/STM32CubeIDE/plugins/com.st.stm32cube.ide.mcu.externaltools.gnu-tools-for-stm32.12.3.rel1.win32_1.0.100.202403111256/tools/bin/../lib/gcc/arm-none-eabi/12.3.1/../../../../arm-none-eabi/lib/thumb/v7-m/nofp\libc_nano.a(libc_a-memset.o)
                              C:/ST/STM32CubeIDE_1.15.1/STM32CubeIDE/plugins/com.st.stm32cube.ide.mcu.externaltools.gnu-tools-for-stm32.12.3.rel1.win32_1.0.100.202403111256/tools/bin/../lib/gcc/arm-none-eabi/12.3.1/../../../../arm-none-eabi/lib/thumb/v7-m/nofp/crt0.o (memset)
[...]
Memory Configuration

Name             Origin             Length             Attributes
RAM              0x20000000         0x0000c000         xrw
FLASH            0x08000000         0x00040000         xr
*default*        0x00000000         0xffffffff

Linker script and memory map

LOAD C:/ST/STM32CubeIDE_1.15.1/STM32CubeIDE/plugins/com.st.stm32cube.ide.mcu.externaltools.gnu-tools-for-stm32.12.3.rel1.win32_1.0.100.202403111256/tools/bin/../lib/gcc/arm-none-eabi/12.3.1/thumb/v7-m/nofp/crti.o
LOAD C:/ST/STM32CubeIDE_1.15.1/STM32CubeIDE/plugins/com.st.stm32cube.ide.mcu.externaltools.gnu-tools-for-stm32.12.3.rel1.win32_1.0.100.202403111256/tools/bin/../lib/gcc/arm-none-eabi/12.3.1/thumb/v7-m/nofp/crtbegin.o
LOAD C:/ST/STM32CubeIDE_1.15.1/STM32CubeIDE/plugins/com.st.stm32cube.ide.mcu.externaltools.gnu-tools-for-stm32.12.3.rel1.win32_1.0.100.202403111256/tools/bin/../lib/gcc/arm-none-eabi/12.3.1/../../../../arm-none-eabi/lib/thumb/v7-m/nofp/crt0.o
LOAD ./Core/Driver/bmp280.o
LOAD ./Core/Driver/hmc5883.o
LOAD ./Core/Driver/ibus.o
LOAD ./Core/Driver/mpu6050.o
LOAD ./Core/Driver/ms5611.o
LOAD ./Core/Driver/qmc5883.o
LOAD ./Core/Lib/baro.o
LOAD ./Core/Lib/blackbox.o
LOAD ./Core/Lib/compass.o
LOAD ./Core/Lib/faulthandler.o
LOAD ./Core/Lib/gps.o
LOAD ./Core/Lib/imu.o
LOAD ./Core/Lib/maths.o
LOAD ./Core/Lib/pid.o
LOAD ./Core/Lib/pitot.o
LOAD ./Core/Lib/ppmreceiver.o
LOAD ./Core/Lib/pwm.o
LOAD ./Core/Lib/sensordetect.o
LOAD ./Core/Lib/timer.o
LOAD ./Core/Src/dma.o
LOAD ./Core/Src/freertos.o
LOAD ./Core/Src/gpio.o
LOAD ./Core/Src/i2c.o
LOAD ./Core/Src/main.o
LOAD ./Core/Src/sdio.o
LOAD ./Core/Src/stm32f1xx_hal_msp.o
LOAD ./Core/Src/stm32f1xx_hal_timebase_tim.o
LOAD ./Core/Src/stm32f1xx_it.o
LOAD ./Core/Src/syscalls.o
LOAD ./Core/Src/sysmem.o
LOAD ./Core/Src/system_stm32f1xx.o
LOAD ./Core/Src/tim.o
LOAD ./Core/Src/usart.o
LOAD ./Core/Startup/startup_stm32f103vctx.o
LOAD ./Core/epprom/AT24Cxx_stm32_hal.o
LOAD ./Core/flight/attitude_ctrl.o
LOAD ./Core/flight/estimate.o
LOAD ./Core/flight/mavlink_handler.o
LOAD ./Core/flight/navigation.o
LOAD ./Core/simulation/dynamic_mode.o
LOAD ./Drivers/STM32F1xx_HAL_Driver/Src/stm32f1xx_hal.o
LOAD ./Drivers/STM32F1xx_HAL_Driver/Src/stm32f1xx_hal_cortex.o
LOAD ./Drivers/STM32F1xx_HAL_Driver/Src/stm32f1xx_hal_dma.o
LOAD ./Drivers/STM32F1xx_HAL_Driver/Src/stm32f1xx_hal_exti.o
LOAD ./Drivers/STM32F1xx_HAL_Driver/Src/stm32f1xx_hal_flash.o
LOAD ./Drivers/STM32F1xx_HAL_Driver/Src/stm32f1xx_hal_flash_ex.o
LOAD ./Drivers/STM32F1xx_HAL_Driver/Src/stm32f1xx_hal_gpio.o
LOAD ./Drivers/STM32F1xx_HAL_Driver/Src/stm32f1xx_hal_gpio_ex.o
LOAD ./Drivers/STM32F1xx_HAL_Driver/Src/stm32f1xx_hal_i2c.o
LOAD ./Drivers/STM32F1xx_HAL_Driver/Src/stm32f1xx_hal_pwr.o
LOAD ./Drivers/STM32F1xx_HAL_Driver/Src/stm32f1xx_hal_rcc.o
LOAD ./Drivers/STM32F1xx_HAL_Driver/Src/stm32f1xx_hal_rcc_ex.o
LOAD ./Drivers/STM32F1xx_HAL_Driver/Src/stm32f1xx_hal_sd.o
LOAD ./Drivers/STM32F1xx_HAL_Driver/Src/stm32f1xx_hal_tim.o
LOAD ./Drivers/STM32F1xx_HAL_Driver/Src/stm32f1xx_hal_tim_ex.o
LOAD ./Drivers/STM32F1xx_HAL_Driver/Src/stm32f1xx_hal_uart.o
LOAD ./Drivers/STM32F1xx_HAL_Driver/Src/stm32f1xx_ll_sdmmc.o
LOAD ./FATFS/App/fatfs.o
LOAD ./FATFS/Target/bsp_driver_sd.o
LOAD ./Middlewares/Third_Party/FatFs/src/diskio.o
LOAD ./Middlewares/Third_Party/FatFs/src/ff.o
LOAD ./Middlewares/Third_Party/FatFs/src/ff_gen_drv.o
LOAD ./Middlewares/Third_Party/FatFs/src/drivers/sd_diskio.o
LOAD ./Middlewares/Third_Party/FatFs/src/option/ccsbcs.o
LOAD ./Middlewares/Third_Party/FatFs/src/option/syscall.o
LOAD ./Middlewares/Third_Party/FreeRTOS/Source/CMSIS_RTOS/cmsis_os.o
LOAD ./Middlewares/Third_Party/FreeRTOS/Source/croutine.o
LOAD ./Middlewares/Third_Party/FreeRTOS/Source/event_groups.o
LOAD ./Middlewares/Third_Party/FreeRTOS/Source/list.o
LOAD ./Middlewares/Third_Party/FreeRTOS/Source/queue.o
LOAD ./Middlewares/Third_Party/FreeRTOS/Source/stream_buffer.o
LOAD ./Middlewares/Third_Party/FreeRTOS/Source/tasks.o
LOAD ./Middlewares/Third_Party/FreeRTOS/Source/timers.o
LOAD ./Middlewares/Third_Party/FreeRTOS/Source/portable/GCC/ARM_CM3/port.o
LOAD ./Middlewares/Third_Party/FreeRTOS/Source/portable/MemMang/heap_4.o
START GROUP
LOAD C:/ST/STM32CubeIDE_1.15.1/STM32CubeIDE/plugins/com.st.stm32cube.ide.mcu.externaltools.gnu-tools-for-stm32.12.3.rel1.win32_1.0.100.202403111256/tools/bin/../lib/gcc/arm-none-eabi/12.3.1/../../../../arm-none-eabi/lib/thumb/v7-m/nofp\libc_nano.a
LOAD C:/ST/STM32CubeIDE_1.15.1/STM32CubeIDE/plugins/com.st.stm32cube.ide.mcu.externaltools.gnu-tools-for-stm32.12.3.rel1.win32_1.0.100.202403111256/tools/bin/../lib/gcc/arm-none-eabi/12.3.1/../../../../arm-none-eabi/lib/thumb/v7-m/nofp\libm.a
END GROUP
START GROUP
LOAD C:/ST/STM32CubeIDE_1.15.1/STM32CubeIDE/plugins/com.st.stm32cube.ide.mcu.externaltools.gnu-tools-for-stm32.12.3.rel1.win32_1.0.100.202403111256/tools/bin/../lib/gcc/arm-none-eabi/12.3.1/thumb/v7-m/nofp\libgcc.a
LOAD C:/ST/STM32CubeIDE_1.15.1/STM32CubeIDE/plugins/com.st.stm32cube.ide.mcu.externaltools.gnu-tools-for-stm32.12.3.rel1.win32_1.0.100.202403111256/tools/bin/../lib/gcc/arm-none-eabi/12.3.1/../../../../arm-none-eabi/lib/thumb/v7-m/nofp\libc_nano.a
END GROUP
START GROUP
LOAD C:/ST/STM32CubeIDE_1.15.1/STM32CubeIDE/plugins/com.st.stm32cube.ide.mcu.externaltools.gnu-tools-for-stm32.12.3.rel1.win32_1.0.100.202403111256/tools/bin/../lib/gcc/arm-none-eabi/12.3.1/thumb/v7-m/nofp\libgcc.a
LOAD C:/ST/STM32CubeIDE_1.15.1/STM32CubeIDE/plugins/com.st.stm32cube.ide.mcu.externaltools.gnu-tools-for-stm32.12.3.rel1.win32_1.0.100.202403111256/tools/bin/../lib/gcc/arm-none-eabi/12.3.1/../../../../arm-none-eabi/lib/thumb/v7-m/nofp\libc_nano.a
LOAD C:/ST/STM32CubeIDE_1.15.1/STM32CubeIDE/plugins/com.st.stm32cube.ide.mcu.externaltools.gnu-tools-for-stm32.12.3.rel1.win32_1.0.100.202403111256/tools/bin/../lib/gcc/arm-none-eabi/12.3.1/../../../../arm-none-eabi/lib/thumb/v7-m/nofp\libnosys.a
END GROUP
START GROUP
LOAD C:/ST/STM32CubeIDE_1.15.1/STM32CubeIDE/plugins/com.st.stm32cube.ide.mcu.externaltools.gnu-tools-for-stm32.12.3.rel1.win32_1.0.100.202403111256/tools/bin/../lib/gcc/arm-none-eabi/12.3.1/thumb/v7-m/nofp\libgcc.a
LOAD C:/ST/STM32CubeIDE_1.15.1/STM32CubeIDE/plugins/com.st.stm32cube.ide.mcu.externaltools.gnu-tools-for-stm32.12.3.rel1.win32_1.0.100.202403111256/tools/bin/../lib/gcc/arm-none-eabi/12.3.1/../../../../arm-none-eabi/lib/thumb/v7-m/nofp\libc_nano.a
LOAD C:/ST/STM32CubeIDE_1.15.1/STM32CubeIDE/plugins/com.st.stm32cube.ide.mcu.externaltools.gnu-tools-for-stm32.12.3.rel1.win32_1.0.100.202403111256/tools/bin/../lib/gcc/arm-none-eabi/12.3.1/../../../../arm-none-eabi/lib/thumb/v7-m/nofp\libnosys.a
END GROUP
LOAD C:/ST/STM32CubeIDE_1.15.1/STM32CubeIDE/plugins/com.st.stm32cube.ide.mcu.externaltools.gnu-tools-for-stm32.12.3.rel1.win32_1.0.100.202403111256/tools/bin/../lib/gcc/arm-none-eabi/12.3.1/thumb/v7-m/nofp/crtend.o
LOAD C:/ST/STM32CubeIDE_1.15.1/STM32CubeIDE/plugins/com.st.stm32cube.ide.mcu.externaltools.gnu-tools-for-stm32.12.3.rel1.win32_1.0.100.202403111256/tools/bin/../lib/gcc/arm-none-eabi/12.3.1/thumb/v7-m/nofp/crtn.o
                0x2000c000                        _estack = (ORIGIN (RAM) + LENGTH (RAM))
                0x00002000                        _Min_Heap_Size = 0x2000
                0x00004000                        _Min_Stack_Size = 0x4000

.isr_vector     0x08000000      0x1e4
                0x08000000                        . = ALIGN (0x4)
 *(.isr_vector)
 .isr_vector    0x08000000      0x1e4 ./Core/Startup/startup_stm32f103vctx.o
                0x08000000                g_pfnVectors
                0x080001e4                        . = ALIGN (0x4)

.text           0x080001f0    0x15bb8
                0x080001f0                        . = ALIGN (0x4)
 *(.text)
 .text          0x080001f0       0x40 C:/ST/STM32CubeIDE_1.15.1/STM32CubeIDE/plugins/com.st.stm32cube.ide.mcu.externaltools.gnu-tools-for-stm32.12.3.rel1.win32_1.0.100.202403111256/tools/bin/../lib/gcc/arm-none-eabi/12.3.1/thumb/v7-m/nofp/crtbegin.o
 .text          0x08000230      0x378 C:/ST/STM32CubeIDE_1.15.1/STM32CubeIDE/plugins/com.st.stm32cube.ide.mcu.externaltools.gnu-tools-for-stm32.12.3.rel1.win32_1.0.100.202403111256/tools/bin/../lib/gcc/arm-none-eabi/12.3.1/thumb/v7-m/nofp\libgcc.a(_arm_addsubdf3.o)
                0x08000230                __aeabi_drsub
                0x08000238                __aeabi_dsub
                0x08000238                __subdf3
                0x0800023c                __aeabi_dadd
                0x0800023c                __adddf3
                0x080004b4                __floatunsidf
                0x080004b4                __aeabi_ui2d
                0x080004d4                __floatsidf
                0x080004d4                __aeabi_i2d
                0x080004f8                __aeabi_f2d
                0x080004f8                __extendsfdf2
                0x0800053c                __floatundidf
                0x0800053c                __aeabi_ul2d
                0x0800054c                __floatdidf
                0x0800054c                __aeabi_l2d
 .text          0x080005a8      0x424 C:/ST/STM32CubeIDE_1.15.1/STM32CubeIDE/plugins/com.st.stm32cube.ide.mcu.externaltools.gnu-tools-for-stm32.12.3.rel1.win32_1.0.100.202403111256/tools/bin/../lib/gcc/arm-none-eabi/12.3.1/thumb/v7-m/nofp\libgcc.a(_arm_muldivdf3.o)
                0x080005a8                __aeabi_dmul
                0x080005a8                __muldf3
                0x080007fc                __divdf3
                0x080007fc                __aeabi_ddiv
 .text          0x080009cc      0x110 C:/ST/STM32CubeIDE_1.15.1/STM32CubeIDE/plugins/com.st.stm32cube.ide.mcu.externaltools.gnu-tools-for-stm32.12.3.rel1.win32_1.0.100.202403111256/tools/bin/../lib/gcc/arm-none-eabi/12.3.1/thumb/v7-m/nofp\libgcc.a(_arm_cmpdf2.o)
                0x080009cc                __gtdf2
                0x080009cc                __gedf2
                0x080009d4                __ltdf2
                0x080009d4                __ledf2
                0x080009dc                __nedf2
                0x080009dc                __eqdf2
                0x080009dc                __cmpdf2
                0x08000a58                __aeabi_cdrcmple
                0x08000a68                __aeabi_cdcmpeq
                0x08000a68                __aeabi_cdcmple
                0x08000a78                __aeabi_dcmpeq
                0x08000a8c                __aeabi_dcmplt
                0x08000aa0                __aeabi_dcmple
                0x08000ab4                __aeabi_dcmpge
                0x08000ac8                __aeabi_dcmpgt
 .text          0x08000adc       0x2c C:/ST/STM32CubeIDE_1.15.1/STM32CubeIDE/plugins/com.st.stm32cube.ide.mcu.externaltools.gnu-tools-for-stm32.12.3.rel1.win32_1.0.100.202403111256/tools/bin/../lib/gcc/arm-none-eabi/12.3.1/thumb/v7-m/nofp\libgcc.a(_arm_unorddf2.o)
                0x08000adc                __unorddf2
                0x08000adc                __aeabi_dcmpun
 .text          0x08000b08       0x50 C:/ST/STM32CubeIDE_1.15.1/STM32CubeIDE/plugins/com.st.stm32cube.ide.mcu.externaltools.gnu-tools-for-stm32.12.3.rel1.win32_1.0.100.202403111256/tools/bin/../lib/gcc/arm-none-eabi/12.3.1/thumb/v7-m/nofp\libgcc.a(_arm_fixdfsi.o)
                0x08000b08                __aeabi_d2iz
                0x08000b08                __fixdfsi
 .text          0x08000b58       0x40 C:/ST/STM32CubeIDE_1.15.1/STM32CubeIDE/plugins/com.st.stm32cube.ide.mcu.externaltools.gnu-tools-for-stm32.12.3.rel1.win32_1.0.100.202403111256/tools/bin/../lib/gcc/arm-none-eabi/12.3.1/thumb/v7-m/nofp\libgcc.a(_arm_fixunsdfsi.o)
                0x08000b58                __aeabi_d2uiz
                0x08000b58                __fixunsdfsi
 .text          0x08000b98       0xa0 C:/ST/STM32CubeIDE_1.15.1/STM32CubeIDE/plugins/com.st.stm32cube.ide.mcu.externaltools.gnu-tools-for-stm32.12.3.rel1.win32_1.0.100.202403111256/tools/bin/../lib/gcc/arm-none-eabi/12.3.1/thumb/v7-m/nofp\libgcc.a(_arm_truncdfsf2.o)
                0x08000b98                __truncdfsf2
                0x08000b98                __aeabi_d2f
 .text          0x08000c38      0x21c C:/ST/STM32CubeIDE_1.15.1/STM32CubeIDE/plugins/com.st.stm32cube.ide.mcu.externaltools.gnu-tools-for-stm32.12.3.rel1.win32_1.0.100.202403111256/tools/bin/../lib/gcc/arm-none-eabi/12.3.1/thumb/v7-m/nofp\libgcc.a(_arm_addsubsf3.o)
                0x08000c38                __aeabi_frsub
                0x08000c40                __subsf3
                0x08000c40                __aeabi_fsub
                0x08000c44                __aeabi_fadd
                0x08000c44                __addsf3
                0x08000da4                __aeabi_ui2f
                0x08000da4                __floatunsisf
                0x08000dac                __aeabi_i2f
                0x08000dac                __floatsisf
                0x08000dc8                __aeabi_ul2f
                0x08000dc8                __floatundisf
                0x08000dd8                __aeabi_l2f
                0x08000dd8                __floatdisf
 .text          0x08000e54      0x2a0 C:/ST/STM32CubeIDE_1.15.1/STM32CubeIDE/plugins/com.st.stm32cube.ide.mcu.externaltools.gnu-tools-for-stm32.12.3.rel1.win32_1.0.100.202403111256/tools/bin/../lib/gcc/arm-none-eabi/12.3.1/thumb/v7-m/nofp\libgcc.a(_arm_muldivsf3.o)
                0x08000e54                __mulsf3
                0x08000e54                __aeabi_fmul
                0x08000fbc                __aeabi_fdiv
                0x08000fbc                __divsf3
 .text          0x080010f4       0xec C:/ST/STM32CubeIDE_1.15.1/STM32CubeIDE/plugins/com.st.stm32cube.ide.mcu.externaltools.gnu-tools-for-stm32.12.3.rel1.win32_1.0.100.202403111256/tools/bin/../lib/gcc/arm-none-eabi/12.3.1/thumb/v7-m/nofp\libgcc.a(_arm_cmpsf2.o)
                0x080010f4                __gesf2
                0x080010f4                __gtsf2
                0x080010fc                __lesf2
                0x080010fc                __ltsf2
                0x08001104                __nesf2
                0x08001104                __eqsf2
                0x08001104                __cmpsf2
                0x08001164                __aeabi_cfrcmple
                0x0800116c                __aeabi_cfcmpeq
                0x0800116c                __aeabi_cfcmple
                0x0800117c                __aeabi_fcmpeq
                0x08001190                __aeabi_fcmplt
                0x080011a4                __aeabi_fcmple
                0x080011b8                __aeabi_fcmpge
                0x080011cc                __aeabi_fcmpgt
 .text          0x080011e0       0x2c C:/ST/STM32CubeIDE_1.15.1/STM32CubeIDE/plugins/com.st.stm32cube.ide.mcu.externaltools.gnu-tools-for-stm32.12.3.rel1.win32_1.0.100.202403111256/tools/bin/../lib/gcc/arm-none-eabi/12.3.1/thumb/v7-m/nofp\libgcc.a(_arm_unordsf2.o)
                0x080011e0                __unordsf2
                0x080011e0                __aeabi_fcmpun
 .text          0x0800120c       0x4c C:/ST/STM32CubeIDE_1.15.1/STM32CubeIDE/plugins/com.st.stm32cube.ide.mcu.externaltools.gnu-tools-for-stm32.12.3.rel1.win32_1.0.100.202403111256/tools/bin/../lib/gcc/arm-none-eabi/12.3.1/thumb/v7-m/nofp\libgcc.a(_arm_fixsfsi.o)
                0x0800120c                __aeabi_f2iz
                0x0800120c                __fixsfsi
 .text          0x08001258       0x40 C:/ST/STM32CubeIDE_1.15.1/STM32CubeIDE/plugins/com.st.stm32cube.ide.mcu.externaltools.gnu-tools-for-stm32.12.3.rel1.win32_1.0.100.202403111256/tools/bin/../lib/gcc/arm-none-eabi/12.3.1/thumb/v7-m/nofp\libgcc.a(_arm_fixunssfsi.o)
                0x08001258                __fixunssfsi
                0x08001258                __aeabi_f2uiz
 .text          0x08001298       0xa0 C:/ST/STM32CubeIDE_1.15.1/STM32CubeIDE/plugins/com.st.stm32cube.ide.mcu.externaltools.gnu-tools-for-stm32.12.3.rel1.win32_1.0.100.202403111256/tools/bin/../lib/gcc/arm-none-eabi/12.3.1/thumb/v7-m/nofp\libgcc.a(_aeabi_ldivmod.o)
                0x08001298                __aeabi_ldivmod
 .text          0x08001338      0x2b8 C:/ST/STM32CubeIDE_1.15.1/STM32CubeIDE/plugins/com.st.stm32cube.ide.mcu.externaltools.gnu-tools-for-stm32.12.3.rel1.win32_1.0.100.202403111256/tools/bin/../lib/gcc/arm-none-eabi/12.3.1/thumb/v7-m/nofp\libgcc.a(_udivmoddi4.o)
                0x08001338                __udivmoddi4
 .text          0x080015f0        0x4 C:/ST/STM32CubeIDE_1.15.1/STM32CubeIDE/plugins/com.st.stm32cube.ide.mcu.externaltools.gnu-tools-for-stm32.12.3.rel1.win32_1.0.100.202403111256/tools/bin/../lib/gcc/arm-none-eabi/12.3.1/thumb/v7-m/nofp\libgcc.a(_dvmd_tls.o)
                0x080015f0                __aeabi_idiv0
                0x080015f0                __aeabi_ldiv0
 *(.text*)
 .text.bmp280_init_default_params
                0x080015f4       0x38 ./Core/Driver/bmp280.o
                0x080015f4                bmp280_init_default_params
 .text.read_register16
                0x0800162c       0x60 ./Core/Driver/bmp280.o
 .text.read_data
                0x0800168c       0x50 ./Core/Driver/bmp280.o
 .text.read_calibration_data
                0x080016dc       0xe8 ./Core/Driver/bmp280.o
 .text.write_register8
                0x080017c4       0x50 ./Core/Driver/bmp280.o
 .text.bmp280_init
                0x08001814      0x138 ./Core/Driver/bmp280.o
                0x08001814                bmp280_init
 .text.compensate_temperature
                0x0800194c       0x74 ./Core/Driver/bmp280.o
 .text.compensate_pressure
                0x080019c0      0x598 ./Core/Driver/bmp280.o
 .text.bmp280_read_fixed
                0x08001f58      0x144 ./Core/Driver/bmp280.o
                0x08001f58                bmp280_read_fixed
 .text.ibus_init
                0x0800209c       0x60 ./Core/Driver/ibus.o
                0x0800209c                ibus_init
 .text.ibus_uart_port
                0x080020fc       0x14 ./Core/Driver/ibus.o
                0x080020fc                ibus_uart_port
 .text.ibus_calback
                0x08002110       0x28 ./Core/Driver/ibus.o
                0x08002110                ibus_calback
 .text.ibusDataReceive
                0x08002138       0x90 ./Core/Driver/ibus.o
 .text.ibusFrameComplete
                0x080021c8      0x1a0 ./Core/Driver/ibus.o
                0x080021c8                ibusFrameComplete
 .text.mpu6050Connection
                0x08002368       0x2c ./Core/Driver/mpu6050.o
                0x08002368                mpu6050Connection
 .text.mpu6050_init
                0x08002394       0xa4 ./Core/Driver/mpu6050.o
                0x08002394                mpu6050_init
 .text.mpu6050_gyro_get_raw
                0x08002438       0x78 ./Core/Driver/mpu6050.o
                0x08002438                mpu6050_gyro_get_raw
 .text.mpu6050_acc_get_raw
                0x080024b0       0x84 ./Core/Driver/mpu6050.o
                0x080024b0                mpu6050_acc_get_raw
 .text.qmc5883_init
                0x08002534       0x58 ./Core/Driver/qmc5883.o
                0x08002534                qmc5883_init
 .text.qmc_get_raw
                0x0800258c       0x70 ./Core/Driver/qmc5883.o
                0x0800258c                qmc_get_raw
 .text.baro_init
                0x080025fc       0x4c ./Core/Lib/baro.o
                0x080025fc                baro_init
 .text.baro_zero_calibrate
                0x08002648       0x70 ./Core/Lib/baro.o
                0x08002648                baro_zero_calibrate
 .text.is_baro_calibration
                0x080026b8       0x18 ./Core/Lib/baro.o
                0x080026b8                is_baro_calibration
 .text.baro_get_altitude
                0x080026d0       0x34 ./Core/Lib/baro.o
                0x080026d0                baro_get_altitude
 .text.black_box_init
                0x08002704       0x5c ./Core/Lib/blackbox.o
                0x08002704                black_box_init
 .text.black_box_get_file_size
                0x08002760       0x18 ./Core/Lib/blackbox.o
                0x08002760                black_box_get_file_size
 .text.black_box_pack_int
                0x08002778      0x130 ./Core/Lib/blackbox.o
                0x08002778                black_box_pack_int
 .text.black_box_pack_str
                0x080028a8       0x70 ./Core/Lib/blackbox.o
                0x080028a8                black_box_pack_str
 .text.black_box_pack_char
                0x08002918       0x34 ./Core/Lib/blackbox.o
                0x08002918                black_box_pack_char
 .text.black_box_load
                0x0800294c       0x44 ./Core/Lib/blackbox.o
                0x0800294c                black_box_load
 .text.reverse  0x08002990       0x5c ./Core/Lib/blackbox.o
 .text.intToStr
                0x080029ec       0x94 ./Core/Lib/blackbox.o
 .text.compassInit
                0x08002a80       0x78 ./Core/Lib/compass.o
                0x08002a80                compassInit
 .text.compass_get
                0x08002af8       0xe0 ./Core/Lib/compass.o
                0x08002af8                compass_get
 .text.read_calibrate_file
                0x08002bd8       0xe8 ./Core/Lib/compass.o
 .text.compass_calibrate
                0x08002cc0      0x3cc ./Core/Lib/compass.o
 .text.gps_init
                0x0800308c       0xec ./Core/Lib/gps.o
                0x0800308c                gps_init
 .text.gps_uart_port
                0x08003178       0x14 ./Core/Lib/gps.o
                0x08003178                gps_uart_port
 .text.gps_callback
                0x0800318c       0x38 ./Core/Lib/gps.o
                0x0800318c                gps_callback
 .text.parse_msg
                0x080031c4      0x20c ./Core/Lib/gps.o
 .text.newdata  0x080033d0      0x250 ./Core/Lib/gps.o
 .text.imu_calibrate
                0x08003620       0xf8 ./Core/Lib/imu.o
                0x08003620                imu_calibrate
 .text.update_ahrs
                0x08003718      0xdc8 ./Core/Lib/imu.o
                0x08003718                update_ahrs
 .text.atan2_approx
                0x080044e0      0x180 ./Core/Lib/maths.o
                0x080044e0                atan2_approx
 .text.fapplyDeadband
                0x08004660       0x52 ./Core/Lib/maths.o
                0x08004660                fapplyDeadband
 *fill*         0x080046b2        0x2 
 .text.invSqrt_
                0x080046b4       0x78 ./Core/Lib/maths.o
                0x080046b4                invSqrt_
 .text.constrainf
                0x0800472c       0x3a ./Core/Lib/pid.o
 *fill*         0x08004766        0x2 
 .text.pt1FilterGain
                0x08004768       0x44 ./Core/Lib/pid.o
 .text.pid_init
                0x080047ac       0x64 ./Core/Lib/pid.o
                0x080047ac                pid_init
 .text.pid_calculate
                0x08004810      0x1a6 ./Core/Lib/pid.o
                0x08004810                pid_calculate
 .text.constrain
                0x080049b6       0x30 ./Core/Lib/pwm.o
 *fill*         0x080049e6        0x2 
 .text.initPWM  0x080049e8       0x8c ./Core/Lib/pwm.o
                0x080049e8                initPWM
 .text.writePwm
                0x08004a74       0x98 ./Core/Lib/pwm.o
                0x08004a74                writePwm
 .text.write_pwm_ctrl
                0x08004b0c       0x7c ./Core/Lib/pwm.o
                0x08004b0c                write_pwm_ctrl
 .text.timer_start
                0x08004b88       0x24 ./Core/Lib/timer.o
                0x08004b88                timer_start
 .text.MX_DMA_Init
                0x08004bac       0x3c ./Core/Src/dma.o
                0x08004bac                MX_DMA_Init
 .text.HAL_UART_RxCpltCallback
                0x08004be8       0x32 ./Core/Src/freertos.o
                0x08004be8                HAL_UART_RxCpltCallback
 *fill*         0x08004c1a        0x2 
 .text.HAL_UART_TxCpltCallback
                0x08004c1c       0x20 ./Core/Src/freertos.o
                0x08004c1c                HAL_UART_TxCpltCallback
 .text.vApplicationGetIdleTaskMemory
                0x08004c3c       0x30 ./Core/Src/freertos.o
                0x08004c3c                vApplicationGetIdleTaskMemory
 .text.MX_FREERTOS_Init
                0x08004c6c       0xfc ./Core/Src/freertos.o
                0x08004c6c                MX_FREERTOS_Init
 .text.ahrs_task
                0x08004d68      0x164 ./Core/Src/freertos.o
                0x08004d68                ahrs_task
 *fill*         0x08004ecc        0x4 
 .text.blackbox
                0x08004ed0      0x408 ./Core/Src/freertos.o
                0x08004ed0                blackbox
 .text.led_indicate
                0x080052d8       0x38 ./Core/Src/freertos.o
                0x080052d8                led_indicate
 .text.read_sensor
                0x08005310      0x274 ./Core/Src/freertos.o
                0x08005310                read_sensor
 .text.mavlinkOSD
                0x08005584       0x3c ./Core/Src/freertos.o
                0x08005584                mavlinkOSD
 .text.MX_GPIO_Init
                0x080055c0      0x144 ./Core/Src/gpio.o
                0x080055c0                MX_GPIO_Init
 .text.MX_I2C1_Init
                0x08005704       0x5c ./Core/Src/i2c.o
                0x08005704                MX_I2C1_Init
 .text.MX_I2C2_Init
                0x08005760       0x5c ./Core/Src/i2c.o
                0x08005760                MX_I2C2_Init
 .text.HAL_I2C_MspInit
                0x080057bc       0xd8 ./Core/Src/i2c.o
                0x080057bc                HAL_I2C_MspInit
 .text.main     0x08005894       0x44 ./Core/Src/main.o
                0x08005894                main
 .text.SystemClock_Config
                0x080058d8       0x8a ./Core/Src/main.o
                0x080058d8                SystemClock_Config
 *fill*         0x08005962        0x2 
 .text.HAL_TIM_PeriodElapsedCallback
                0x08005964       0x40 ./Core/Src/main.o
                0x08005964                HAL_TIM_PeriodElapsedCallback
 .text.Error_Handler
                0x080059a4        0xc ./Core/Src/main.o
                0x080059a4                Error_Handler
 .text.MX_SDIO_SD_Init
                0x080059b0       0x44 ./Core/Src/sdio.o
                0x080059b0                MX_SDIO_SD_Init
 .text.HAL_SD_MspInit
                0x080059f4       0xb4 ./Core/Src/sdio.o
                0x080059f4                HAL_SD_MspInit
 .text.HAL_MspInit
                0x08005aa8       0x70 ./Core/Src/stm32f1xx_hal_msp.o
                0x08005aa8                HAL_MspInit
 .text.HAL_InitTick
                0x08005b18       0xf8 ./Core/Src/stm32f1xx_hal_timebase_tim.o
                0x08005b18                HAL_InitTick
 .text.NMI_Handler
                0x08005c10        0x8 ./Core/Src/stm32f1xx_it.o
                0x08005c10                NMI_Handler
 .text.HardFault_Handler
                0x08005c18        0x8 ./Core/Src/stm32f1xx_it.o
                0x08005c18                HardFault_Handler
 .text.MemManage_Handler
                0x08005c20        0x8 ./Core/Src/stm32f1xx_it.o
                0x08005c20                MemManage_Handler
 .text.BusFault_Handler
                0x08005c28        0x8 ./Core/Src/stm32f1xx_it.o
                0x08005c28                BusFault_Handler
 .text.UsageFault_Handler
                0x08005c30        0x8 ./Core/Src/stm32f1xx_it.o
                0x08005c30                UsageFault_Handler
 .text.DebugMon_Handler
                0x08005c38        0xc ./Core/Src/stm32f1xx_it.o
                0x08005c38                DebugMon_Handler
 .text.DMA1_Channel4_IRQHandler
                0x08005c44       0x14 ./Core/Src/stm32f1xx_it.o
                0x08005c44                DMA1_Channel4_IRQHandler
 .text.TIM2_IRQHandler
                0x08005c58       0x14 ./Core/Src/stm32f1xx_it.o
                0x08005c58                TIM2_IRQHandler
 .text.TIM3_IRQHandler
                0x08005c6c       0x14 ./Core/Src/stm32f1xx_it.o
                0x08005c6c                TIM3_IRQHandler
 .text.USART1_IRQHandler
                0x08005c80       0x14 ./Core/Src/stm32f1xx_it.o
                0x08005c80                USART1_IRQHandler
 .text.USART2_IRQHandler
                0x08005c94       0x14 ./Core/Src/stm32f1xx_it.o
                0x08005c94                USART2_IRQHandler
 .text.USART3_IRQHandler
                0x08005ca8       0x14 ./Core/Src/stm32f1xx_it.o
                0x08005ca8                USART3_IRQHandler
 .text.TIM7_IRQHandler
                0x08005cbc       0x14 ./Core/Src/stm32f1xx_it.o
                0x08005cbc                TIM7_IRQHandler
 .text._sbrk    0x08005cd0       0x6c ./Core/Src/sysmem.o
                0x08005cd0                _sbrk
 .text.SystemInit
                0x08005d3c        0xc ./Core/Src/system_stm32f1xx.o
                0x08005d3c                SystemInit
 .text.MX_TIM3_Init
                0x08005d48      0x118 ./Core/Src/tim.o
                0x08005d48                MX_TIM3_Init
 .text.MX_TIM7_Init
                0x08005e60       0x6c ./Core/Src/tim.o
                0x08005e60                MX_TIM7_Init
 .text.HAL_TIM_Base_MspInit
                0x08005ecc       0x84 ./Core/Src/tim.o
                0x08005ecc                HAL_TIM_Base_MspInit
 .text.HAL_TIM_MspPostInit
                0x08005f50       0x98 ./Core/Src/tim.o
                0x08005f50                HAL_TIM_MspPostInit
 .text.MX_USART1_UART_Init
                0x08005fe8       0x54 ./Core/Src/usart.o
                0x08005fe8                MX_USART1_UART_Init
 .text.MX_USART2_UART_Init
                0x0800603c       0x54 ./Core/Src/usart.o
                0x0800603c                MX_USART2_UART_Init
 .text.MX_USART3_UART_Init
                0x08006090       0x54 ./Core/Src/usart.o
                0x08006090                MX_USART3_UART_Init
 .text.HAL_UART_MspInit
                0x080060e4      0x230 ./Core/Src/usart.o
                0x080060e4                HAL_UART_MspInit
 .text.Reset_Handler
                0x08006314       0x48 ./Core/Startup/startup_stm32f103vctx.o
                0x08006314                Reset_Handler
 .text.Default_Handler
                0x0800635c        0x2 ./Core/Startup/startup_stm32f103vctx.o
                0x0800635c                RTC_Alarm_IRQHandler
                0x0800635c                EXTI2_IRQHandler
                0x0800635c                TIM8_TRG_COM_IRQHandler
                0x0800635c                TIM8_CC_IRQHandler
                0x0800635c                TIM1_CC_IRQHandler
                0x0800635c                TIM6_IRQHandler
                0x0800635c                PVD_IRQHandler
                0x0800635c                SDIO_IRQHandler
                0x0800635c                EXTI3_IRQHandler
                0x0800635c                EXTI0_IRQHandler
                0x0800635c                I2C2_EV_IRQHandler
                0x0800635c                ADC1_2_IRQHandler
                0x0800635c                SPI1_IRQHandler
                0x0800635c                TAMPER_IRQHandler
                0x0800635c                TIM8_UP_IRQHandler
                0x0800635c                DMA2_Channel2_IRQHandler
                0x0800635c                RTC_IRQHandler
                0x0800635c                DMA1_Channel7_IRQHandler
                0x0800635c                CAN1_RX1_IRQHandler
                0x0800635c                UART5_IRQHandler
                0x0800635c                ADC3_IRQHandler
                0x0800635c                TIM4_IRQHandler
                0x0800635c                DMA2_Channel1_IRQHandler
                0x0800635c                I2C1_EV_IRQHandler
                0x0800635c                DMA1_Channel6_IRQHandler
                0x0800635c                UART4_IRQHandler
                0x0800635c                RCC_IRQHandler
                0x0800635c                TIM1_TRG_COM_IRQHandler
                0x0800635c                DMA1_Channel1_IRQHandler
                0x0800635c                Default_Handler
                0x0800635c                EXTI15_10_IRQHandler
                0x0800635c                TIM5_IRQHandler
                0x0800635c                EXTI9_5_IRQHandler
                0x0800635c                SPI2_IRQHandler
                0x0800635c                DMA1_Channel5_IRQHandler
                0x0800635c                EXTI4_IRQHandler
                0x0800635c                USB_LP_CAN1_RX0_IRQHandler
                0x0800635c                USB_HP_CAN1_TX_IRQHandler
                0x0800635c                DMA1_Channel3_IRQHandler
                0x0800635c                FSMC_IRQHandler
                0x0800635c                TIM1_UP_IRQHandler
                0x0800635c                WWDG_IRQHandler
                0x0800635c                TIM1_BRK_IRQHandler
                0x0800635c                EXTI1_IRQHandler
                0x0800635c                DMA2_Channel4_5_IRQHandler
                0x0800635c                I2C2_ER_IRQHandler
                0x0800635c                DMA1_Channel2_IRQHandler
                0x0800635c                TIM8_BRK_IRQHandler
                0x0800635c                CAN1_SCE_IRQHandler
                0x0800635c                FLASH_IRQHandler
                0x0800635c                SPI3_IRQHandler
                0x0800635c                I2C1_ER_IRQHandler
                0x0800635c                USBWakeUp_IRQHandler
                0x0800635c                DMA2_Channel3_IRQHandler
 *fill*         0x0800635e        0x2 
 .text.AT24Cxx_get_max_addr
                0x08006360       0x60 ./Core/epprom/AT24Cxx_stm32_hal.o
                0x08006360                AT24Cxx_get_max_addr
 .text.AT24Cxx_get_pg_size
                0x080063c0       0x54 ./Core/epprom/AT24Cxx_stm32_hal.o
                0x080063c0                AT24Cxx_get_pg_size
 .text.AT24Cxx_init
                0x08006414       0x80 ./Core/epprom/AT24Cxx_stm32_hal.o
                0x08006414                AT24Cxx_init
 .text.AT24Cxx_add_dev
                0x08006494       0xae ./Core/epprom/AT24Cxx_stm32_hal.o
                0x08006494                AT24Cxx_add_dev
 .text.AT24Cxx_write_byte_buffer
                0x08006542      0x204 ./Core/epprom/AT24Cxx_stm32_hal.o
                0x08006542                AT24Cxx_write_byte_buffer
 .text.AT24Cxx_read_byte_buffer
                0x08006746       0x6e ./Core/epprom/AT24Cxx_stm32_hal.o
                0x08006746                AT24Cxx_read_byte_buffer
 .text.constrain
                0x080067b4       0x30 ./Core/flight/attitude_ctrl.o
 .text.constrainf
                0x080067e4       0x3a ./Core/flight/attitude_ctrl.o
 *fill*         0x0800681e        0x2 
 .text.pt1FilterGain
                0x08006820       0x44 ./Core/flight/attitude_ctrl.o
 .text.attitude_ctrl_init
                0x08006864      0x118 ./Core/flight/attitude_ctrl.o
                0x08006864                attitude_ctrl_init
 *fill*         0x0800697c        0x4 
 .text.attitude_ctrl
                0x08006980      0x87c ./Core/flight/attitude_ctrl.o
                0x08006980                attitude_ctrl
 *fill*         0x080071fc        0x4 
 .text.altitude_estimate
                0x08007200      0x374 ./Core/flight/estimate.o
                0x08007200                altitude_estimate
 .text.mapI     0x08007574       0x36 ./Core/flight/mavlink_handler.o
 .text.crc_accumulate
                0x080075aa       0x62 ./Core/flight/mavlink_handler.o
 .text.crc_init
                0x0800760c       0x1a ./Core/flight/mavlink_handler.o
 .text.crc_calculate
                0x08007626       0x40 ./Core/flight/mavlink_handler.o
 .text.crc_accumulate_buffer
                0x08007666       0x38 ./Core/flight/mavlink_handler.o
 *fill*         0x0800769e        0x2 
 .text.mavlink_get_channel_status
                0x080076a0       0x28 ./Core/flight/mavlink_handler.o
 .text.mavlink_finalize_message_chan
                0x080076c8       0xd0 ./Core/flight/mavlink_handler.o
 .text.mavlink_finalize_message
                0x08007798       0x38 ./Core/flight/mavlink_handler.o
 .text.mavlink_msg_to_send_buffer
                0x080077d0       0x58 ./Core/flight/mavlink_handler.o
 .text.mavlink_msg_heartbeat_pack
                0x08007828       0x64 ./Core/flight/mavlink_handler.o
 .text.mavlink_msg_attitude_pack
                0x0800788c       0x5e ./Core/flight/mavlink_handler.o
 .text.mavlink_msg_rc_channels_raw_pack
                0x080078ea       0x80 ./Core/flight/mavlink_handler.o
 .text.mavlink_msg_vfr_hud_pack
                0x0800796a       0x5a ./Core/flight/mavlink_handler.o
 .text.mavlinkInit
                0x080079c4       0x6c ./Core/flight/mavlink_handler.o
                0x080079c4                mavlinkInit
 .text.mavlink_osd
                0x08007a30      0x238 ./Core/flight/mavlink_handler.o
                0x08007a30                mavlink_osd
 .text.mavlink_tx_cpl_callback
                0x08007c68       0x18 ./Core/flight/mavlink_handler.o
                0x08007c68                mavlink_tx_cpl_callback
 .text.HAL_Init
                0x08007c80       0x2c ./Drivers/STM32F1xx_HAL_Driver/Src/stm32f1xx_hal.o
                0x08007c80                HAL_Init
 .text.HAL_IncTick
                0x08007cac       0x24 ./Drivers/STM32F1xx_HAL_Driver/Src/stm32f1xx_hal.o
                0x08007cac                HAL_IncTick
 .text.HAL_GetTick
                0x08007cd0       0x14 ./Drivers/STM32F1xx_HAL_Driver/Src/stm32f1xx_hal.o
                0x08007cd0                HAL_GetTick
 .text.HAL_Delay
                0x08007ce4       0x48 ./Drivers/STM32F1xx_HAL_Driver/Src/stm32f1xx_hal.o
                0x08007ce4                HAL_Delay
 .text.__NVIC_SetPriorityGrouping
                0x08007d2c       0x48 ./Drivers/STM32F1xx_HAL_Driver/Src/stm32f1xx_hal_cortex.o
 .text.__NVIC_GetPriorityGrouping
                0x08007d74       0x1c ./Drivers/STM32F1xx_HAL_Driver/Src/stm32f1xx_hal_cortex.o
 .text.__NVIC_EnableIRQ
                0x08007d90       0x38 ./Drivers/STM32F1xx_HAL_Driver/Src/stm32f1xx_hal_cortex.o
 .text.__NVIC_SetPriority
                0x08007dc8       0x54 ./Drivers/STM32F1xx_HAL_Driver/Src/stm32f1xx_hal_cortex.o
 .text.NVIC_EncodePriority
                0x08007e1c       0x64 ./Drivers/STM32F1xx_HAL_Driver/Src/stm32f1xx_hal_cortex.o
 .text.HAL_NVIC_SetPriorityGrouping
                0x08007e80       0x16 ./Drivers/STM32F1xx_HAL_Driver/Src/stm32f1xx_hal_cortex.o
                0x08007e80                HAL_NVIC_SetPriorityGrouping
 .text.HAL_NVIC_SetPriority
                0x08007e96       0x38 ./Drivers/STM32F1xx_HAL_Driver/Src/stm32f1xx_hal_cortex.o
                0x08007e96                HAL_NVIC_SetPriority
 .text.HAL_NVIC_EnableIRQ
                0x08007ece       0x1c ./Drivers/STM32F1xx_HAL_Driver/Src/stm32f1xx_hal_cortex.o
                0x08007ece                HAL_NVIC_EnableIRQ
 *fill*         0x08007eea        0x2 
 .text.HAL_DMA_Init
                0x08007eec       0xec ./Drivers/STM32F1xx_HAL_Driver/Src/stm32f1xx_hal_dma.o
                0x08007eec                HAL_DMA_Init
 .text.HAL_DMA_Start_IT
                0x08007fd8       0xc0 ./Drivers/STM32F1xx_HAL_Driver/Src/stm32f1xx_hal_dma.o
                0x08007fd8                HAL_DMA_Start_IT
 .text.HAL_DMA_Abort
                0x08008098       0x76 ./Drivers/STM32F1xx_HAL_Driver/Src/stm32f1xx_hal_dma.o
                0x08008098                HAL_DMA_Abort
 *fill*         0x0800810e        0x2 
 .text.HAL_DMA_Abort_IT
                0x08008110      0x210 ./Drivers/STM32F1xx_HAL_Driver/Src/stm32f1xx_hal_dma.o
                0x08008110                HAL_DMA_Abort_IT
 .text.HAL_DMA_IRQHandler
                0x08008320      0x478 ./Drivers/STM32F1xx_HAL_Driver/Src/stm32f1xx_hal_dma.o
                0x08008320                HAL_DMA_IRQHandler
 .text.DMA_SetConfig
                0x08008798       0x5a ./Drivers/STM32F1xx_HAL_Driver/Src/stm32f1xx_hal_dma.o
 *fill*         0x080087f2        0x2 
 .text.HAL_GPIO_Init
                0x080087f4      0x328 ./Drivers/STM32F1xx_HAL_Driver/Src/stm32f1xx_hal_gpio.o
                0x080087f4                HAL_GPIO_Init
 .text.HAL_GPIO_ReadPin
                0x08008b1c       0x2e ./Drivers/STM32F1xx_HAL_Driver/Src/stm32f1xx_hal_gpio.o
                0x08008b1c                HAL_GPIO_ReadPin
 .text.HAL_GPIO_WritePin
                0x08008b4a       0x30 ./Drivers/STM32F1xx_HAL_Driver/Src/stm32f1xx_hal_gpio.o
                0x08008b4a                HAL_GPIO_WritePin
 .text.HAL_GPIO_TogglePin
                0x08008b7a       0x32 ./Drivers/STM32F1xx_HAL_Driver/Src/stm32f1xx_hal_gpio.o
                0x08008b7a                HAL_GPIO_TogglePin
 .text.HAL_I2C_Init
                0x08008bac      0x288 ./Drivers/STM32F1xx_HAL_Driver/Src/stm32f1xx_hal_i2c.o
                0x08008bac                HAL_I2C_Init
 .text.HAL_I2C_Master_Transmit
                0x08008e34      0x1fc ./Drivers/STM32F1xx_HAL_Driver/Src/stm32f1xx_hal_i2c.o
                0x08008e34                HAL_I2C_Master_Transmit
 .text.HAL_I2C_Master_Receive
                0x08009030      0x4d8 ./Drivers/STM32F1xx_HAL_Driver/Src/stm32f1xx_hal_i2c.o
                0x08009030                HAL_I2C_Master_Receive
 .text.HAL_I2C_Mem_Write
                0x08009508      0x1f4 ./Drivers/STM32F1xx_HAL_Driver/Src/stm32f1xx_hal_i2c.o
                0x08009508                HAL_I2C_Mem_Write
 .text.HAL_I2C_Mem_Read
                0x080096fc      0x4d0 ./Drivers/STM32F1xx_HAL_Driver/Src/stm32f1xx_hal_i2c.o
                0x080096fc                HAL_I2C_Mem_Read
 .text.HAL_I2C_IsDeviceReady
                0x08009bcc      0x25c ./Drivers/STM32F1xx_HAL_Driver/Src/stm32f1xx_hal_i2c.o
                0x08009bcc                HAL_I2C_IsDeviceReady
 .text.I2C_MasterRequestWrite
                0x08009e28      0x104 ./Drivers/STM32F1xx_HAL_Driver/Src/stm32f1xx_hal_i2c.o
 .text.I2C_MasterRequestRead
                0x08009f2c      0x19c ./Drivers/STM32F1xx_HAL_Driver/Src/stm32f1xx_hal_i2c.o
 .text.I2C_RequestMemoryWrite
                0x0800a0c8      0x12c ./Drivers/STM32F1xx_HAL_Driver/Src/stm32f1xx_hal_i2c.o
 .text.I2C_RequestMemoryRead
                0x0800a1f4      0x1d0 ./Drivers/STM32F1xx_HAL_Driver/Src/stm32f1xx_hal_i2c.o
 .text.I2C_WaitOnFlagUntilTimeout
                0x0800a3c4       0xf4 ./Drivers/STM32F1xx_HAL_Driver/Src/stm32f1xx_hal_i2c.o
 .text.I2C_WaitOnMasterAddressFlagUntilTimeout
                0x0800a4b8      0x140 ./Drivers/STM32F1xx_HAL_Driver/Src/stm32f1xx_hal_i2c.o
 .text.I2C_WaitOnTXEFlagUntilTimeout
                0x0800a5f8       0x90 ./Drivers/STM32F1xx_HAL_Driver/Src/stm32f1xx_hal_i2c.o
 .text.I2C_WaitOnBTFFlagUntilTimeout
                0x0800a688       0x90 ./Drivers/STM32F1xx_HAL_Driver/Src/stm32f1xx_hal_i2c.o
 .text.I2C_WaitOnRXNEFlagUntilTimeout
                0x0800a718       0xba ./Drivers/STM32F1xx_HAL_Driver/Src/stm32f1xx_hal_i2c.o
 .text.I2C_IsAcknowledgeFailed
                0x0800a7d2       0x5c ./Drivers/STM32F1xx_HAL_Driver/Src/stm32f1xx_hal_i2c.o
 *fill*         0x0800a82e        0x2 
 .text.HAL_RCC_OscConfig
                0x0800a830      0x504 ./Drivers/STM32F1xx_HAL_Driver/Src/stm32f1xx_hal_rcc.o
                0x0800a830                HAL_RCC_OscConfig
 .text.HAL_RCC_ClockConfig
                0x0800ad34      0x1d4 ./Drivers/STM32F1xx_HAL_Driver/Src/stm32f1xx_hal_rcc.o
                0x0800ad34                HAL_RCC_ClockConfig
 .text.HAL_RCC_GetSysClockFreq
                0x0800af08       0xa8 ./Drivers/STM32F1xx_HAL_Driver/Src/stm32f1xx_hal_rcc.o
                0x0800af08                HAL_RCC_GetSysClockFreq
 .text.HAL_RCC_GetHCLKFreq
                0x0800afb0       0x14 ./Drivers/STM32F1xx_HAL_Driver/Src/stm32f1xx_hal_rcc.o
                0x0800afb0                HAL_RCC_GetHCLKFreq
 .text.HAL_RCC_GetPCLK1Freq
                0x0800afc4       0x28 ./Drivers/STM32F1xx_HAL_Driver/Src/stm32f1xx_hal_rcc.o
                0x0800afc4                HAL_RCC_GetPCLK1Freq
 .text.HAL_RCC_GetPCLK2Freq
                0x0800afec       0x28 ./Drivers/STM32F1xx_HAL_Driver/Src/stm32f1xx_hal_rcc.o
                0x0800afec                HAL_RCC_GetPCLK2Freq
 .text.HAL_RCC_GetClockConfig
                0x0800b014       0x60 ./Drivers/STM32F1xx_HAL_Driver/Src/stm32f1xx_hal_rcc.o
                0x0800b014                HAL_RCC_GetClockConfig
 .text.RCC_Delay
                0x0800b074       0x3c ./Drivers/STM32F1xx_HAL_Driver/Src/stm32f1xx_hal_rcc.o
 .text.HAL_SD_Init
                0x0800b0b0       0x60 ./Drivers/STM32F1xx_HAL_Driver/Src/stm32f1xx_hal_sd.o
                0x0800b0b0                HAL_SD_Init
 .text.HAL_SD_InitCard
                0x0800b110      0x100 ./Drivers/STM32F1xx_HAL_Driver/Src/stm32f1xx_hal_sd.o
                0x0800b110                HAL_SD_InitCard
 .text.HAL_SD_ReadBlocks
                0x0800b210      0x3bc ./Drivers/STM32F1xx_HAL_Driver/Src/stm32f1xx_hal_sd.o
                0x0800b210                HAL_SD_ReadBlocks
 .text.HAL_SD_WriteBlocks
                0x0800b5cc      0x30c ./Drivers/STM32F1xx_HAL_Driver/Src/stm32f1xx_hal_sd.o
                0x0800b5cc                HAL_SD_WriteBlocks
 .text.HAL_SD_GetCardCSD
                0x0800b8d8      0x348 ./Drivers/STM32F1xx_HAL_Driver/Src/stm32f1xx_hal_sd.o
                0x0800b8d8                HAL_SD_GetCardCSD
 .text.HAL_SD_GetCardInfo
                0x0800bc20       0x56 ./Drivers/STM32F1xx_HAL_Driver/Src/stm32f1xx_hal_sd.o
                0x0800bc20                HAL_SD_GetCardInfo
 .text.HAL_SD_GetCardState
                0x0800bc76       0x40 ./Drivers/STM32F1xx_HAL_Driver/Src/stm32f1xx_hal_sd.o
                0x0800bc76                HAL_SD_GetCardState
 .text.SD_InitCard
                0x0800bcb6      0x19c ./Drivers/STM32F1xx_HAL_Driver/Src/stm32f1xx_hal_sd.o
 *fill*         0x0800be52        0x2 
 .text.SD_PowerON
                0x0800be54      0x11c ./Drivers/STM32F1xx_HAL_Driver/Src/stm32f1xx_hal_sd.o
 .text.SD_SendStatus
                0x0800bf70       0x50 ./Drivers/STM32F1xx_HAL_Driver/Src/stm32f1xx_hal_sd.o
 .text.HAL_TIM_Base_Init
                0x0800bfc0       0x9e ./Drivers/STM32F1xx_HAL_Driver/Src/stm32f1xx_hal_tim.o
                0x0800bfc0                HAL_TIM_Base_Init
 *fill*         0x0800c05e        0x2 
 .text.HAL_TIM_Base_Start_IT
                0x0800c060       0xc0 ./Drivers/STM32F1xx_HAL_Driver/Src/stm32f1xx_hal_tim.o
                0x0800c060                HAL_TIM_Base_Start_IT
 .text.HAL_TIM_PWM_Init
                0x0800c120       0x9e ./Drivers/STM32F1xx_HAL_Driver/Src/stm32f1xx_hal_tim.o
                0x0800c120                HAL_TIM_PWM_Init
 .text.HAL_TIM_PWM_MspInit
                0x0800c1be       0x12 ./Drivers/STM32F1xx_HAL_Driver/Src/stm32f1xx_hal_tim.o
                0x0800c1be                HAL_TIM_PWM_MspInit
 .text.HAL_TIM_PWM_Start
                0x0800c1d0      0x174 ./Drivers/STM32F1xx_HAL_Driver/Src/stm32f1xx_hal_tim.o
                0x0800c1d0                HAL_TIM_PWM_Start
 .text.HAL_TIM_IRQHandler
                0x0800c344      0x210 ./Drivers/STM32F1xx_HAL_Driver/Src/stm32f1xx_hal_tim.o
                0x0800c344                HAL_TIM_IRQHandler
 .text.HAL_TIM_PWM_ConfigChannel
                0x0800c554      0x184 ./Drivers/STM32F1xx_HAL_Driver/Src/stm32f1xx_hal_tim.o
                0x0800c554                HAL_TIM_PWM_ConfigChannel
 .text.HAL_TIM_ConfigClockSource
                0x0800c6d8      0x18e ./Drivers/STM32F1xx_HAL_Driver/Src/stm32f1xx_hal_tim.o
                0x0800c6d8                HAL_TIM_ConfigClockSource
 .text.HAL_TIM_OC_DelayElapsedCallback
                0x0800c866       0x12 ./Drivers/STM32F1xx_HAL_Driver/Src/stm32f1xx_hal_tim.o
                0x0800c866                HAL_TIM_OC_DelayElapsedCallback
 .text.HAL_TIM_IC_CaptureCallback
                0x0800c878       0x12 ./Drivers/STM32F1xx_HAL_Driver/Src/stm32f1xx_hal_tim.o
                0x0800c878                HAL_TIM_IC_CaptureCallback
 .text.HAL_TIM_PWM_PulseFinishedCallback
                0x0800c88a       0x12 ./Drivers/STM32F1xx_HAL_Driver/Src/stm32f1xx_hal_tim.o
                0x0800c88a                HAL_TIM_PWM_PulseFinishedCallback
 .text.HAL_TIM_TriggerCallback
                0x0800c89c       0x12 ./Drivers/STM32F1xx_HAL_Driver/Src/stm32f1xx_hal_tim.o
                0x0800c89c                HAL_TIM_TriggerCallback
 *fill*         0x0800c8ae        0x2 
 .text.TIM_Base_SetConfig
                0x0800c8b0       0xf4 ./Drivers/STM32F1xx_HAL_Driver/Src/stm32f1xx_hal_tim.o
                0x0800c8b0                TIM_Base_SetConfig
 .text.TIM_OC1_SetConfig
                0x0800c9a4       0xe0 ./Drivers/STM32F1xx_HAL_Driver/Src/stm32f1xx_hal_tim.o
 .text.TIM_OC2_SetConfig
                0x0800ca84       0xe8 ./Drivers/STM32F1xx_HAL_Driver/Src/stm32f1xx_hal_tim.o
                0x0800ca84                TIM_OC2_SetConfig
 .text.TIM_OC3_SetConfig
                0x0800cb6c       0xe8 ./Drivers/STM32F1xx_HAL_Driver/Src/stm32f1xx_hal_tim.o
 .text.TIM_OC4_SetConfig
                0x0800cc54       0xa8 ./Drivers/STM32F1xx_HAL_Driver/Src/stm32f1xx_hal_tim.o
 .text.TIM_TI1_ConfigInputStage
                0x0800ccfc       0x5c ./Drivers/STM32F1xx_HAL_Driver/Src/stm32f1xx_hal_tim.o
 .text.TIM_TI2_ConfigInputStage
                0x0800cd58       0x5e ./Drivers/STM32F1xx_HAL_Driver/Src/stm32f1xx_hal_tim.o
 .text.TIM_ITRx_SetConfig
                0x0800cdb6       0x34 ./Drivers/STM32F1xx_HAL_Driver/Src/stm32f1xx_hal_tim.o
 .text.TIM_ETR_SetConfig
                0x0800cdea       0x3e ./Drivers/STM32F1xx_HAL_Driver/Src/stm32f1xx_hal_tim.o
                0x0800cdea                TIM_ETR_SetConfig
 .text.TIM_CCxChannelCmd
                0x0800ce28       0x48 ./Drivers/STM32F1xx_HAL_Driver/Src/stm32f1xx_hal_tim.o
                0x0800ce28                TIM_CCxChannelCmd
 .text.HAL_TIMEx_MasterConfigSynchronization
                0x0800ce70       0xd8 ./Drivers/STM32F1xx_HAL_Driver/Src/stm32f1xx_hal_tim_ex.o
                0x0800ce70                HAL_TIMEx_MasterConfigSynchronization
 .text.HAL_TIMEx_CommutCallback
                0x0800cf48       0x12 ./Drivers/STM32F1xx_HAL_Driver/Src/stm32f1xx_hal_tim_ex.o
                0x0800cf48                HAL_TIMEx_CommutCallback
 .text.HAL_TIMEx_BreakCallback
                0x0800cf5a       0x12 ./Drivers/STM32F1xx_HAL_Driver/Src/stm32f1xx_hal_tim_ex.o
                0x0800cf5a                HAL_TIMEx_BreakCallback
 .text.HAL_UART_Init
                0x0800cf6c       0xa0 ./Drivers/STM32F1xx_HAL_Driver/Src/stm32f1xx_hal_uart.o
                0x0800cf6c                HAL_UART_Init
 .text.HAL_UART_Transmit
                0x0800d00c      0x106 ./Drivers/STM32F1xx_HAL_Driver/Src/stm32f1xx_hal_uart.o
                0x0800d00c                HAL_UART_Transmit
 .text.HAL_UART_Receive_IT
                0x0800d112       0x4a ./Drivers/STM32F1xx_HAL_Driver/Src/stm32f1xx_hal_uart.o
                0x0800d112                HAL_UART_Receive_IT
 .text.HAL_UART_Transmit_DMA
                0x0800d15c       0xe0 ./Drivers/STM32F1xx_HAL_Driver/Src/stm32f1xx_hal_uart.o
                0x0800d15c                HAL_UART_Transmit_DMA
 .text.HAL_UART_IRQHandler
                0x0800d23c      0x524 ./Drivers/STM32F1xx_HAL_Driver/Src/stm32f1xx_hal_uart.o
                0x0800d23c                HAL_UART_IRQHandler
 .text.HAL_UART_TxHalfCpltCallback
                0x0800d760       0x12 ./Drivers/STM32F1xx_HAL_Driver/Src/stm32f1xx_hal_uart.o
                0x0800d760                HAL_UART_TxHalfCpltCallback
 .text.HAL_UART_ErrorCallback
                0x0800d772       0x12 ./Drivers/STM32F1xx_HAL_Driver/Src/stm32f1xx_hal_uart.o
                0x0800d772                HAL_UART_ErrorCallback
 .text.HAL_UARTEx_RxEventCallback
                0x0800d784       0x16 ./Drivers/STM32F1xx_HAL_Driver/Src/stm32f1xx_hal_uart.o
                0x0800d784                HAL_UARTEx_RxEventCallback
 .text.UART_DMATransmitCplt
                0x0800d79a       0x9a ./Drivers/STM32F1xx_HAL_Driver/Src/stm32f1xx_hal_uart.o
 .text.UART_DMATxHalfCplt
                0x0800d834       0x1c ./Drivers/STM32F1xx_HAL_Driver/Src/stm32f1xx_hal_uart.o
 .text.UART_DMAError
                0x0800d850       0x94 ./Drivers/STM32F1xx_HAL_Driver/Src/stm32f1xx_hal_uart.o
 .text.UART_WaitOnFlagUntilTimeout
                0x0800d8e4       0xdc ./Drivers/STM32F1xx_HAL_Driver/Src/stm32f1xx_hal_uart.o
 .text.UART_Start_Receive_IT
                0x0800d9c0       0x72 ./Drivers/STM32F1xx_HAL_Driver/Src/stm32f1xx_hal_uart.o
                0x0800d9c0                UART_Start_Receive_IT
 .text.UART_EndTxTransfer
                0x0800da32       0x4e ./Drivers/STM32F1xx_HAL_Driver/Src/stm32f1xx_hal_uart.o
 .text.UART_EndRxTransfer
                0x0800da80       0xc4 ./Drivers/STM32F1xx_HAL_Driver/Src/stm32f1xx_hal_uart.o
 .text.UART_DMAAbortOnError
                0x0800db44       0x28 ./Drivers/STM32F1xx_HAL_Driver/Src/stm32f1xx_hal_uart.o
 .text.UART_Transmit_IT
                0x0800db6c       0x9e ./Drivers/STM32F1xx_HAL_Driver/Src/stm32f1xx_hal_uart.o
 .text.UART_EndTransmit_IT
                0x0800dc0a       0x30 ./Drivers/STM32F1xx_HAL_Driver/Src/stm32f1xx_hal_uart.o
 .text.UART_Receive_IT
                0x0800dc3a      0x17c ./Drivers/STM32F1xx_HAL_Driver/Src/stm32f1xx_hal_uart.o
 *fill*         0x0800ddb6        0x2 
 .text.UART_SetConfig
                0x0800ddb8      0x11c ./Drivers/STM32F1xx_HAL_Driver/Src/stm32f1xx_hal_uart.o
 .text.SDIO_Init
                0x0800ded4       0x54 ./Drivers/STM32F1xx_HAL_Driver/Src/stm32f1xx_ll_sdmmc.o
                0x0800ded4                SDIO_Init
 .text.SDIO_ReadFIFO
                0x0800df28       0x18 ./Drivers/STM32F1xx_HAL_Driver/Src/stm32f1xx_ll_sdmmc.o
                0x0800df28                SDIO_ReadFIFO
 .text.SDIO_WriteFIFO
                0x0800df40       0x20 ./Drivers/STM32F1xx_HAL_Driver/Src/stm32f1xx_ll_sdmmc.o
                0x0800df40                SDIO_WriteFIFO
 .text.SDIO_PowerState_ON
                0x0800df60       0x1a ./Drivers/STM32F1xx_HAL_Driver/Src/stm32f1xx_ll_sdmmc.o
                0x0800df60                SDIO_PowerState_ON
 .text.SDIO_GetPowerState
                0x0800df7a       0x1a ./Drivers/STM32F1xx_HAL_Driver/Src/stm32f1xx_ll_sdmmc.o
                0x0800df7a                SDIO_GetPowerState
 .text.SDIO_SendCommand
                0x0800df94       0x52 ./Drivers/STM32F1xx_HAL_Driver/Src/stm32f1xx_ll_sdmmc.o
                0x0800df94                SDIO_SendCommand
 .text.SDIO_GetCommandResponse
                0x0800dfe6       0x18 ./Drivers/STM32F1xx_HAL_Driver/Src/stm32f1xx_ll_sdmmc.o
                0x0800dfe6                SDIO_GetCommandResponse
 .text.SDIO_GetResponse
                0x0800dffe       0x24 ./Drivers/STM32F1xx_HAL_Driver/Src/stm32f1xx_ll_sdmmc.o
                0x0800dffe                SDIO_GetResponse
 .text.SDIO_ConfigData
                0x0800e022       0x56 ./Drivers/STM32F1xx_HAL_Driver/Src/stm32f1xx_ll_sdmmc.o
                0x0800e022                SDIO_ConfigData
 .text.SDMMC_CmdBlockLength
                0x0800e078       0x44 ./Drivers/STM32F1xx_HAL_Driver/Src/stm32f1xx_ll_sdmmc.o
                0x0800e078                SDMMC_CmdBlockLength
 .text.SDMMC_CmdReadSingleBlock
                0x0800e0bc       0x44 ./Drivers/STM32F1xx_HAL_Driver/Src/stm32f1xx_ll_sdmmc.o
                0x0800e0bc                SDMMC_CmdReadSingleBlock
 .text.SDMMC_CmdReadMultiBlock
                0x0800e100       0x44 ./Drivers/STM32F1xx_HAL_Driver/Src/stm32f1xx_ll_sdmmc.o
                0x0800e100                SDMMC_CmdReadMultiBlock
 .text.SDMMC_CmdWriteSingleBlock
                0x0800e144       0x44 ./Drivers/STM32F1xx_HAL_Driver/Src/stm32f1xx_ll_sdmmc.o
                0x0800e144                SDMMC_CmdWriteSingleBlock
 .text.SDMMC_CmdWriteMultiBlock
                0x0800e188       0x44 ./Drivers/STM32F1xx_HAL_Driver/Src/stm32f1xx_ll_sdmmc.o
                0x0800e188                SDMMC_CmdWriteMultiBlock
 .text.SDMMC_CmdStopTransfer
                0x0800e1cc       0x44 ./Drivers/STM32F1xx_HAL_Driver/Src/stm32f1xx_ll_sdmmc.o
                0x0800e1cc                SDMMC_CmdStopTransfer
 .text.SDMMC_CmdSelDesel
                0x0800e210       0x46 ./Drivers/STM32F1xx_HAL_Driver/Src/stm32f1xx_ll_sdmmc.o
                0x0800e210                SDMMC_CmdSelDesel
 .text.SDMMC_CmdGoIdleState
                0x0800e256       0x3c ./Drivers/STM32F1xx_HAL_Driver/Src/stm32f1xx_ll_sdmmc.o
                0x0800e256                SDMMC_CmdGoIdleState
 .text.SDMMC_CmdOperCond
                0x0800e292       0x3e ./Drivers/STM32F1xx_HAL_Driver/Src/stm32f1xx_ll_sdmmc.o
                0x0800e292                SDMMC_CmdOperCond
 .text.SDMMC_CmdAppCommand
                0x0800e2d0       0x44 ./Drivers/STM32F1xx_HAL_Driver/Src/stm32f1xx_ll_sdmmc.o
                0x0800e2d0                SDMMC_CmdAppCommand
 .text.SDMMC_CmdAppOperCommand
                0x0800e314       0x46 ./Drivers/STM32F1xx_HAL_Driver/Src/stm32f1xx_ll_sdmmc.o
                0x0800e314                SDMMC_CmdAppOperCommand
 .text.SDMMC_CmdSendCID
                0x0800e35a       0x3c ./Drivers/STM32F1xx_HAL_Driver/Src/stm32f1xx_ll_sdmmc.o
                0x0800e35a                SDMMC_CmdSendCID
 .text.SDMMC_CmdSendCSD
                0x0800e396       0x3e ./Drivers/STM32F1xx_HAL_Driver/Src/stm32f1xx_ll_sdmmc.o
                0x0800e396                SDMMC_CmdSendCSD
 .text.SDMMC_CmdSetRelAdd
                0x0800e3d4       0x42 ./Drivers/STM32F1xx_HAL_Driver/Src/stm32f1xx_ll_sdmmc.o
                0x0800e3d4                SDMMC_CmdSetRelAdd
 .text.SDMMC_CmdSendStatus
                0x0800e416       0x44 ./Drivers/STM32F1xx_HAL_Driver/Src/stm32f1xx_ll_sdmmc.o
                0x0800e416                SDMMC_CmdSendStatus
 *fill*         0x0800e45a        0x2 
 .text.SDMMC_GetCmdResp1
                0x0800e45c      0x1dc ./Drivers/STM32F1xx_HAL_Driver/Src/stm32f1xx_ll_sdmmc.o
                0x0800e45c                SDMMC_GetCmdResp1
 .text.SDMMC_GetCmdResp2
                0x0800e638       0x90 ./Drivers/STM32F1xx_HAL_Driver/Src/stm32f1xx_ll_sdmmc.o
                0x0800e638                SDMMC_GetCmdResp2
 .text.SDMMC_GetCmdResp3
                0x0800e6c8       0x78 ./Drivers/STM32F1xx_HAL_Driver/Src/stm32f1xx_ll_sdmmc.o
                0x0800e6c8                SDMMC_GetCmdResp3
 .text.SDMMC_GetCmdResp6
                0x0800e740       0xec ./Drivers/STM32F1xx_HAL_Driver/Src/stm32f1xx_ll_sdmmc.o
                0x0800e740                SDMMC_GetCmdResp6
 .text.SDMMC_GetCmdResp7
                0x0800e82c       0x9c ./Drivers/STM32F1xx_HAL_Driver/Src/stm32f1xx_ll_sdmmc.o
                0x0800e82c                SDMMC_GetCmdResp7
 .text.SDMMC_GetCmdError
                0x0800e8c8       0x54 ./Drivers/STM32F1xx_HAL_Driver/Src/stm32f1xx_ll_sdmmc.o
 .text.MX_FATFS_Init
                0x0800e91c       0x24 ./FATFS/App/fatfs.o
                0x0800e91c                MX_FATFS_Init
 .text.get_fattime
                0x0800e940        0xe ./FATFS/App/fatfs.o
                0x0800e940                get_fattime
 *fill*         0x0800e94e        0x2 
 .text.BSP_SD_Init
                0x0800e950       0x30 ./FATFS/Target/bsp_driver_sd.o
                0x0800e950                BSP_SD_Init
 .text.BSP_SD_ReadBlocks
                0x0800e980       0x3c ./FATFS/Target/bsp_driver_sd.o
                0x0800e980                BSP_SD_ReadBlocks
 .text.BSP_SD_WriteBlocks
                0x0800e9bc       0x3c ./FATFS/Target/bsp_driver_sd.o
                0x0800e9bc                BSP_SD_WriteBlocks
 .text.BSP_SD_GetCardState
                0x0800e9f8       0x20 ./FATFS/Target/bsp_driver_sd.o
                0x0800e9f8                BSP_SD_GetCardState
 .text.BSP_SD_GetCardInfo
                0x0800ea18       0x1c ./FATFS/Target/bsp_driver_sd.o
                0x0800ea18                BSP_SD_GetCardInfo
 .text.BSP_SD_IsDetected
                0x0800ea34       0x18 ./FATFS/Target/bsp_driver_sd.o
                0x0800ea34                BSP_SD_IsDetected
 .text.disk_status
                0x0800ea4c       0x34 ./Middlewares/Third_Party/FatFs/src/diskio.o
                0x0800ea4c                disk_status
 .text.disk_initialize
                0x0800ea80       0x4c ./Middlewares/Third_Party/FatFs/src/diskio.o
                0x0800ea80                disk_initialize
 .text.disk_read
                0x0800eacc       0x40 ./Middlewares/Third_Party/FatFs/src/diskio.o
                0x0800eacc                disk_read
 .text.disk_write
                0x0800eb0c       0x40 ./Middlewares/Third_Party/FatFs/src/diskio.o
                0x0800eb0c                disk_write
 .text.disk_ioctl
                0x0800eb4c       0x3c ./Middlewares/Third_Party/FatFs/src/diskio.o
                0x0800eb4c                disk_ioctl
 .text.mem_cpy  0x0800eb88       0x3c ./Middlewares/Third_Party/FatFs/src/ff.o
 .text.mem_set  0x0800ebc4       0x34 ./Middlewares/Third_Party/FatFs/src/ff.o
 .text.mem_cmp  0x0800ebf8       0x4c ./Middlewares/Third_Party/FatFs/src/ff.o
 .text.chk_chr  0x0800ec44       0x34 ./Middlewares/Third_Party/FatFs/src/ff.o
 .text.lock_fs  0x0800ec78       0x1e ./Middlewares/Third_Party/FatFs/src/ff.o
 .text.unlock_fs
                0x0800ec96       0x3e ./Middlewares/Third_Party/FatFs/src/ff.o
 .text.chk_lock
                0x0800ecd4       0xd8 ./Middlewares/Third_Party/FatFs/src/ff.o
 .text.enq_lock
                0x0800edac       0x48 ./Middlewares/Third_Party/FatFs/src/ff.o
 .text.inc_lock
                0x0800edf4      0x16c ./Middlewares/Third_Party/FatFs/src/ff.o
 .text.clear_lock
                0x0800ef60       0x54 ./Middlewares/Third_Party/FatFs/src/ff.o
 .text.sync_window
                0x0800efb4       0x92 ./Middlewares/Third_Party/FatFs/src/ff.o
 .text.move_window
                0x0800f046       0x5c ./Middlewares/Third_Party/FatFs/src/ff.o
 .text.sync_fs  0x0800f0a2      0x15a ./Middlewares/Third_Party/FatFs/src/ff.o
 .text.clust2sect
                0x0800f1fc       0x42 ./Middlewares/Third_Party/FatFs/src/ff.o
                0x0800f1fc                clust2sect
 .text.get_fat  0x0800f23e      0x172 ./Middlewares/Third_Party/FatFs/src/ff.o
                0x0800f23e                get_fat
 .text.put_fat  0x0800f3b0      0x21c ./Middlewares/Third_Party/FatFs/src/ff.o
                0x0800f3b0                put_fat
 .text.remove_chain
                0x0800f5cc       0xb4 ./Middlewares/Third_Party/FatFs/src/ff.o
 .text.create_chain
                0x0800f680      0x13a ./Middlewares/Third_Party/FatFs/src/ff.o
 .text.clmt_clust
                0x0800f7ba       0x68 ./Middlewares/Third_Party/FatFs/src/ff.o
 .text.dir_sdi  0x0800f822      0x128 ./Middlewares/Third_Party/FatFs/src/ff.o
 .text.dir_next
                0x0800f94a      0x1ee ./Middlewares/Third_Party/FatFs/src/ff.o
 .text.dir_alloc
                0x0800fb38       0x94 ./Middlewares/Third_Party/FatFs/src/ff.o
 .text.ld_clust
                0x0800fbcc       0x5a ./Middlewares/Third_Party/FatFs/src/ff.o
 .text.st_clust
                0x0800fc26       0x4c ./Middlewares/Third_Party/FatFs/src/ff.o
 *fill*         0x0800fc72        0x2 
 .text.cmp_lfn  0x0800fc74       0xdc ./Middlewares/Third_Party/FatFs/src/ff.o
 .text.fit_lfn  0x0800fd50       0xe8 ./Middlewares/Third_Party/FatFs/src/ff.o
 .text.gen_numname
                0x0800fe38      0x11c ./Middlewares/Third_Party/FatFs/src/ff.o
 .text.sum_sfn  0x0800ff54       0x40 ./Middlewares/Third_Party/FatFs/src/ff.o
 .text.dir_find
                0x0800ff94      0x180 ./Middlewares/Third_Party/FatFs/src/ff.o
 .text.dir_register
                0x08010114      0x21c ./Middlewares/Third_Party/FatFs/src/ff.o
 .text.create_name
                0x08010330      0x370 ./Middlewares/Third_Party/FatFs/src/ff.o
 .text.follow_path
                0x080106a0       0xdc ./Middlewares/Third_Party/FatFs/src/ff.o
 .text.get_ldnumber
                0x0801077c       0x86 ./Middlewares/Third_Party/FatFs/src/ff.o
 *fill*         0x08010802        0x2 
 .text.check_fs
                0x08010804       0xd4 ./Middlewares/Third_Party/FatFs/src/ff.o
 .text.find_volume
                0x080108d8      0x5a0 ./Middlewares/Third_Party/FatFs/src/ff.o
 .text.validate
                0x08010e78       0x7c ./Middlewares/Third_Party/FatFs/src/ff.o
 .text.f_mount  0x08010ef4       0xd0 ./Middlewares/Third_Party/FatFs/src/ff.o
                0x08010ef4                f_mount
 .text.f_open   0x08010fc4      0x512 ./Middlewares/Third_Party/FatFs/src/ff.o
                0x08010fc4                f_open
 .text.f_write  0x080114d6      0x3ee ./Middlewares/Third_Party/FatFs/src/ff.o
                0x080114d6                f_write
 .text.f_sync   0x080118c4      0x192 ./Middlewares/Third_Party/FatFs/src/ff.o
                0x080118c4                f_sync
 .text.f_lseek  0x08011a56      0x59e ./Middlewares/Third_Party/FatFs/src/ff.o
                0x08011a56                f_lseek
 .text.putc_bfd
                0x08011ff4       0x7a ./Middlewares/Third_Party/FatFs/src/ff.o
 .text.f_puts   0x0801206e       0x72 ./Middlewares/Third_Party/FatFs/src/ff.o
                0x0801206e                f_puts
 .text.FATFS_LinkDriverEx
                0x080120e0       0x94 ./Middlewares/Third_Party/FatFs/src/ff_gen_drv.o
                0x080120e0                FATFS_LinkDriverEx
 .text.FATFS_LinkDriver
                0x08012174       0x1e ./Middlewares/Third_Party/FatFs/src/ff_gen_drv.o
                0x08012174                FATFS_LinkDriver
 *fill*         0x08012192        0x2 
 .text.SD_initialize
                0x08012194       0x3c ./Middlewares/Third_Party/FatFs/src/drivers/sd_diskio.o
                0x08012194                SD_initialize
 .text.SD_status
                0x080121d0       0x3c ./Middlewares/Third_Party/FatFs/src/drivers/sd_diskio.o
                0x080121d0                SD_status
 .text.SD_read  0x0801220c       0x5c ./Middlewares/Third_Party/FatFs/src/drivers/sd_diskio.o
                0x0801220c                SD_read
 .text.SD_write
                0x08012268       0x5c ./Middlewares/Third_Party/FatFs/src/drivers/sd_diskio.o
                0x08012268                SD_write
 .text.SD_ioctl
                0x080122c4       0xac ./Middlewares/Third_Party/FatFs/src/drivers/sd_diskio.o
                0x080122c4                SD_ioctl
 .text.ff_convert
                0x08012370       0x74 ./Middlewares/Third_Party/FatFs/src/option/ccsbcs.o
                0x08012370                ff_convert
 .text.ff_wtoupper
                0x080123e4       0x5c ./Middlewares/Third_Party/FatFs/src/option/ccsbcs.o
                0x080123e4                ff_wtoupper
 .text.ff_cre_syncobj
                0x08012440       0x40 ./Middlewares/Third_Party/FatFs/src/option/syscall.o
                0x08012440                ff_cre_syncobj
 .text.ff_del_syncobj
                0x08012480       0x18 ./Middlewares/Third_Party/FatFs/src/option/syscall.o
                0x08012480                ff_del_syncobj
 .text.ff_req_grant
                0x08012498       0x2a ./Middlewares/Third_Party/FatFs/src/option/syscall.o
                0x08012498                ff_req_grant
 .text.ff_rel_grant
                0x080124c2       0x16 ./Middlewares/Third_Party/FatFs/src/option/syscall.o
                0x080124c2                ff_rel_grant
 .text.makeFreeRtosPriority
                0x080124d8       0x2e ./Middlewares/Third_Party/FreeRTOS/Source/CMSIS_RTOS/cmsis_os.o
 .text.inHandlerMode
                0x08012506       0x22 ./Middlewares/Third_Party/FreeRTOS/Source/CMSIS_RTOS/cmsis_os.o
 .text.osKernelStart
                0x08012528        0xe ./Middlewares/Third_Party/FreeRTOS/Source/CMSIS_RTOS/cmsis_os.o
                0x08012528                osKernelStart
 .text.osThreadCreate
                0x08012536       0x98 ./Middlewares/Third_Party/FreeRTOS/Source/CMSIS_RTOS/cmsis_os.o
                0x08012536                osThreadCreate
 .text.osDelay  0x080125ce       0x28 ./Middlewares/Third_Party/FreeRTOS/Source/CMSIS_RTOS/cmsis_os.o
                0x080125ce                osDelay
 .text.osSemaphoreCreate
                0x080125f6       0x64 ./Middlewares/Third_Party/FreeRTOS/Source/CMSIS_RTOS/cmsis_os.o
                0x080125f6                osSemaphoreCreate
 *fill*         0x0801265a        0x2 
 .text.osSemaphoreWait
                0x0801265c       0x9c ./Middlewares/Third_Party/FreeRTOS/Source/CMSIS_RTOS/cmsis_os.o
                0x0801265c                osSemaphoreWait
 .text.osSemaphoreRelease
                0x080126f8       0x6c ./Middlewares/Third_Party/FreeRTOS/Source/CMSIS_RTOS/cmsis_os.o
                0x080126f8                osSemaphoreRelease
 .text.osSemaphoreDelete
                0x08012764       0x26 ./Middlewares/Third_Party/FreeRTOS/Source/CMSIS_RTOS/cmsis_os.o
                0x08012764                osSemaphoreDelete
 .text.vListInitialise
                0x0801278a       0x3e ./Middlewares/Third_Party/FreeRTOS/Source/list.o
                0x0801278a                vListInitialise
 .text.vListInitialiseItem
                0x080127c8       0x18 ./Middlewares/Third_Party/FreeRTOS/Source/list.o
                0x080127c8                vListInitialiseItem
 .text.vListInsertEnd
                0x080127e0       0x46 ./Middlewares/Third_Party/FreeRTOS/Source/list.o
                0x080127e0                vListInsertEnd
 .text.vListInsert
                0x08012826       0x70 ./Middlewares/Third_Party/FreeRTOS/Source/list.o
                0x08012826                vListInsert
 .text.uxListRemove
                0x08012896       0x52 ./Middlewares/Third_Party/FreeRTOS/Source/list.o
                0x08012896                uxListRemove
 .text.xQueueGenericReset
                0x080128e8       0xd4 ./Middlewares/Third_Party/FreeRTOS/Source/queue.o
                0x080128e8                xQueueGenericReset
 .text.xQueueGenericCreateStatic
                0x080129bc       0xf8 ./Middlewares/Third_Party/FreeRTOS/Source/queue.o
                0x080129bc                xQueueGenericCreateStatic
 .text.xQueueGenericCreate
                0x08012ab4       0x7e ./Middlewares/Third_Party/FreeRTOS/Source/queue.o
                0x08012ab4                xQueueGenericCreate
 .text.prvInitialiseNewQueue
                0x08012b32       0x3e ./Middlewares/Third_Party/FreeRTOS/Source/queue.o
 .text.xQueueGenericSend
                0x08012b70      0x204 ./Middlewares/Third_Party/FreeRTOS/Source/queue.o
                0x08012b70                xQueueGenericSend
 .text.xQueueGiveFromISR
                0x08012d74      0x120 ./Middlewares/Third_Party/FreeRTOS/Source/queue.o
                0x08012d74                xQueueGiveFromISR
 .text.xQueueSemaphoreTake
                0x08012e94      0x220 ./Middlewares/Third_Party/FreeRTOS/Source/queue.o
                0x08012e94                xQueueSemaphoreTake
 .text.xQueueReceiveFromISR
                0x080130b4      0x104 ./Middlewares/Third_Party/FreeRTOS/Source/queue.o
                0x080130b4                xQueueReceiveFromISR
 .text.vQueueDelete
                0x080131b8       0x48 ./Middlewares/Third_Party/FreeRTOS/Source/queue.o
                0x080131b8                vQueueDelete
 .text.prvGetDisinheritPriorityAfterTimeout
                0x08013200       0x2e ./Middlewares/Third_Party/FreeRTOS/Source/queue.o
 .text.prvCopyDataToQueue
                0x0801322e       0xd4 ./Middlewares/Third_Party/FreeRTOS/Source/queue.o
 .text.prvCopyDataFromQueue
                0x08013302       0x4c ./Middlewares/Third_Party/FreeRTOS/Source/queue.o
 .text.prvUnlockQueue
                0x0801334e       0xa4 ./Middlewares/Third_Party/FreeRTOS/Source/queue.o
 .text.prvIsQueueEmpty
                0x080133f2       0x2c ./Middlewares/Third_Party/FreeRTOS/Source/queue.o
 .text.prvIsQueueFull
                0x0801341e       0x30 ./Middlewares/Third_Party/FreeRTOS/Source/queue.o
 *fill*         0x0801344e        0x2 
 .text.vQueueUnregisterQueue
                0x08013450       0x54 ./Middlewares/Third_Party/FreeRTOS/Source/queue.o
                0x08013450                vQueueUnregisterQueue
 .text.xTaskCreateStatic
                0x080134a4       0xbe ./Middlewares/Third_Party/FreeRTOS/Source/tasks.o
                0x080134a4                xTaskCreateStatic
 .text.xTaskCreate
                0x08013562       0x8a ./Middlewares/Third_Party/FreeRTOS/Source/tasks.o
                0x08013562                xTaskCreate
 .text.prvInitialiseNewTask
                0x080135ec      0x110 ./Middlewares/Third_Party/FreeRTOS/Source/tasks.o
 .text.prvAddNewTaskToReadyList
                0x080136fc       0xd4 ./Middlewares/Third_Party/FreeRTOS/Source/tasks.o
 .text.vTaskDelayUntil
                0x080137d0      0x100 ./Middlewares/Third_Party/FreeRTOS/Source/tasks.o
                0x080137d0                vTaskDelayUntil
 .text.vTaskDelay
                0x080138d0       0x6c ./Middlewares/Third_Party/FreeRTOS/Source/tasks.o
                0x080138d0                vTaskDelay
 .text.vTaskSuspend
                0x0801393c      0x128 ./Middlewares/Third_Party/FreeRTOS/Source/tasks.o
                0x0801393c                vTaskSuspend
 .text.prvTaskIsTaskSuspended
                0x08013a64       0x78 ./Middlewares/Third_Party/FreeRTOS/Source/tasks.o
 .text.vTaskResume
                0x08013adc       0xbc ./Middlewares/Third_Party/FreeRTOS/Source/tasks.o
                0x08013adc                vTaskResume
 .text.vTaskStartScheduler
                0x08013b98       0xc4 ./Middlewares/Third_Party/FreeRTOS/Source/tasks.o
                0x08013b98                vTaskStartScheduler
 .text.vTaskSuspendAll
                0x08013c5c       0x1c ./Middlewares/Third_Party/FreeRTOS/Source/tasks.o
                0x08013c5c                vTaskSuspendAll
 .text.xTaskResumeAll
                0x08013c78      0x13c ./Middlewares/Third_Party/FreeRTOS/Source/tasks.o
                0x08013c78                xTaskResumeAll
 .text.xTaskGetTickCount
                0x08013db4       0x1c ./Middlewares/Third_Party/FreeRTOS/Source/tasks.o
                0x08013db4                xTaskGetTickCount
 .text.xTaskIncrementTick
                0x08013dd0      0x17c ./Middlewares/Third_Party/FreeRTOS/Source/tasks.o
                0x08013dd0                xTaskIncrementTick
 .text.vTaskSwitchContext
                0x08013f4c       0xb8 ./Middlewares/Third_Party/FreeRTOS/Source/tasks.o
                0x08013f4c                vTaskSwitchContext
 .text.vTaskPlaceOnEventList
                0x08014004       0x4c ./Middlewares/Third_Party/FreeRTOS/Source/tasks.o
                0x08014004                vTaskPlaceOnEventList
 .text.xTaskRemoveFromEventList
                0x08014050       0xc8 ./Middlewares/Third_Party/FreeRTOS/Source/tasks.o
                0x08014050                xTaskRemoveFromEventList
 .text.vTaskInternalSetTimeOutState
                0x08014118       0x2c ./Middlewares/Third_Party/FreeRTOS/Source/tasks.o
                0x08014118                vTaskInternalSetTimeOutState
 .text.xTaskCheckForTimeOut
                0x08014144       0xc8 ./Middlewares/Third_Party/FreeRTOS/Source/tasks.o
                0x08014144                xTaskCheckForTimeOut
 .text.vTaskMissedYield
                0x0801420c       0x18 ./Middlewares/Third_Party/FreeRTOS/Source/tasks.o
                0x0801420c                vTaskMissedYield
 .text.prvIdleTask
                0x08014224       0x30 ./Middlewares/Third_Party/FreeRTOS/Source/tasks.o
 .text.prvInitialiseTaskLists
                0x08014254       0x80 ./Middlewares/Third_Party/FreeRTOS/Source/tasks.o
 .text.prvCheckTasksWaitingTermination
                0x080142d4       0x5c ./Middlewares/Third_Party/FreeRTOS/Source/tasks.o
 .text.prvDeleteTCB
                0x08014330       0x60 ./Middlewares/Third_Party/FreeRTOS/Source/tasks.o
 .text.prvResetNextTaskUnblockTime
                0x08014390       0x48 ./Middlewares/Third_Party/FreeRTOS/Source/tasks.o
 .text.xTaskGetSchedulerState
                0x080143d8       0x3c ./Middlewares/Third_Party/FreeRTOS/Source/tasks.o
                0x080143d8                xTaskGetSchedulerState
 .text.xTaskPriorityInherit
                0x08014414      0x10c ./Middlewares/Third_Party/FreeRTOS/Source/tasks.o
                0x08014414                xTaskPriorityInherit
 .text.xTaskPriorityDisinherit
                0x08014520      0x110 ./Middlewares/Third_Party/FreeRTOS/Source/tasks.o
                0x08014520                xTaskPriorityDisinherit
 .text.vTaskPriorityDisinheritAfterTimeout
                0x08014630      0x144 ./Middlewares/Third_Party/FreeRTOS/Source/tasks.o
                0x08014630                vTaskPriorityDisinheritAfterTimeout
 .text.pvTaskIncrementMutexHeldCount
                0x08014774       0x28 ./Middlewares/Third_Party/FreeRTOS/Source/tasks.o
                0x08014774                pvTaskIncrementMutexHeldCount
 .text.prvAddCurrentTaskToDelayedList
                0x0801479c       0xcc ./Middlewares/Third_Party/FreeRTOS/Source/tasks.o
 .text.pxPortInitialiseStack
                0x08014868       0x58 ./Middlewares/Third_Party/FreeRTOS/Source/portable/GCC/ARM_CM3/port.o
                0x08014868                pxPortInitialiseStack
 .text.prvTaskExitError
                0x080148c0       0x58 ./Middlewares/Third_Party/FreeRTOS/Source/portable/GCC/ARM_CM3/port.o
 *fill*         0x08014918        0x8 
 .text.SVC_Handler
                0x08014920       0x28 ./Middlewares/Third_Party/FreeRTOS/Source/portable/GCC/ARM_CM3/port.o
                0x08014920                SVC_Handler
 .text.prvPortStartFirstTask
                0x08014948       0x20 ./Middlewares/Third_Party/FreeRTOS/Source/portable/GCC/ARM_CM3/port.o
 .text.xPortStartScheduler
                0x08014968       0xe4 ./Middlewares/Third_Party/FreeRTOS/Source/portable/GCC/ARM_CM3/port.o
                0x08014968                xPortStartScheduler
 .text.vPortEnterCritical
                0x08014a4c       0x60 ./Middlewares/Third_Party/FreeRTOS/Source/portable/GCC/ARM_CM3/port.o
                0x08014a4c                vPortEnterCritical
 .text.vPortExitCritical
                0x08014aac       0x54 ./Middlewares/Third_Party/FreeRTOS/Source/portable/GCC/ARM_CM3/port.o
                0x08014aac                vPortExitCritical
 .text.PendSV_Handler
                0x08014b00       0x48 ./Middlewares/Third_Party/FreeRTOS/Source/portable/GCC/ARM_CM3/port.o
                0x08014b00                PendSV_Handler
 .text.SysTick_Handler
                0x08014b48       0x44 ./Middlewares/Third_Party/FreeRTOS/Source/portable/GCC/ARM_CM3/port.o
                0x08014b48                SysTick_Handler
 .text.vPortSetupTimerInterrupt
                0x08014b8c       0x44 ./Middlewares/Third_Party/FreeRTOS/Source/portable/GCC/ARM_CM3/port.o
                0x08014b8c                vPortSetupTimerInterrupt
 .text.vPortValidateInterruptPriority
                0x08014bd0       0x80 ./Middlewares/Third_Party/FreeRTOS/Source/portable/GCC/ARM_CM3/port.o
                0x08014bd0                vPortValidateInterruptPriority
 .text.pvPortMalloc
                0x08014c50      0x190 ./Middlewares/Third_Party/FreeRTOS/Source/portable/MemMang/heap_4.o
                0x08014c50                pvPortMalloc
 .text.vPortFree
                0x08014de0       0xb8 ./Middlewares/Third_Party/FreeRTOS/Source/portable/MemMang/heap_4.o
                0x08014de0                vPortFree
 .text.prvHeapInit
                0x08014e98       0xc4 ./Middlewares/Third_Party/FreeRTOS/Source/portable/MemMang/heap_4.o
 .text.prvInsertBlockIntoFreeList
                0x08014f5c       0xb0 ./Middlewares/Third_Party/FreeRTOS/Source/portable/MemMang/heap_4.o
 .text.calloc   0x0801500c       0x10 C:/ST/STM32CubeIDE_1.15.1/STM32CubeIDE/plugins/com.st.stm32cube.ide.mcu.externaltools.gnu-tools-for-stm32.12.3.rel1.win32_1.0.100.202403111256/tools/bin/../lib/gcc/arm-none-eabi/12.3.1/../../../../arm-none-eabi/lib/thumb/v7-m/nofp\libc_nano.a(libc_a-calloc.o)
                0x0801500c                calloc
 .text._calloc_r
                0x0801501c       0x28 C:/ST/STM32CubeIDE_1.15.1/STM32CubeIDE/plugins/com.st.stm32cube.ide.mcu.externaltools.gnu-tools-for-stm32.12.3.rel1.win32_1.0.100.202403111256/tools/bin/../lib/gcc/arm-none-eabi/12.3.1/../../../../arm-none-eabi/lib/thumb/v7-m/nofp\libc_nano.a(libc_a-callocr.o)
                0x0801501c                _calloc_r
 .text.sbrk_aligned
                0x08015044       0x44 C:/ST/STM32CubeIDE_1.15.1/STM32CubeIDE/plugins/com.st.stm32cube.ide.mcu.externaltools.gnu-tools-for-stm32.12.3.rel1.win32_1.0.100.202403111256/tools/bin/../lib/gcc/arm-none-eabi/12.3.1/../../../../arm-none-eabi/lib/thumb/v7-m/nofp\libc_nano.a(libc_a-mallocr.o)
 .text._malloc_r
                0x08015088      0x100 C:/ST/STM32CubeIDE_1.15.1/STM32CubeIDE/plugins/com.st.stm32cube.ide.mcu.externaltools.gnu-tools-for-stm32.12.3.rel1.win32_1.0.100.202403111256/tools/bin/../lib/gcc/arm-none-eabi/12.3.1/../../../../arm-none-eabi/lib/thumb/v7-m/nofp\libc_nano.a(libc_a-mallocr.o)
                0x08015088                _malloc_r
 .text.__malloc_lock
                0x08015188        0xc C:/ST/STM32CubeIDE_1.15.1/STM32CubeIDE/plugins/com.st.stm32cube.ide.mcu.externaltools.gnu-tools-for-stm32.12.3.rel1.win32_1.0.100.202403111256/tools/bin/../lib/gcc/arm-none-eabi/12.3.1/../../../../arm-none-eabi/lib/thumb/v7-m/nofp\libc_nano.a(libc_a-mlock.o)
                0x08015188                __malloc_lock
 .text.__malloc_unlock
                0x08015194        0xc C:/ST/STM32CubeIDE_1.15.1/STM32CubeIDE/plugins/com.st.stm32cube.ide.mcu.externaltools.gnu-tools-for-stm32.12.3.rel1.win32_1.0.100.202403111256/tools/bin/../lib/gcc/arm-none-eabi/12.3.1/../../../../arm-none-eabi/lib/thumb/v7-m/nofp\libc_nano.a(libc_a-mlock.o)
                0x08015194                __malloc_unlock
 .text.memset   0x080151a0       0x10 C:/ST/STM32CubeIDE_1.15.1/STM32CubeIDE/plugins/com.st.stm32cube.ide.mcu.externaltools.gnu-tools-for-stm32.12.3.rel1.win32_1.0.100.202403111256/tools/bin/../lib/gcc/arm-none-eabi/12.3.1/../../../../arm-none-eabi/lib/thumb/v7-m/nofp\libc_nano.a(libc_a-memset.o)
                0x080151a0                memset
 .text._sbrk_r  0x080151b0       0x20 C:/ST/STM32CubeIDE_1.15.1/STM32CubeIDE/plugins/com.st.stm32cube.ide.mcu.externaltools.gnu-tools-for-stm32.12.3.rel1.win32_1.0.100.202403111256/tools/bin/../lib/gcc/arm-none-eabi/12.3.1/../../../../arm-none-eabi/lib/thumb/v7-m/nofp\libc_nano.a(libc_a-sbrkr.o)
                0x080151b0                _sbrk_r
 .text.__errno  0x080151d0        0xc C:/ST/STM32CubeIDE_1.15.1/STM32CubeIDE/plugins/com.st.stm32cube.ide.mcu.externaltools.gnu-tools-for-stm32.12.3.rel1.win32_1.0.100.202403111256/tools/bin/../lib/gcc/arm-none-eabi/12.3.1/../../../../arm-none-eabi/lib/thumb/v7-m/nofp\libc_nano.a(libc_a-errno.o)
                0x080151d0                __errno
 .text.__libc_init_array
                0x080151dc       0x48 C:/ST/STM32CubeIDE_1.15.1/STM32CubeIDE/plugins/com.st.stm32cube.ide.mcu.externaltools.gnu-tools-for-stm32.12.3.rel1.win32_1.0.100.202403111256/tools/bin/../lib/gcc/arm-none-eabi/12.3.1/../../../../arm-none-eabi/lib/thumb/v7-m/nofp\libc_nano.a(libc_a-init.o)
                0x080151dc                __libc_init_array
 .text.__retarget_lock_acquire_recursive
                0x08015224        0x2 C:/ST/STM32CubeIDE_1.15.1/STM32CubeIDE/plugins/com.st.stm32cube.ide.mcu.externaltools.gnu-tools-for-stm32.12.3.rel1.win32_1.0.100.202403111256/tools/bin/../lib/gcc/arm-none-eabi/12.3.1/../../../../arm-none-eabi/lib/thumb/v7-m/nofp\libc_nano.a(libc_a-lock.o)
                0x08015224                __retarget_lock_acquire_recursive
 .text.__retarget_lock_release_recursive
                0x08015226        0x2 C:/ST/STM32CubeIDE_1.15.1/STM32CubeIDE/plugins/com.st.stm32cube.ide.mcu.externaltools.gnu-tools-for-stm32.12.3.rel1.win32_1.0.100.202403111256/tools/bin/../lib/gcc/arm-none-eabi/12.3.1/../../../../arm-none-eabi/lib/thumb/v7-m/nofp\libc_nano.a(libc_a-lock.o)
                0x08015226                __retarget_lock_release_recursive
 .text.memcpy   0x08015228       0x1c C:/ST/STM32CubeIDE_1.15.1/STM32CubeIDE/plugins/com.st.stm32cube.ide.mcu.externaltools.gnu-tools-for-stm32.12.3.rel1.win32_1.0.100.202403111256/tools/bin/../lib/gcc/arm-none-eabi/12.3.1/../../../../arm-none-eabi/lib/thumb/v7-m/nofp\libc_nano.a(libc_a-memcpy-stub.o)
                0x08015228                memcpy
 .text.sqrt     0x08015244       0x48 C:/ST/STM32CubeIDE_1.15.1/STM32CubeIDE/plugins/com.st.stm32cube.ide.mcu.externaltools.gnu-tools-for-stm32.12.3.rel1.win32_1.0.100.202403111256/tools/bin/../lib/gcc/arm-none-eabi/12.3.1/../../../../arm-none-eabi/lib/thumb/v7-m/nofp\libm.a(libm_a-w_sqrt.o)
                0x08015244                sqrt
 .text.powf     0x0801528c       0x9a C:/ST/STM32CubeIDE_1.15.1/STM32CubeIDE/plugins/com.st.stm32cube.ide.mcu.externaltools.gnu-tools-for-stm32.12.3.rel1.win32_1.0.100.202403111256/tools/bin/../lib/gcc/arm-none-eabi/12.3.1/../../../../arm-none-eabi/lib/thumb/v7-m/nofp\libm.a(libm_a-wf_pow.o)
                0x0801528c                powf
 .text.sqrtf    0x08015326       0x34 C:/ST/STM32CubeIDE_1.15.1/STM32CubeIDE/plugins/com.st.stm32cube.ide.mcu.externaltools.gnu-tools-for-stm32.12.3.rel1.win32_1.0.100.202403111256/tools/bin/../lib/gcc/arm-none-eabi/12.3.1/../../../../arm-none-eabi/lib/thumb/v7-m/nofp\libm.a(libm_a-wf_sqrt.o)
                0x08015326                sqrtf
 .text.finitef  0x0801535a       0x10 C:/ST/STM32CubeIDE_1.15.1/STM32CubeIDE/plugins/com.st.stm32cube.ide.mcu.externaltools.gnu-tools-for-stm32.12.3.rel1.win32_1.0.100.202403111256/tools/bin/../lib/gcc/arm-none-eabi/12.3.1/../../../../arm-none-eabi/lib/thumb/v7-m/nofp\libm.a(libm_a-sf_finite.o)
                0x0801535a                finitef
 *fill*         0x0801536a        0x2 
 .text.__ieee754_sqrt
                0x0801536c      0x1ac C:/ST/STM32CubeIDE_1.15.1/STM32CubeIDE/plugins/com.st.stm32cube.ide.mcu.externaltools.gnu-tools-for-stm32.12.3.rel1.win32_1.0.100.202403111256/tools/bin/../lib/gcc/arm-none-eabi/12.3.1/../../../../arm-none-eabi/lib/thumb/v7-m/nofp\libm.a(libm_a-e_sqrt.o)
                0x0801536c                __ieee754_sqrt
 .text.__ieee754_sqrtf
                0x08015518       0xe0 C:/ST/STM32CubeIDE_1.15.1/STM32CubeIDE/plugins/com.st.stm32cube.ide.mcu.externaltools.gnu-tools-for-stm32.12.3.rel1.win32_1.0.100.202403111256/tools/bin/../lib/gcc/arm-none-eabi/12.3.1/../../../../arm-none-eabi/lib/thumb/v7-m/nofp\libm.a(libm_a-ef_sqrt.o)
                0x08015518                __ieee754_sqrtf
 .text.__ieee754_powf
                0x080155f8      0x6bc C:/ST/STM32CubeIDE_1.15.1/STM32CubeIDE/plugins/com.st.stm32cube.ide.mcu.externaltools.gnu-tools-for-stm32.12.3.rel1.win32_1.0.100.202403111256/tools/bin/../lib/gcc/arm-none-eabi/12.3.1/../../../../arm-none-eabi/lib/thumb/v7-m/nofp\libm.a(libm_a-ef_pow.o)
                0x080155f8                __ieee754_powf
 .text.fabsf    0x08015cb4        0x6 C:/ST/STM32CubeIDE_1.15.1/STM32CubeIDE/plugins/com.st.stm32cube.ide.mcu.externaltools.gnu-tools-for-stm32.12.3.rel1.win32_1.0.100.202403111256/tools/bin/../lib/gcc/arm-none-eabi/12.3.1/../../../../arm-none-eabi/lib/thumb/v7-m/nofp\libm.a(libm_a-sf_fabs.o)
                0x08015cb4                fabsf
 *fill*         0x08015cba        0x2 
 .text.scalbnf  0x08015cbc       0x98 C:/ST/STM32CubeIDE_1.15.1/STM32CubeIDE/plugins/com.st.stm32cube.ide.mcu.externaltools.gnu-tools-for-stm32.12.3.rel1.win32_1.0.100.202403111256/tools/bin/../lib/gcc/arm-none-eabi/12.3.1/../../../../arm-none-eabi/lib/thumb/v7-m/nofp\libm.a(libm_a-sf_scalbn.o)
                0x08015cbc                scalbnf
 .text.with_errnof
                0x08015d54       0x10 C:/ST/STM32CubeIDE_1.15.1/STM32CubeIDE/plugins/com.st.stm32cube.ide.mcu.externaltools.gnu-tools-for-stm32.12.3.rel1.win32_1.0.100.202403111256/tools/bin/../lib/gcc/arm-none-eabi/12.3.1/../../../../arm-none-eabi/lib/thumb/v7-m/nofp\libm.a(libm_a-math_errf.o)
 .text.xflowf   0x08015d64       0x1a C:/ST/STM32CubeIDE_1.15.1/STM32CubeIDE/plugins/com.st.stm32cube.ide.mcu.externaltools.gnu-tools-for-stm32.12.3.rel1.win32_1.0.100.202403111256/tools/bin/../lib/gcc/arm-none-eabi/12.3.1/../../../../arm-none-eabi/lib/thumb/v7-m/nofp\libm.a(libm_a-math_errf.o)
 .text.__math_uflowf
                0x08015d7e        0x8 C:/ST/STM32CubeIDE_1.15.1/STM32CubeIDE/plugins/com.st.stm32cube.ide.mcu.externaltools.gnu-tools-for-stm32.12.3.rel1.win32_1.0.100.202403111256/tools/bin/../lib/gcc/arm-none-eabi/12.3.1/../../../../arm-none-eabi/lib/thumb/v7-m/nofp\libm.a(libm_a-math_errf.o)
                0x08015d7e                __math_uflowf
 .text.__math_oflowf
                0x08015d86        0x8 C:/ST/STM32CubeIDE_1.15.1/STM32CubeIDE/plugins/com.st.stm32cube.ide.mcu.externaltools.gnu-tools-for-stm32.12.3.rel1.win32_1.0.100.202403111256/tools/bin/../lib/gcc/arm-none-eabi/12.3.1/../../../../arm-none-eabi/lib/thumb/v7-m/nofp\libm.a(libm_a-math_errf.o)
                0x08015d86                __math_oflowf
 *(.glue_7)
 .glue_7        0x08015d8e        0x0 linker stubs
 *(.glue_7t)
 .glue_7t       0x08015d8e        0x0 linker stubs
 *(.eh_frame)
 *fill*         0x08015d8e        0x2 
 .eh_frame      0x08015d90        0x0 C:/ST/STM32CubeIDE_1.15.1/STM32CubeIDE/plugins/com.st.stm32cube.ide.mcu.externaltools.gnu-tools-for-stm32.12.3.rel1.win32_1.0.100.202403111256/tools/bin/../lib/gcc/arm-none-eabi/12.3.1/thumb/v7-m/nofp/crtbegin.o
 *(.init)
 .init          0x08015d90        0x4 C:/ST/STM32CubeIDE_1.15.1/STM32CubeIDE/plugins/com.st.stm32cube.ide.mcu.externaltools.gnu-tools-for-stm32.12.3.rel1.win32_1.0.100.202403111256/tools/bin/../lib/gcc/arm-none-eabi/12.3.1/thumb/v7-m/nofp/crti.o
                0x08015d90                _init
 .init          0x08015d94        0x8 C:/ST/STM32CubeIDE_1.15.1/STM32CubeIDE/plugins/com.st.stm32cube.ide.mcu.externaltools.gnu-tools-for-stm32.12.3.rel1.win32_1.0.100.202403111256/tools/bin/../lib/gcc/arm-none-eabi/12.3.1/thumb/v7-m/nofp/crtn.o
 *(.fini)
 .fini          0x08015d9c        0x4 C:/ST/STM32CubeIDE_1.15.1/STM32CubeIDE/plugins/com.st.stm32cube.ide.mcu.externaltools.gnu-tools-for-stm32.12.3.rel1.win32_1.0.100.202403111256/tools/bin/../lib/gcc/arm-none-eabi/12.3.1/thumb/v7-m/nofp/crti.o
                0x08015d9c                _fini
 .fini          0x08015da0        0x8 C:/ST/STM32CubeIDE_1.15.1/STM32CubeIDE/plugins/com.st.stm32cube.ide.mcu.externaltools.gnu-tools-for-stm32.12.3.rel1.win32_1.0.100.202403111256/tools/bin/../lib/gcc/arm-none-eabi/12.3.1/thumb/v7-m/nofp/crtn.o
                0x08015da8                        . = ALIGN (0x4)
                0x08015da8                        _etext = .

.vfp11_veneer   0x08015da8        0x0
 .vfp11_veneer  0x08015da8        0x0 linker stubs

.v4_bx          0x08015da8        0x0
 .v4_bx         0x08015da8        0x0 linker stubs

.iplt           0x08015da8        0x0
 .iplt          0x08015da8        0x0 C:/ST/STM32CubeIDE_1.15.1/STM32CubeIDE/plugins/com.st.stm32cube.ide.mcu.externaltools.gnu-tools-for-stm32.12.3.rel1.win32_1.0.100.202403111256/tools/bin/../lib/gcc/arm-none-eabi/12.3.1/thumb/v7-m/nofp/crtbegin.o

.rodata         0x08015da8      0x7f8
                0x08015da8                        . = ALIGN (0x4)
 *(.rodata)
 .rodata        0x08015da8        0xf ./Core/Lib/blackbox.o
 *fill*         0x08015db7        0x1 
 .rodata        0x08015db8        0xe ./Core/Lib/compass.o
 *fill*         0x08015dc6        0x2 
 .rodata        0x08015dc8      0x11a ./Core/Src/freertos.o
 *fill*         0x08015ee2        0x2 
 .rodata        0x08015ee4       0x48 ./Middlewares/Third_Party/FatFs/src/ff.o
 .rodata        0x08015f2c        0x5 ./Middlewares/Third_Party/FreeRTOS/Source/tasks.o
 *(.rodata*)
 *fill*         0x08015f31        0x3 
 .rodata.ubloxInit
                0x08015f34       0xa8 ./Core/Lib/gps.o
 .rodata.uart57600
                0x08015fdc       0x1c ./Core/Lib/gps.o
 .rodata.AHBPrescTable
                0x08015ff8       0x10 ./Core/Src/system_stm32f1xx.o
                0x08015ff8                AHBPrescTable
 .rodata.APBPrescTable
                0x08016008        0x8 ./Core/Src/system_stm32f1xx.o
                0x08016008                APBPrescTable
 .rodata.aPLLMULFactorTable.1
                0x08016010       0x10 ./Drivers/STM32F1xx_HAL_Driver/Src/stm32f1xx_hal_rcc.o
 .rodata.aPredivFactorTable.0
                0x08016020        0x2 ./Drivers/STM32F1xx_HAL_Driver/Src/stm32f1xx_hal_rcc.o
 *fill*         0x08016022        0x2 
 .rodata.ExCvt  0x08016024       0x80 ./Middlewares/Third_Party/FatFs/src/ff.o
 .rodata.LfnOfs
                0x080160a4        0xd ./Middlewares/Third_Party/FatFs/src/ff.o
 *fill*         0x080160b1        0x3 
 .rodata.SD_Driver
                0x080160b4       0x14 ./Middlewares/Third_Party/FatFs/src/drivers/sd_diskio.o
                0x080160b4                SD_Driver
 .rodata.Tbl    0x080160c8      0x100 ./Middlewares/Third_Party/FatFs/src/option/ccsbcs.o
 .rodata.tbl_lower.1
                0x080161c8      0x1e0 ./Middlewares/Third_Party/FatFs/src/option/ccsbcs.o
 .rodata.tbl_upper.0
                0x080163a8      0x1e0 ./Middlewares/Third_Party/FatFs/src/option/ccsbcs.o
 .rodata.dp_l   0x08016588        0x8 C:/ST/STM32CubeIDE_1.15.1/STM32CubeIDE/plugins/com.st.stm32cube.ide.mcu.externaltools.gnu-tools-for-stm32.12.3.rel1.win32_1.0.100.202403111256/tools/bin/../lib/gcc/arm-none-eabi/12.3.1/../../../../arm-none-eabi/lib/thumb/v7-m/nofp\libm.a(libm_a-ef_pow.o)
 .rodata.dp_h   0x08016590        0x8 C:/ST/STM32CubeIDE_1.15.1/STM32CubeIDE/plugins/com.st.stm32cube.ide.mcu.externaltools.gnu-tools-for-stm32.12.3.rel1.win32_1.0.100.202403111256/tools/bin/../lib/gcc/arm-none-eabi/12.3.1/../../../../arm-none-eabi/lib/thumb/v7-m/nofp\libm.a(libm_a-ef_pow.o)
 .rodata.bp     0x08016598        0x8 C:/ST/STM32CubeIDE_1.15.1/STM32CubeIDE/plugins/com.st.stm32cube.ide.mcu.externaltools.gnu-tools-for-stm32.12.3.rel1.win32_1.0.100.202403111256/tools/bin/../lib/gcc/arm-none-eabi/12.3.1/../../../../arm-none-eabi/lib/thumb/v7-m/nofp\libm.a(libm_a-ef_pow.o)
                0x080165a0                        . = ALIGN (0x4)

.ARM.extab      0x080165a0        0x0
                0x080165a0                        . = ALIGN (0x4)
 *(.ARM.extab* .gnu.linkonce.armextab.*)
                0x080165a0                        . = ALIGN (0x4)

.ARM            0x080165a0        0x8
                0x080165a0                        . = ALIGN (0x4)
                0x080165a0                        __exidx_start = .
 *(.ARM.exidx*)