Archive member included to satisfy reference by file (symbol)

C:/ST/STM32CubeIDE_1.15.1/STM32CubeIDE/plugins/com.st.stm32cube.ide.mcu.externaltools.gnu-tools-for-stm32.12.3.rel1.win32_1.0.100.202403111256/tools/bin/../lib/gcc/arm-none-eabi/12.3.1/../../../../arm-none-eabi/lib/thumb/v7e-m+fp/hard\libc_nano.a(libc_a-calloc.o)
                              ./Core/epprom/AT24Cxx_stm32_hal.o (calloc)
C:/ST/STM32CubeIDE_1.15.1/STM32CubeIDE/plugins/com.st.stm32cube.ide.mcu.externaltools.gnu-tools-for-stm32.12.3.rel1.win32_1.0.100.202403111256/tools/bin/../lib/gcc/arm-none-eabi/12.3.1/../../../../arm-none-eabi/lib/thumb/v7e-m+fp/hard\libc_nano.a(libc_a-callocr.o)
                              C:/ST/STM32CubeIDE_1.15.1/STM32CubeIDE/plugins/com.st.stm32cube.ide.mcu.externaltools.gnu-tools-for-stm32.12.3.rel1.win32_1.0.100.202403111256/tools/bin/../lib/gcc/arm-none-eabi/12.3.1/../../../../arm-none-eabi/lib/thumb/v7e-m+fp/hard\libc_nano.a(libc_a-calloc.o) (_calloc_r)
C:/ST/STM32CubeIDE_1.15.1/STM32CubeIDE/plugins/com.st.stm32cube.ide.mcu.externaltools.gnu-tools-for-stm32.12.3.rel1.win32_1.0.100.202403111256/tools/bin/../lib/gcc/arm-none-eabi/12.3.1/../../../../arm-none-eabi/lib/thumb/v7e-m+fp/hard\libc_nano.a(libc_a-exit.o)
                              C:/ST/STM32CubeIDE_1.15.1/STM32CubeIDE/plugins/com.st.stm32cube.ide.mcu.externaltools.gnu-tools-for-stm32.12.3.rel1.win32_1.0.100.202403111256/tools/bin/../lib/gcc/arm-none-eabi/12.3.1/../../../../arm-none-eabi/lib/thumb/v7e-m+fp/hard/crt0.o (exit)
C:/ST/STM32CubeIDE_1.15.1/STM32CubeIDE/plugins/com.st.stm32cube.ide.mcu.externaltools.gnu-tools-for-stm32.12.3.rel1.win32_1.0.100.202403111256/tools/bin/../lib/gcc/arm-none-eabi/12.3.1/../../../../arm-none-eabi/lib/thumb/v7e-m+fp/hard\libc_nano.a(libc_a-mallocr.o)
                              C:/ST/STM32CubeIDE_1.15.1/STM32CubeIDE/plugins/com.st.stm32cube.ide.mcu.externaltools.gnu-tools-for-stm32.12.3.rel1.win32_1.0.100.202403111256/tools/bin/../lib/gcc/arm-none-eabi/12.3.1/../../../../arm-none-eabi/lib/thumb/v7e-m+fp/hard\libc_nano.a(libc_a-callocr.o) (_malloc_r)
C:/ST/STM32CubeIDE_1.15.1/STM32CubeIDE/plugins/com.st.stm32cube.ide.mcu.externaltools.gnu-tools-for-stm32.12.3.rel1.win32_1.0.100.202403111256/tools/bin/../lib/gcc/arm-none-eabi/12.3.1/../../../../arm-none-eabi/lib/thumb/v7e-m+fp/hard\libc_nano.a(libc_a-mlock.o)
                              C:/ST/STM32CubeIDE_1.15.1/STM32CubeIDE/plugins/com.st.stm32cube.ide.mcu.externaltools.gnu-tools-for-stm32.12.3.rel1.win32_1.0.100.202403111256/tools/bin/../lib/gcc/arm-none-eabi/12.3.1/../../../../arm-none-eabi/lib/thumb/v7e-m+fp/hard\libc_nano.a(libc_a-mallocr.o) (__malloc_lock)
C:/ST/STM32CubeIDE_1.15.1/STM32CubeIDE/plugins/com.st.stm32cube.ide.mcu.externaltools.gnu-tools-for-stm32.12.3.rel1.win32_1.0.100.202403111256/tools/bin/../lib/gcc/arm-none-eabi/12.3.1/../../../../arm-none-eabi/lib/thumb/v7e-m+fp/hard\libc_nano.a(libc_a-findfp.o)
                              C:/ST/STM32CubeIDE_1.15.1/STM32CubeIDE/plugins/com.st.stm32cube.ide.mcu.externaltools.gnu-tools-for-stm32.12.3.rel1.win32_1.0.100.202403111256/tools/bin/../lib/gcc/arm-none-eabi/12.3.1/../../../../arm-none-eabi/lib/thumb/v7e-m+fp/hard\libc_nano.a(libc_a-exit.o) (__stdio_exit_handler)
C:/ST/STM32CubeIDE_1.15.1/STM32CubeIDE/plugins/com.st.stm32cube.ide.mcu.externaltools.gnu-tools-for-stm32.12.3.rel1.win32_1.0.100.202403111256/tools/bin/../lib/gcc/arm-none-eabi/12.3.1/../../../../arm-none-eabi/lib/thumb/v7e-m+fp/hard\libc_nano.a(libc_a-fwalk.o)
                              C:/ST/STM32CubeIDE_1.15.1/STM32CubeIDE/plugins/com.st.stm32cube.ide.mcu.externaltools.gnu-tools-for-stm32.12.3.rel1.win32_1.0.100.202403111256/tools/bin/../lib/gcc/arm-none-eabi/12.3.1/../../../../arm-none-eabi/lib/thumb/v7e-m+fp/hard\libc_nano.a(libc_a-findfp.o) (_fwalk_sglue)
C:/ST/STM32CubeIDE_1.15.1/STM32CubeIDE/plugins/com.st.stm32cube.ide.mcu.externaltools.gnu-tools-for-stm32.12.3.rel1.win32_1.0.100.202403111256/tools/bin/../lib/gcc/arm-none-eabi/12.3.1/../../../../arm-none-eabi/lib/thumb/v7e-m+fp/hard\libc_nano.a(libc_a-stdio.o)
                              C:/ST/STM32CubeIDE_1.15.1/STM32CubeIDE/plugins/com.st.stm32cube.ide.mcu.externaltools.gnu-tools-for-stm32.12.3.rel1.win32_1.0.100.202403111256/tools/bin/../lib/gcc/arm-none-eabi/12.3.1/../../../../arm-none-eabi/lib/thumb/v7e-m+fp/hard\libc_nano.a(libc_a-findfp.o) (__sread)
C:/ST/STM32CubeIDE_1.15.1/STM32CubeIDE/plugins/com.st.stm32cube.ide.mcu.externaltools.gnu-tools-for-stm32.12.3.rel1.win32_1.0.100.202403111256/tools/bin/../lib/gcc/arm-none-eabi/12.3.1/../../../../arm-none-eabi/lib/thumb/v7e-m+fp/hard\libc_nano.a(libc_a-memset.o)
                              C:/ST/STM32CubeIDE_1.15.1/STM32CubeIDE/plugins/com.st.stm32cube.ide.mcu.externaltools.gnu-tools-for-stm32.12.3.rel1.win32_1.0.100.202403111256/tools/bin/../lib/gcc/arm-none-eabi/12.3.1/../../../../arm-none-eabi/lib/thumb/v7e-m+fp/hard/crt0.o (memset)
[...]
Memory Configuration

Name             Origin             Length             Attributes
CCMRAM           0x10000000         0x00010000         xrw
RAM              0x20000000         0x00020000         xrw
FLASH            0x08000000         0x00080000         xr
*default*        0x00000000         0xffffffff

Linker script and memory map

LOAD C:/ST/STM32CubeIDE_1.15.1/STM32CubeIDE/plugins/com.st.stm32cube.ide.mcu.externaltools.gnu-tools-for-stm32.12.3.rel1.win32_1.0.100.202403111256/tools/bin/../lib/gcc/arm-none-eabi/12.3.1/thumb/v7e-m+fp/hard/crti.o
LOAD C:/ST/STM32CubeIDE_1.15.1/STM32CubeIDE/plugins/com.st.stm32cube.ide.mcu.externaltools.gnu-tools-for-stm32.12.3.rel1.win32_1.0.100.202403111256/tools/bin/../lib/gcc/arm-none-eabi/12.3.1/thumb/v7e-m+fp/hard/crtbegin.o
LOAD C:/ST/STM32CubeIDE_1.15.1/STM32CubeIDE/plugins/com.st.stm32cube.ide.mcu.externaltools.gnu-tools-for-stm32.12.3.rel1.win32_1.0.100.202403111256/tools/bin/../lib/gcc/arm-none-eabi/12.3.1/../../../../arm-none-eabi/lib/thumb/v7e-m+fp/hard/crt0.o
LOAD ./Core/Driver/bmp280.o
LOAD ./Core/Driver/hmc5883.o
LOAD ./Core/Driver/ibus.o
LOAD ./Core/Driver/mpu6050.o
LOAD ./Core/Driver/ms5611.o
LOAD ./Core/Driver/qmc5883.o
LOAD ./Core/Lib/baro.o
LOAD ./Core/Lib/blackbox.o
LOAD ./Core/Lib/compass.o
LOAD ./Core/Lib/gps.o
LOAD ./Core/Lib/imu.o
LOAD ./Core/Lib/maths.o
LOAD ./Core/Lib/pid.o
LOAD ./Core/Lib/ppmreceiver.o
LOAD ./Core/Lib/pwm.o
LOAD ./Core/Lib/sensordetect.o
LOAD ./Core/Lib/timer.o
LOAD ./Core/Src/dma.o
LOAD ./Core/Src/freertos.o
LOAD ./Core/Src/gpio.o
LOAD ./Core/Src/i2c.o
LOAD ./Core/Src/main.o
LOAD ./Core/Src/sdio.o
LOAD ./Core/Src/stm32f4xx_hal_msp.o
LOAD ./Core/Src/stm32f4xx_hal_timebase_tim.o
LOAD ./Core/Src/stm32f4xx_it.o
LOAD ./Core/Src/syscalls.o
LOAD ./Core/Src/sysmem.o
LOAD ./Core/Src/system_stm32f4xx.o
LOAD ./Core/Src/tim.o
LOAD ./Core/Src/usart.o
LOAD ./Core/Startup/startup_stm32f407vetx.o
LOAD ./Core/epprom/AT24Cxx_stm32_hal.o
LOAD ./Core/flight/attitude_ctrl.o
LOAD ./Core/flight/estimate.o
LOAD ./Core/flight/mavlink_handler.o
LOAD ./Core/flight/navigation.o
LOAD ./Core/simulation/dynamic_mode.o
LOAD ./Drivers/STM32F4xx_HAL_Driver/Src/stm32f4xx_hal.o
LOAD ./Drivers/STM32F4xx_HAL_Driver/Src/stm32f4xx_hal_cortex.o
LOAD ./Drivers/STM32F4xx_HAL_Driver/Src/stm32f4xx_hal_dma.o
LOAD ./Drivers/STM32F4xx_HAL_Driver/Src/stm32f4xx_hal_dma_ex.o
LOAD ./Drivers/STM32F4xx_HAL_Driver/Src/stm32f4xx_hal_exti.o
LOAD ./Drivers/STM32F4xx_HAL_Driver/Src/stm32f4xx_hal_flash.o
LOAD ./Drivers/STM32F4xx_HAL_Driver/Src/stm32f4xx_hal_flash_ex.o
LOAD ./Drivers/STM32F4xx_HAL_Driver/Src/stm32f4xx_hal_flash_ramfunc.o
LOAD ./Drivers/STM32F4xx_HAL_Driver/Src/stm32f4xx_hal_gpio.o
LOAD ./Drivers/STM32F4xx_HAL_Driver/Src/stm32f4xx_hal_i2c.o
LOAD ./Drivers/STM32F4xx_HAL_Driver/Src/stm32f4xx_hal_i2c_ex.o
LOAD ./Drivers/STM32F4xx_HAL_Driver/Src/stm32f4xx_hal_pwr.o
LOAD ./Drivers/STM32F4xx_HAL_Driver/Src/stm32f4xx_hal_pwr_ex.o
LOAD ./Drivers/STM32F4xx_HAL_Driver/Src/stm32f4xx_hal_rcc.o
LOAD ./Drivers/STM32F4xx_HAL_Driver/Src/stm32f4xx_hal_rcc_ex.o
LOAD ./Drivers/STM32F4xx_HAL_Driver/Src/stm32f4xx_hal_sd.o
LOAD ./Drivers/STM32F4xx_HAL_Driver/Src/stm32f4xx_hal_tim.o
LOAD ./Drivers/STM32F4xx_HAL_Driver/Src/stm32f4xx_hal_tim_ex.o
LOAD ./Drivers/STM32F4xx_HAL_Driver/Src/stm32f4xx_hal_uart.o
LOAD ./Drivers/STM32F4xx_HAL_Driver/Src/stm32f4xx_ll_sdmmc.o
LOAD ./FATFS/App/fatfs.o
LOAD ./FATFS/Target/bsp_driver_sd.o
LOAD ./FATFS/Target/sd_diskio.o
LOAD ./Middlewares/Third_Party/FatFs/src/diskio.o
LOAD ./Middlewares/Third_Party/FatFs/src/ff.o
LOAD ./Middlewares/Third_Party/FatFs/src/ff_gen_drv.o
LOAD ./Middlewares/Third_Party/FatFs/src/option/ccsbcs.o
LOAD ./Middlewares/Third_Party/FatFs/src/option/syscall.o
LOAD ./Middlewares/Third_Party/FreeRTOS/Source/CMSIS_RTOS/cmsis_os.o
LOAD ./Middlewares/Third_Party/FreeRTOS/Source/croutine.o
LOAD ./Middlewares/Third_Party/FreeRTOS/Source/event_groups.o
LOAD ./Middlewares/Third_Party/FreeRTOS/Source/list.o
LOAD ./Middlewares/Third_Party/FreeRTOS/Source/queue.o
LOAD ./Middlewares/Third_Party/FreeRTOS/Source/stream_buffer.o
LOAD ./Middlewares/Third_Party/FreeRTOS/Source/tasks.o
LOAD ./Middlewares/Third_Party/FreeRTOS/Source/timers.o
LOAD ./Middlewares/Third_Party/FreeRTOS/Source/portable/GCC/ARM_CM4F/port.o
LOAD ./Middlewares/Third_Party/FreeRTOS/Source/portable/MemMang/heap_4.o
START GROUP
LOAD C:/ST/STM32CubeIDE_1.15.1/STM32CubeIDE/plugins/com.st.stm32cube.ide.mcu.externaltools.gnu-tools-for-stm32.12.3.rel1.win32_1.0.100.202403111256/tools/bin/../lib/gcc/arm-none-eabi/12.3.1/../../../../arm-none-eabi/lib/thumb/v7e-m+fp/hard\libc_nano.a
LOAD C:/ST/STM32CubeIDE_1.15.1/STM32CubeIDE/plugins/com.st.stm32cube.ide.mcu.externaltools.gnu-tools-for-stm32.12.3.rel1.win32_1.0.100.202403111256/tools/bin/../lib/gcc/arm-none-eabi/12.3.1/../../../../arm-none-eabi/lib/thumb/v7e-m+fp/hard\libm.a
END GROUP
START GROUP
LOAD C:/ST/STM32CubeIDE_1.15.1/STM32CubeIDE/plugins/com.st.stm32cube.ide.mcu.externaltools.gnu-tools-for-stm32.12.3.rel1.win32_1.0.100.202403111256/tools/bin/../lib/gcc/arm-none-eabi/12.3.1/thumb/v7e-m+fp/hard\libgcc.a
LOAD C:/ST/STM32CubeIDE_1.15.1/STM32CubeIDE/plugins/com.st.stm32cube.ide.mcu.externaltools.gnu-tools-for-stm32.12.3.rel1.win32_1.0.100.202403111256/tools/bin/../lib/gcc/arm-none-eabi/12.3.1/../../../../arm-none-eabi/lib/thumb/v7e-m+fp/hard\libc_nano.a
END GROUP
START GROUP
LOAD C:/ST/STM32CubeIDE_1.15.1/STM32CubeIDE/plugins/com.st.stm32cube.ide.mcu.externaltools.gnu-tools-for-stm32.12.3.rel1.win32_1.0.100.202403111256/tools/bin/../lib/gcc/arm-none-eabi/12.3.1/thumb/v7e-m+fp/hard\libgcc.a
LOAD C:/ST/STM32CubeIDE_1.15.1/STM32CubeIDE/plugins/com.st.stm32cube.ide.mcu.externaltools.gnu-tools-for-stm32.12.3.rel1.win32_1.0.100.202403111256/tools/bin/../lib/gcc/arm-none-eabi/12.3.1/../../../../arm-none-eabi/lib/thumb/v7e-m+fp/hard\libc_nano.a
LOAD C:/ST/STM32CubeIDE_1.15.1/STM32CubeIDE/plugins/com.st.stm32cube.ide.mcu.externaltools.gnu-tools-for-stm32.12.3.rel1.win32_1.0.100.202403111256/tools/bin/../lib/gcc/arm-none-eabi/12.3.1/../../../../arm-none-eabi/lib/thumb/v7e-m+fp/hard\libnosys.a
END GROUP
START GROUP
LOAD C:/ST/STM32CubeIDE_1.15.1/STM32CubeIDE/plugins/com.st.stm32cube.ide.mcu.externaltools.gnu-tools-for-stm32.12.3.rel1.win32_1.0.100.202403111256/tools/bin/../lib/gcc/arm-none-eabi/12.3.1/thumb/v7e-m+fp/hard\libgcc.a
LOAD C:/ST/STM32CubeIDE_1.15.1/STM32CubeIDE/plugins/com.st.stm32cube.ide.mcu.externaltools.gnu-tools-for-stm32.12.3.rel1.win32_1.0.100.202403111256/tools/bin/../lib/gcc/arm-none-eabi/12.3.1/../../../../arm-none-eabi/lib/thumb/v7e-m+fp/hard\libc_nano.a
LOAD C:/ST/STM32CubeIDE_1.15.1/STM32CubeIDE/plugins/com.st.stm32cube.ide.mcu.externaltools.gnu-tools-for-stm32.12.3.rel1.win32_1.0.100.202403111256/tools/bin/../lib/gcc/arm-none-eabi/12.3.1/../../../../arm-none-eabi/lib/thumb/v7e-m+fp/hard\libnosys.a
END GROUP
LOAD C:/ST/STM32CubeIDE_1.15.1/STM32CubeIDE/plugins/com.st.stm32cube.ide.mcu.externaltools.gnu-tools-for-stm32.12.3.rel1.win32_1.0.100.202403111256/tools/bin/../lib/gcc/arm-none-eabi/12.3.1/thumb/v7e-m+fp/hard/crtend.o
LOAD C:/ST/STM32CubeIDE_1.15.1/STM32CubeIDE/plugins/com.st.stm32cube.ide.mcu.externaltools.gnu-tools-for-stm32.12.3.rel1.win32_1.0.100.202403111256/tools/bin/../lib/gcc/arm-none-eabi/12.3.1/thumb/v7e-m+fp/hard/crtn.o
                0x20020000                        _estack = (ORIGIN (RAM) + LENGTH (RAM))
                0x00004000                        _Min_Heap_Size = 0x4000
                0x00004000                        _Min_Stack_Size = 0x4000

.isr_vector     0x08000000      0x188
                0x08000000                        . = ALIGN (0x4)
 *(.isr_vector)
 .isr_vector    0x08000000      0x188 ./Core/Startup/startup_stm32f407vetx.o
                0x08000000                g_pfnVectors
                0x08000188                        . = ALIGN (0x4)

.text           0x08000190    0x15704
                0x08000190                        . = ALIGN (0x4)
 *(.text)
 .text          0x08000190       0x40 C:/ST/STM32CubeIDE_1.15.1/STM32CubeIDE/plugins/com.st.stm32cube.ide.mcu.externaltools.gnu-tools-for-stm32.12.3.rel1.win32_1.0.100.202403111256/tools/bin/../lib/gcc/arm-none-eabi/12.3.1/thumb/v7e-m+fp/hard/crtbegin.o
 .text          0x080001d0      0x378 C:/ST/STM32CubeIDE_1.15.1/STM32CubeIDE/plugins/com.st.stm32cube.ide.mcu.externaltools.gnu-tools-for-stm32.12.3.rel1.win32_1.0.100.202403111256/tools/bin/../lib/gcc/arm-none-eabi/12.3.1/thumb/v7e-m+fp/hard\libgcc.a(_arm_addsubdf3.o)
                0x080001d0                __aeabi_drsub
                0x080001d8                __aeabi_dsub
                0x080001d8                __subdf3
                0x080001dc                __aeabi_dadd
                0x080001dc                __adddf3
                0x08000454                __floatunsidf
                0x08000454                __aeabi_ui2d
                0x08000474                __floatsidf
                0x08000474                __aeabi_i2d
                0x08000498                __aeabi_f2d
                0x08000498                __extendsfdf2
                0x080004dc                __floatundidf
                0x080004dc                __aeabi_ul2d
                0x080004ec                __floatdidf
                0x080004ec                __aeabi_l2d
 .text          0x08000548      0x424 C:/ST/STM32CubeIDE_1.15.1/STM32CubeIDE/plugins/com.st.stm32cube.ide.mcu.externaltools.gnu-tools-for-stm32.12.3.rel1.win32_1.0.100.202403111256/tools/bin/../lib/gcc/arm-none-eabi/12.3.1/thumb/v7e-m+fp/hard\libgcc.a(_arm_muldivdf3.o)
                0x08000548                __aeabi_dmul
                0x08000548                __muldf3
                0x0800079c                __divdf3
                0x0800079c                __aeabi_ddiv
 .text          0x0800096c      0x110 C:/ST/STM32CubeIDE_1.15.1/STM32CubeIDE/plugins/com.st.stm32cube.ide.mcu.externaltools.gnu-tools-for-stm32.12.3.rel1.win32_1.0.100.202403111256/tools/bin/../lib/gcc/arm-none-eabi/12.3.1/thumb/v7e-m+fp/hard\libgcc.a(_arm_cmpdf2.o)
                0x0800096c                __gtdf2
                0x0800096c                __gedf2
                0x08000974                __ltdf2
                0x08000974                __ledf2
                0x0800097c                __nedf2
                0x0800097c                __eqdf2
                0x0800097c                __cmpdf2
                0x080009f8                __aeabi_cdrcmple
                0x08000a08                __aeabi_cdcmpeq
                0x08000a08                __aeabi_cdcmple
                0x08000a18                __aeabi_dcmpeq
                0x08000a2c                __aeabi_dcmplt
                0x08000a40                __aeabi_dcmple
                0x08000a54                __aeabi_dcmpge
                0x08000a68                __aeabi_dcmpgt
 .text          0x08000a7c       0x2c C:/ST/STM32CubeIDE_1.15.1/STM32CubeIDE/plugins/com.st.stm32cube.ide.mcu.externaltools.gnu-tools-for-stm32.12.3.rel1.win32_1.0.100.202403111256/tools/bin/../lib/gcc/arm-none-eabi/12.3.1/thumb/v7e-m+fp/hard\libgcc.a(_arm_unorddf2.o)
                0x08000a7c                __unorddf2
                0x08000a7c                __aeabi_dcmpun
 .text          0x08000aa8       0x50 C:/ST/STM32CubeIDE_1.15.1/STM32CubeIDE/plugins/com.st.stm32cube.ide.mcu.externaltools.gnu-tools-for-stm32.12.3.rel1.win32_1.0.100.202403111256/tools/bin/../lib/gcc/arm-none-eabi/12.3.1/thumb/v7e-m+fp/hard\libgcc.a(_arm_fixdfsi.o)
                0x08000aa8                __aeabi_d2iz
                0x08000aa8                __fixdfsi
 .text          0x08000af8       0xa0 C:/ST/STM32CubeIDE_1.15.1/STM32CubeIDE/plugins/com.st.stm32cube.ide.mcu.externaltools.gnu-tools-for-stm32.12.3.rel1.win32_1.0.100.202403111256/tools/bin/../lib/gcc/arm-none-eabi/12.3.1/thumb/v7e-m+fp/hard\libgcc.a(_arm_truncdfsf2.o)
                0x08000af8                __truncdfsf2
                0x08000af8                __aeabi_d2f
 .text          0x08000b98       0xa0 C:/ST/STM32CubeIDE_1.15.1/STM32CubeIDE/plugins/com.st.stm32cube.ide.mcu.externaltools.gnu-tools-for-stm32.12.3.rel1.win32_1.0.100.202403111256/tools/bin/../lib/gcc/arm-none-eabi/12.3.1/thumb/v7e-m+fp/hard\libgcc.a(_aeabi_ldivmod.o)
                0x08000b98                __aeabi_ldivmod
 .text          0x08000c38       0x30 C:/ST/STM32CubeIDE_1.15.1/STM32CubeIDE/plugins/com.st.stm32cube.ide.mcu.externaltools.gnu-tools-for-stm32.12.3.rel1.win32_1.0.100.202403111256/tools/bin/../lib/gcc/arm-none-eabi/12.3.1/thumb/v7e-m+fp/hard\libgcc.a(_aeabi_uldivmod.o)
                0x08000c38                __aeabi_uldivmod
 .text          0x08000c68      0x2bc C:/ST/STM32CubeIDE_1.15.1/STM32CubeIDE/plugins/com.st.stm32cube.ide.mcu.externaltools.gnu-tools-for-stm32.12.3.rel1.win32_1.0.100.202403111256/tools/bin/../lib/gcc/arm-none-eabi/12.3.1/thumb/v7e-m+fp/hard\libgcc.a(_udivmoddi4.o)
                0x08000c68                __udivmoddi4
 .text          0x08000f24        0x4 C:/ST/STM32CubeIDE_1.15.1/STM32CubeIDE/plugins/com.st.stm32cube.ide.mcu.externaltools.gnu-tools-for-stm32.12.3.rel1.win32_1.0.100.202403111256/tools/bin/../lib/gcc/arm-none-eabi/12.3.1/thumb/v7e-m+fp/hard\libgcc.a(_dvmd_tls.o)
                0x08000f24                __aeabi_idiv0
                0x08000f24                __aeabi_ldiv0
 *(.text*)
 .text.bmp280_init_default_params
                0x08000f28       0x3c ./Core/Driver/bmp280.o
                0x08000f28                bmp280_init_default_params
 .text.read_register16
                0x08000f64       0x60 ./Core/Driver/bmp280.o
 .text.read_data
                0x08000fc4       0x50 ./Core/Driver/bmp280.o
 .text.read_calibration_data
                0x08001014       0xe8 ./Core/Driver/bmp280.o
 .text.write_register8
                0x080010fc       0x50 ./Core/Driver/bmp280.o
 .text.bmp280_init
                0x0800114c      0x138 ./Core/Driver/bmp280.o
                0x0800114c                bmp280_init
 .text.compensate_temperature
                0x08001284       0x74 ./Core/Driver/bmp280.o
 .text.compensate_pressure
                0x080012f8      0x5a0 ./Core/Driver/bmp280.o
 .text.bmp280_read_fixed
                0x08001898      0x144 ./Core/Driver/bmp280.o
                0x08001898                bmp280_read_fixed
 .text.ibus_init
                0x080019dc       0x60 ./Core/Driver/ibus.o
                0x080019dc                ibus_init
 .text.ibus_uart_port
                0x08001a3c       0x18 ./Core/Driver/ibus.o
                0x08001a3c                ibus_uart_port
 .text.ibus_calback
                0x08001a54       0x28 ./Core/Driver/ibus.o
                0x08001a54                ibus_calback
 .text.ibusDataReceive
                0x08001a7c       0x94 ./Core/Driver/ibus.o
 .text.ibusFrameComplete
                0x08001b10      0x1a0 ./Core/Driver/ibus.o
                0x08001b10                ibusFrameComplete
 .text.mpu6050Connection
                0x08001cb0       0x2c ./Core/Driver/mpu6050.o
                0x08001cb0                mpu6050Connection
 .text.mpu6050_init
                0x08001cdc       0xa4 ./Core/Driver/mpu6050.o
                0x08001cdc                mpu6050_init
 .text.mpu6050_gyro_get_raw
                0x08001d80       0x78 ./Core/Driver/mpu6050.o
                0x08001d80                mpu6050_gyro_get_raw
 .text.mpu6050_acc_get_raw
                0x08001df8       0x84 ./Core/Driver/mpu6050.o
                0x08001df8                mpu6050_acc_get_raw
 .text.qmc5883_init
                0x08001e7c       0x58 ./Core/Driver/qmc5883.o
                0x08001e7c                qmc5883_init
 .text.qmc_get_raw
                0x08001ed4       0x70 ./Core/Driver/qmc5883.o
                0x08001ed4                qmc_get_raw
 .text.baro_init
                0x08001f44       0x4c ./Core/Lib/baro.o
                0x08001f44                baro_init
 .text.baro_zero_calibrate
                0x08001f90       0x70 ./Core/Lib/baro.o
                0x08001f90                baro_zero_calibrate
 .text.is_baro_calibration
                0x08002000       0x18 ./Core/Lib/baro.o
                0x08002000                is_baro_calibration
 .text.baro_get_altitude
                0x08002018       0x34 ./Core/Lib/baro.o
                0x08002018                baro_get_altitude
 .text.black_box_init
                0x0800204c       0x5c ./Core/Lib/blackbox.o
                0x0800204c                black_box_init
 .text.black_box_pack_int
                0x080020a8      0x130 ./Core/Lib/blackbox.o
                0x080020a8                black_box_pack_int
 .text.black_box_pack_str
                0x080021d8       0x74 ./Core/Lib/blackbox.o
                0x080021d8                black_box_pack_str
 .text.black_box_pack_char
                0x0800224c       0x34 ./Core/Lib/blackbox.o
                0x0800224c                black_box_pack_char
 .text.black_box_load
                0x08002280       0x44 ./Core/Lib/blackbox.o
                0x08002280                black_box_load
 .text.reverse  0x080022c4       0x5e ./Core/Lib/blackbox.o
 *fill*         0x08002322        0x2 
 .text.intToStr
                0x08002324       0x94 ./Core/Lib/blackbox.o
 .text.compassInit
                0x080023b8       0x78 ./Core/Lib/compass.o
                0x080023b8                compassInit
 .text.compass_get
                0x08002430       0xd4 ./Core/Lib/compass.o
                0x08002430                compass_get
 .text.read_calibrate_file
                0x08002504       0xe4 ./Core/Lib/compass.o
 .text.compass_calibrate
                0x080025e8      0x3d8 ./Core/Lib/compass.o
 .text.gps_init
                0x080029c0      0x118 ./Core/Lib/gps.o
                0x080029c0                gps_init
 .text.gps_uart_port
                0x08002ad8       0x18 ./Core/Lib/gps.o
                0x08002ad8                gps_uart_port
 .text.gps_readout
                0x08002af0       0x68 ./Core/Lib/gps.o
                0x08002af0                gps_readout
 .text.gps_DMA_callback
                0x08002b58       0x78 ./Core/Lib/gps.o
                0x08002b58                gps_DMA_callback
 .text.parse_msg
                0x08002bd0      0x294 ./Core/Lib/gps.o
 .text.newdata  0x08002e64      0x214 ./Core/Lib/gps.o
 .text.imu_calibrate
                0x08003078       0xf8 ./Core/Lib/imu.o
                0x08003078                imu_calibrate
 .text.update_ahrs
                0x08003170      0xc98 ./Core/Lib/imu.o
                0x08003170                update_ahrs
 .text.atan2_approx
                0x08003e08      0x194 ./Core/Lib/maths.o
                0x08003e08                atan2_approx
 .text.fapplyDeadband
                0x08003f9c       0x64 ./Core/Lib/maths.o
                0x08003f9c                fapplyDeadband
 .text.invSqrt_
                0x08004000       0x78 ./Core/Lib/maths.o
                0x08004000                invSqrt_
 .text.constrainf
                0x08004078       0x52 ./Core/Lib/pid.o
 *fill*         0x080040ca        0x2 
 .text.pt1FilterGain
                0x080040cc       0x50 ./Core/Lib/pid.o
 .text.pid_init
                0x0800411c       0x76 ./Core/Lib/pid.o
                0x0800411c                pid_init
 .text.pid_calculate
                0x08004192      0x1b0 ./Core/Lib/pid.o
                0x08004192                pid_calculate
 .text.constrain
                0x08004342       0x32 ./Core/Lib/pwm.o
 .text.initPWM  0x08004374       0x8c ./Core/Lib/pwm.o
                0x08004374                initPWM
 .text.writePwm
                0x08004400       0x98 ./Core/Lib/pwm.o
                0x08004400                writePwm
 .text.write_pwm_ctrl
                0x08004498       0x7c ./Core/Lib/pwm.o
                0x08004498                write_pwm_ctrl
 .text.i2cDectect
                0x08004514       0xa4 ./Core/Lib/sensordetect.o
                0x08004514                i2cDectect
 .text.timer_start
                0x080045b8       0x24 ./Core/Lib/timer.o
                0x080045b8                timer_start
 .text.timer_name
                0x080045dc       0x18 ./Core/Lib/timer.o
                0x080045dc                timer_name
 .text.MX_DMA_Init
                0x080045f4       0x7c ./Core/Src/dma.o
                0x080045f4                MX_DMA_Init
 .text.HAL_UART_RxCpltCallback
                0x08004670       0x32 ./Core/Src/freertos.o
                0x08004670                HAL_UART_RxCpltCallback
 *fill*         0x080046a2        0x2 
 .text.HAL_UART_TxCpltCallback
                0x080046a4       0x20 ./Core/Src/freertos.o
                0x080046a4                HAL_UART_TxCpltCallback
 .text.MX_FREERTOS_Init
                0x080046c4       0xcc ./Core/Src/freertos.o
                0x080046c4                MX_FREERTOS_Init
 .text.blackbox_task
                0x08004790      0x398 ./Core/Src/freertos.o
                0x08004790                blackbox_task
 .text.ahrs_ctrl_task
                0x08004b28      0x1f0 ./Core/Src/freertos.o
                0x08004b28                ahrs_ctrl_task
 .text.imu_sensor_task
                0x08004d18      0x29c ./Core/Src/freertos.o
                0x08004d18                imu_sensor_task
 .text.osd_task
                0x08004fb4       0x4c ./Core/Src/freertos.o
                0x08004fb4                osd_task
 .text.MX_GPIO_Init
                0x08005000      0x174 ./Core/Src/gpio.o
                0x08005000                MX_GPIO_Init
 .text.MX_I2C1_Init
                0x08005174       0x5c ./Core/Src/i2c.o
                0x08005174                MX_I2C1_Init
 .text.MX_I2C2_Init
                0x080051d0       0x5c ./Core/Src/i2c.o
                0x080051d0                MX_I2C2_Init
 .text.HAL_I2C_MspInit
                0x0800522c       0xf8 ./Core/Src/i2c.o
                0x0800522c                HAL_I2C_MspInit
 .text.main     0x08005324       0x44 ./Core/Src/main.o
                0x08005324                main
 .text.SystemClock_Config
                0x08005368       0xd4 ./Core/Src/main.o
                0x08005368                SystemClock_Config
 .text.HAL_TIM_PeriodElapsedCallback
                0x0800543c       0x3c ./Core/Src/main.o
                0x0800543c                HAL_TIM_PeriodElapsedCallback
 .text.Error_Handler
                0x08005478        0xc ./Core/Src/main.o
                0x08005478                Error_Handler
 .text.MX_SDIO_SD_Init
                0x08005484       0x48 ./Core/Src/sdio.o
                0x08005484                MX_SDIO_SD_Init
 .text.HAL_SD_MspInit
                0x080054cc      0x1e0 ./Core/Src/sdio.o
                0x080054cc                HAL_SD_MspInit
 .text.HAL_MspInit
                0x080056ac       0x58 ./Core/Src/stm32f4xx_hal_msp.o
                0x080056ac                HAL_MspInit
 .text.HAL_InitTick
                0x08005704       0xf8 ./Core/Src/stm32f4xx_hal_timebase_tim.o
                0x08005704                HAL_InitTick
 .text.NMI_Handler
                0x080057fc        0x8 ./Core/Src/stm32f4xx_it.o
                0x080057fc                NMI_Handler
 .text.HardFault_Handler
                0x08005804        0x8 ./Core/Src/stm32f4xx_it.o
                0x08005804                HardFault_Handler
 .text.MemManage_Handler
                0x0800580c        0x8 ./Core/Src/stm32f4xx_it.o
                0x0800580c                MemManage_Handler
 .text.BusFault_Handler
                0x08005814        0x8 ./Core/Src/stm32f4xx_it.o
                0x08005814                BusFault_Handler
 .text.UsageFault_Handler
                0x0800581c        0x8 ./Core/Src/stm32f4xx_it.o
                0x0800581c                UsageFault_Handler
 .text.DebugMon_Handler
                0x08005824        0xe ./Core/Src/stm32f4xx_it.o
                0x08005824                DebugMon_Handler
 *fill*         0x08005832        0x2 
 .text.DMA1_Stream1_IRQHandler
                0x08005834       0x14 ./Core/Src/stm32f4xx_it.o
                0x08005834                DMA1_Stream1_IRQHandler
 .text.TIM2_IRQHandler
                0x08005848       0x14 ./Core/Src/stm32f4xx_it.o
                0x08005848                TIM2_IRQHandler
 .text.TIM4_IRQHandler
                0x0800585c       0x14 ./Core/Src/stm32f4xx_it.o
                0x0800585c                TIM4_IRQHandler
 .text.USART1_IRQHandler
                0x08005870       0x14 ./Core/Src/stm32f4xx_it.o
                0x08005870                USART1_IRQHandler
 .text.USART2_IRQHandler
                0x08005884       0x14 ./Core/Src/stm32f4xx_it.o
                0x08005884                USART2_IRQHandler
 .text.USART3_IRQHandler
                0x08005898       0x14 ./Core/Src/stm32f4xx_it.o
                0x08005898                USART3_IRQHandler
 .text.SDIO_IRQHandler
                0x080058ac       0x14 ./Core/Src/stm32f4xx_it.o
                0x080058ac                SDIO_IRQHandler
 .text.DMA2_Stream3_IRQHandler
                0x080058c0       0x14 ./Core/Src/stm32f4xx_it.o
                0x080058c0                DMA2_Stream3_IRQHandler
 .text.DMA2_Stream6_IRQHandler
                0x080058d4       0x14 ./Core/Src/stm32f4xx_it.o
                0x080058d4                DMA2_Stream6_IRQHandler
 .text._sbrk    0x080058e8       0x6c ./Core/Src/sysmem.o
                0x080058e8                _sbrk
 .text.SystemInit
                0x08005954       0x24 ./Core/Src/system_stm32f4xx.o
                0x08005954                SystemInit
 .text.MX_TIM3_Init
                0x08005978      0x118 ./Core/Src/tim.o
                0x08005978                MX_TIM3_Init
 .text.MX_TIM4_Init
                0x08005a90       0x9c ./Core/Src/tim.o
                0x08005a90                MX_TIM4_Init
 .text.HAL_TIM_Base_MspInit
                0x08005b2c       0x7c ./Core/Src/tim.o
                0x08005b2c                HAL_TIM_Base_MspInit
 .text.HAL_TIM_MspPostInit
                0x08005ba8       0xb4 ./Core/Src/tim.o
                0x08005ba8                HAL_TIM_MspPostInit
 .text.MX_USART1_UART_Init
                0x08005c5c       0x54 ./Core/Src/usart.o
                0x08005c5c                MX_USART1_UART_Init
 .text.MX_USART2_UART_Init
                0x08005cb0       0x54 ./Core/Src/usart.o
                0x08005cb0                MX_USART2_UART_Init
 .text.MX_USART3_UART_Init
                0x08005d04       0x54 ./Core/Src/usart.o
                0x08005d04                MX_USART3_UART_Init
 .text.HAL_UART_MspInit
                0x08005d58      0x1fc ./Core/Src/usart.o
                0x08005d58                HAL_UART_MspInit
 .text.Reset_Handler
                0x08005f54       0x50 ./Core/Startup/startup_stm32f407vetx.o
                0x08005f54                Reset_Handler
 .text.Default_Handler
                0x08005fa4        0x2 ./Core/Startup/startup_stm32f407vetx.o
                0x08005fa4                RTC_Alarm_IRQHandler
                0x08005fa4                HASH_RNG_IRQHandler
                0x08005fa4                EXTI2_IRQHandler
                0x08005fa4                TIM8_CC_IRQHandler
                0x08005fa4                TIM1_CC_IRQHandler
                0x08005fa4                DMA2_Stream5_IRQHandler
                0x08005fa4                DMA1_Stream5_IRQHandler
                0x08005fa4                PVD_IRQHandler
                0x08005fa4                TAMP_STAMP_IRQHandler
                0x08005fa4                CAN2_RX1_IRQHandler
                0x08005fa4                EXTI3_IRQHandler
                0x08005fa4                TIM8_TRG_COM_TIM14_IRQHandler
                0x08005fa4                TIM1_UP_TIM10_IRQHandler
                0x08005fa4                TIM8_UP_TIM13_IRQHandler
                0x08005fa4                I2C3_ER_IRQHandler
                0x08005fa4                EXTI0_IRQHandler
                0x08005fa4                I2C2_EV_IRQHandler
                0x08005fa4                DMA1_Stream2_IRQHandler
                0x08005fa4                CAN1_RX0_IRQHandler
                0x08005fa4                FPU_IRQHandler
                0x08005fa4                OTG_HS_WKUP_IRQHandler
                0x08005fa4                CAN2_SCE_IRQHandler
                0x08005fa4                DMA2_Stream2_IRQHandler
                0x08005fa4                SPI1_IRQHandler
                0x08005fa4                TIM6_DAC_IRQHandler
                0x08005fa4                TIM1_BRK_TIM9_IRQHandler
                0x08005fa4                DCMI_IRQHandler
                0x08005fa4                CAN2_RX0_IRQHandler
                0x08005fa4                USART6_IRQHandler
                0x08005fa4                CAN1_RX1_IRQHandler
                0x08005fa4                UART5_IRQHandler
                0x08005fa4                DMA2_Stream0_IRQHandler
                0x08005fa4                I2C1_EV_IRQHandler
                0x08005fa4                DMA1_Stream6_IRQHandler
                0x08005fa4                UART4_IRQHandler
                0x08005fa4                TIM3_IRQHandler
                0x08005fa4                RCC_IRQHandler
                0x08005fa4                TIM8_BRK_TIM12_IRQHandler
                0x08005fa4                Default_Handler
                0x08005fa4                EXTI15_10_IRQHandler
                0x08005fa4                ADC_IRQHandler
                0x08005fa4                DMA1_Stream7_IRQHandler
                0x08005fa4                TIM7_IRQHandler
                0x08005fa4                CAN2_TX_IRQHandler
                0x08005fa4                TIM5_IRQHandler
                0x08005fa4                DMA2_Stream7_IRQHandler
                0x08005fa4                I2C3_EV_IRQHandler
                0x08005fa4                EXTI9_5_IRQHandler
                0x08005fa4                RTC_WKUP_IRQHandler
                0x08005fa4                ETH_WKUP_IRQHandler
                0x08005fa4                SPI2_IRQHandler
                0x08005fa4                OTG_HS_EP1_IN_IRQHandler
                0x08005fa4                DMA1_Stream0_IRQHandler
                0x08005fa4                CAN1_TX_IRQHandler
                0x08005fa4                EXTI4_IRQHandler
                0x08005fa4                FSMC_IRQHandler
                0x08005fa4                ETH_IRQHandler
                0x08005fa4                OTG_HS_EP1_OUT_IRQHandler
                0x08005fa4                WWDG_IRQHandler
                0x08005fa4                OTG_FS_WKUP_IRQHandler
                0x08005fa4                TIM1_TRG_COM_TIM11_IRQHandler
                0x08005fa4                OTG_HS_IRQHandler
                0x08005fa4                EXTI1_IRQHandler
                0x08005fa4                I2C2_ER_IRQHandler
                0x08005fa4                DMA2_Stream1_IRQHandler
                0x08005fa4                CAN1_SCE_IRQHandler
                0x08005fa4                FLASH_IRQHandler
                0x08005fa4                DMA2_Stream4_IRQHandler
                0x08005fa4                OTG_FS_IRQHandler
                0x08005fa4                SPI3_IRQHandler
                0x08005fa4                DMA1_Stream4_IRQHandler
                0x08005fa4                I2C1_ER_IRQHandler
                0x08005fa4                DMA1_Stream3_IRQHandler
 *fill*         0x08005fa6        0x2 
 .text.AT24Cxx_get_max_addr
                0x08005fa8       0x60 ./Core/epprom/AT24Cxx_stm32_hal.o
                0x08005fa8                AT24Cxx_get_max_addr
 .text.AT24Cxx_get_pg_size
                0x08006008       0x58 ./Core/epprom/AT24Cxx_stm32_hal.o
                0x08006008                AT24Cxx_get_pg_size
 .text.AT24Cxx_init
                0x08006060       0x80 ./Core/epprom/AT24Cxx_stm32_hal.o
                0x08006060                AT24Cxx_init
 .text.AT24Cxx_add_dev
                0x080060e0       0xae ./Core/epprom/AT24Cxx_stm32_hal.o
                0x080060e0                AT24Cxx_add_dev
 .text.AT24Cxx_write_byte_buffer
                0x0800618e      0x204 ./Core/epprom/AT24Cxx_stm32_hal.o
                0x0800618e                AT24Cxx_write_byte_buffer
 .text.AT24Cxx_read_byte_buffer
                0x08006392       0x6e ./Core/epprom/AT24Cxx_stm32_hal.o
                0x08006392                AT24Cxx_read_byte_buffer
 .text.constrainf
                0x08006400       0x52 ./Core/flight/attitude_ctrl.o
 *fill*         0x08006452        0x2 
 .text.pt1FilterGain
                0x08006454       0x50 ./Core/flight/attitude_ctrl.o
 .text.attitude_ctrl_init
                0x080064a4      0x130 ./Core/flight/attitude_ctrl.o
                0x080064a4                attitude_ctrl_init
 *fill*         0x080065d4        0x4 
 .text.attitude_ctrl
                0x080065d8      0x864 ./Core/flight/attitude_ctrl.o
                0x080065d8                attitude_ctrl
 .text.mavlink_tx_cpl_callback
                0x08006e3c       0x18 ./Core/flight/mavlink_handler.o
                0x08006e3c                mavlink_tx_cpl_callback
 .text.HAL_Init
                0x08006e54       0x44 ./Drivers/STM32F4xx_HAL_Driver/Src/stm32f4xx_hal.o
                0x08006e54                HAL_Init
 .text.HAL_IncTick
                0x08006e98       0x28 ./Drivers/STM32F4xx_HAL_Driver/Src/stm32f4xx_hal.o
                0x08006e98                HAL_IncTick
 .text.HAL_GetTick
                0x08006ec0       0x18 ./Drivers/STM32F4xx_HAL_Driver/Src/stm32f4xx_hal.o
                0x08006ec0                HAL_GetTick
 .text.HAL_Delay
                0x08006ed8       0x48 ./Drivers/STM32F4xx_HAL_Driver/Src/stm32f4xx_hal.o
                0x08006ed8                HAL_Delay
 .text.__NVIC_SetPriorityGrouping
                0x08006f20       0x48 ./Drivers/STM32F4xx_HAL_Driver/Src/stm32f4xx_hal_cortex.o
 .text.__NVIC_GetPriorityGrouping
                0x08006f68       0x1c ./Drivers/STM32F4xx_HAL_Driver/Src/stm32f4xx_hal_cortex.o
 .text.__NVIC_EnableIRQ
                0x08006f84       0x3c ./Drivers/STM32F4xx_HAL_Driver/Src/stm32f4xx_hal_cortex.o
 .text.__NVIC_SetPriority
                0x08006fc0       0x54 ./Drivers/STM32F4xx_HAL_Driver/Src/stm32f4xx_hal_cortex.o
 .text.NVIC_EncodePriority
                0x08007014       0x66 ./Drivers/STM32F4xx_HAL_Driver/Src/stm32f4xx_hal_cortex.o
 .text.HAL_NVIC_SetPriorityGrouping
                0x0800707a       0x16 ./Drivers/STM32F4xx_HAL_Driver/Src/stm32f4xx_hal_cortex.o
                0x0800707a                HAL_NVIC_SetPriorityGrouping
 .text.HAL_NVIC_SetPriority
                0x08007090       0x38 ./Drivers/STM32F4xx_HAL_Driver/Src/stm32f4xx_hal_cortex.o
                0x08007090                HAL_NVIC_SetPriority
 .text.HAL_NVIC_EnableIRQ
                0x080070c8       0x1c ./Drivers/STM32F4xx_HAL_Driver/Src/stm32f4xx_hal_cortex.o
                0x080070c8                HAL_NVIC_EnableIRQ
 .text.HAL_DMA_Init
                0x080070e4      0x15c ./Drivers/STM32F4xx_HAL_Driver/Src/stm32f4xx_hal_dma.o
                0x080070e4                HAL_DMA_Init
 .text.HAL_DMA_Start_IT
                0x08007240       0xb0 ./Drivers/STM32F4xx_HAL_Driver/Src/stm32f4xx_hal_dma.o
                0x08007240                HAL_DMA_Start_IT
 .text.HAL_DMA_Abort
                0x080072f0       0xe0 ./Drivers/STM32F4xx_HAL_Driver/Src/stm32f4xx_hal_dma.o
                0x080072f0                HAL_DMA_Abort
 .text.HAL_DMA_Abort_IT
                0x080073d0       0x44 ./Drivers/STM32F4xx_HAL_Driver/Src/stm32f4xx_hal_dma.o
                0x080073d0                HAL_DMA_Abort_IT
 .text.HAL_DMA_IRQHandler
                0x08007414      0x314 ./Drivers/STM32F4xx_HAL_Driver/Src/stm32f4xx_hal_dma.o
                0x08007414                HAL_DMA_IRQHandler
 .text.HAL_DMA_GetError
                0x08007728       0x18 ./Drivers/STM32F4xx_HAL_Driver/Src/stm32f4xx_hal_dma.o
                0x08007728                HAL_DMA_GetError
 .text.DMA_SetConfig
                0x08007740       0x5c ./Drivers/STM32F4xx_HAL_Driver/Src/stm32f4xx_hal_dma.o
 .text.DMA_CalcBaseAndBitshift
                0x0800779c       0x6c ./Drivers/STM32F4xx_HAL_Driver/Src/stm32f4xx_hal_dma.o
 .text.DMA_CheckFifoParam
                0x08007808       0xf8 ./Drivers/STM32F4xx_HAL_Driver/Src/stm32f4xx_hal_dma.o
 .text.HAL_GPIO_Init
                0x08007900      0x338 ./Drivers/STM32F4xx_HAL_Driver/Src/stm32f4xx_hal_gpio.o
                0x08007900                HAL_GPIO_Init
 .text.HAL_GPIO_ReadPin
                0x08007c38       0x30 ./Drivers/STM32F4xx_HAL_Driver/Src/stm32f4xx_hal_gpio.o
                0x08007c38                HAL_GPIO_ReadPin
 .text.HAL_GPIO_WritePin
                0x08007c68       0x32 ./Drivers/STM32F4xx_HAL_Driver/Src/stm32f4xx_hal_gpio.o
                0x08007c68                HAL_GPIO_WritePin
 .text.HAL_GPIO_TogglePin
                0x08007c9a       0x34 ./Drivers/STM32F4xx_HAL_Driver/Src/stm32f4xx_hal_gpio.o
                0x08007c9a                HAL_GPIO_TogglePin
 *fill*         0x08007cce        0x2 
 .text.HAL_I2C_Init
                0x08007cd0      0x288 ./Drivers/STM32F4xx_HAL_Driver/Src/stm32f4xx_hal_i2c.o
                0x08007cd0                HAL_I2C_Init
 .text.HAL_I2C_Master_Transmit
                0x08007f58      0x1fc ./Drivers/STM32F4xx_HAL_Driver/Src/stm32f4xx_hal_i2c.o
                0x08007f58                HAL_I2C_Master_Transmit
 .text.HAL_I2C_Master_Receive
                0x08008154      0x464 ./Drivers/STM32F4xx_HAL_Driver/Src/stm32f4xx_hal_i2c.o
                0x08008154                HAL_I2C_Master_Receive
 .text.HAL_I2C_Mem_Write
                0x080085b8      0x1f4 ./Drivers/STM32F4xx_HAL_Driver/Src/stm32f4xx_hal_i2c.o
                0x080085b8                HAL_I2C_Mem_Write
 .text.HAL_I2C_Mem_Read
                0x080087ac      0x464 ./Drivers/STM32F4xx_HAL_Driver/Src/stm32f4xx_hal_i2c.o
                0x080087ac                HAL_I2C_Mem_Read
 .text.HAL_I2C_IsDeviceReady
                0x08008c10      0x25c ./Drivers/STM32F4xx_HAL_Driver/Src/stm32f4xx_hal_i2c.o
                0x08008c10                HAL_I2C_IsDeviceReady
 .text.I2C_MasterRequestWrite
                0x08008e6c      0x104 ./Drivers/STM32F4xx_HAL_Driver/Src/stm32f4xx_hal_i2c.o
 .text.I2C_MasterRequestRead
                0x08008f70      0x19c ./Drivers/STM32F4xx_HAL_Driver/Src/stm32f4xx_hal_i2c.o
 .text.I2C_RequestMemoryWrite
                0x0800910c      0x12c ./Drivers/STM32F4xx_HAL_Driver/Src/stm32f4xx_hal_i2c.o
 .text.I2C_RequestMemoryRead
                0x08009238      0x1d0 ./Drivers/STM32F4xx_HAL_Driver/Src/stm32f4xx_hal_i2c.o
 .text.I2C_WaitOnFlagUntilTimeout
                0x08009408       0xf4 ./Drivers/STM32F4xx_HAL_Driver/Src/stm32f4xx_hal_i2c.o
 .text.I2C_WaitOnMasterAddressFlagUntilTimeout
                0x080094fc      0x140 ./Drivers/STM32F4xx_HAL_Driver/Src/stm32f4xx_hal_i2c.o
 .text.I2C_WaitOnTXEFlagUntilTimeout
                0x0800963c       0x90 ./Drivers/STM32F4xx_HAL_Driver/Src/stm32f4xx_hal_i2c.o
 .text.I2C_WaitOnBTFFlagUntilTimeout
                0x080096cc       0x90 ./Drivers/STM32F4xx_HAL_Driver/Src/stm32f4xx_hal_i2c.o
 .text.I2C_WaitOnRXNEFlagUntilTimeout
                0x0800975c       0xba ./Drivers/STM32F4xx_HAL_Driver/Src/stm32f4xx_hal_i2c.o
 .text.I2C_IsAcknowledgeFailed
                0x08009816       0x5e ./Drivers/STM32F4xx_HAL_Driver/Src/stm32f4xx_hal_i2c.o
 .text.HAL_RCC_OscConfig
                0x08009874      0x4f0 ./Drivers/STM32F4xx_HAL_Driver/Src/stm32f4xx_hal_rcc.o
                0x08009874                HAL_RCC_OscConfig
 .text.HAL_RCC_ClockConfig
                0x08009d64      0x1cc ./Drivers/STM32F4xx_HAL_Driver/Src/stm32f4xx_hal_rcc.o
                0x08009d64                HAL_RCC_ClockConfig
 .text.HAL_RCC_GetSysClockFreq
                0x08009f30      0x20c ./Drivers/STM32F4xx_HAL_Driver/Src/stm32f4xx_hal_rcc.o
                0x08009f30                HAL_RCC_GetSysClockFreq
 .text.HAL_RCC_GetHCLKFreq
                0x0800a13c       0x18 ./Drivers/STM32F4xx_HAL_Driver/Src/stm32f4xx_hal_rcc.o
                0x0800a13c                HAL_RCC_GetHCLKFreq
 .text.HAL_RCC_GetPCLK1Freq
                0x0800a154       0x28 ./Drivers/STM32F4xx_HAL_Driver/Src/stm32f4xx_hal_rcc.o
                0x0800a154                HAL_RCC_GetPCLK1Freq
 .text.HAL_RCC_GetPCLK2Freq
                0x0800a17c       0x28 ./Drivers/STM32F4xx_HAL_Driver/Src/stm32f4xx_hal_rcc.o
                0x0800a17c                HAL_RCC_GetPCLK2Freq
 .text.HAL_RCC_GetClockConfig
                0x0800a1a4       0x64 ./Drivers/STM32F4xx_HAL_Driver/Src/stm32f4xx_hal_rcc.o
                0x0800a1a4                HAL_RCC_GetClockConfig
 .text.HAL_SD_Init
                0x0800a208       0x60 ./Drivers/STM32F4xx_HAL_Driver/Src/stm32f4xx_hal_sd.o
                0x0800a208                HAL_SD_Init
 .text.HAL_SD_InitCard
                0x0800a268      0x100 ./Drivers/STM32F4xx_HAL_Driver/Src/stm32f4xx_hal_sd.o
                0x0800a268                HAL_SD_InitCard
 .text.HAL_SD_ReadBlocks_DMA
                0x0800a368      0x1c4 ./Drivers/STM32F4xx_HAL_Driver/Src/stm32f4xx_hal_sd.o
                0x0800a368                HAL_SD_ReadBlocks_DMA
 .text.HAL_SD_WriteBlocks_DMA
                0x0800a52c      0x1cc ./Drivers/STM32F4xx_HAL_Driver/Src/stm32f4xx_hal_sd.o
                0x0800a52c                HAL_SD_WriteBlocks_DMA
 .text.HAL_SD_IRQHandler
                0x0800a6f8      0x30c ./Drivers/STM32F4xx_HAL_Driver/Src/stm32f4xx_hal_sd.o
                0x0800a6f8                HAL_SD_IRQHandler
 .text.HAL_SD_ErrorCallback
                0x0800aa04       0x14 ./Drivers/STM32F4xx_HAL_Driver/Src/stm32f4xx_hal_sd.o
                0x0800aa04                HAL_SD_ErrorCallback
 .text.HAL_SD_GetCardCSD
                0x0800aa18      0x348 ./Drivers/STM32F4xx_HAL_Driver/Src/stm32f4xx_hal_sd.o
                0x0800aa18                HAL_SD_GetCardCSD
 .text.HAL_SD_GetCardInfo
                0x0800ad60       0x58 ./Drivers/STM32F4xx_HAL_Driver/Src/stm32f4xx_hal_sd.o
                0x0800ad60                HAL_SD_GetCardInfo
 .text.HAL_SD_GetCardState
                0x0800adb8       0x40 ./Drivers/STM32F4xx_HAL_Driver/Src/stm32f4xx_hal_sd.o
                0x0800adb8                HAL_SD_GetCardState
 .text.SD_DMATransmitCplt
                0x0800adf8       0x2a ./Drivers/STM32F4xx_HAL_Driver/Src/stm32f4xx_hal_sd.o
 .text.SD_DMAReceiveCplt
                0x0800ae22       0x70 ./Drivers/STM32F4xx_HAL_Driver/Src/stm32f4xx_hal_sd.o
 *fill*         0x0800ae92        0x2 
 .text.SD_DMAError
                0x0800ae94       0xa4 ./Drivers/STM32F4xx_HAL_Driver/Src/stm32f4xx_hal_sd.o
 .text.SD_DMATxAbort
                0x0800af38       0x6e ./Drivers/STM32F4xx_HAL_Driver/Src/stm32f4xx_hal_sd.o
 .text.SD_DMARxAbort
                0x0800afa6       0x6e ./Drivers/STM32F4xx_HAL_Driver/Src/stm32f4xx_hal_sd.o
 .text.SD_InitCard
                0x0800b014      0x19c ./Drivers/STM32F4xx_HAL_Driver/Src/stm32f4xx_hal_sd.o
 .text.SD_PowerON
                0x0800b1b0      0x11c ./Drivers/STM32F4xx_HAL_Driver/Src/stm32f4xx_hal_sd.o
 .text.SD_SendStatus
                0x0800b2cc       0x50 ./Drivers/STM32F4xx_HAL_Driver/Src/stm32f4xx_hal_sd.o
 .text.SD_Read_IT
                0x0800b31c       0xa2 ./Drivers/STM32F4xx_HAL_Driver/Src/stm32f4xx_hal_sd.o
 .text.SD_Write_IT
                0x0800b3be       0xaa ./Drivers/STM32F4xx_HAL_Driver/Src/stm32f4xx_hal_sd.o
 .text.HAL_TIM_Base_Init
                0x0800b468       0x9e ./Drivers/STM32F4xx_HAL_Driver/Src/stm32f4xx_hal_tim.o
                0x0800b468                HAL_TIM_Base_Init
 *fill*         0x0800b506        0x2 
 .text.HAL_TIM_Base_Start_IT
                0x0800b508       0xe0 ./Drivers/STM32F4xx_HAL_Driver/Src/stm32f4xx_hal_tim.o
                0x0800b508                HAL_TIM_Base_Start_IT
 .text.HAL_TIM_PWM_Init
                0x0800b5e8       0x9e ./Drivers/STM32F4xx_HAL_Driver/Src/stm32f4xx_hal_tim.o
                0x0800b5e8                HAL_TIM_PWM_Init
 .text.HAL_TIM_PWM_MspInit
                0x0800b686       0x14 ./Drivers/STM32F4xx_HAL_Driver/Src/stm32f4xx_hal_tim.o
                0x0800b686                HAL_TIM_PWM_MspInit
 *fill*         0x0800b69a        0x2 
 .text.HAL_TIM_PWM_Start
                0x0800b69c      0x190 ./Drivers/STM32F4xx_HAL_Driver/Src/stm32f4xx_hal_tim.o
                0x0800b69c                HAL_TIM_PWM_Start
 .text.HAL_TIM_IRQHandler
                0x0800b82c      0x1e0 ./Drivers/STM32F4xx_HAL_Driver/Src/stm32f4xx_hal_tim.o
                0x0800b82c                HAL_TIM_IRQHandler
 .text.HAL_TIM_PWM_ConfigChannel
                0x0800ba0c      0x184 ./Drivers/STM32F4xx_HAL_Driver/Src/stm32f4xx_hal_tim.o
                0x0800ba0c                HAL_TIM_PWM_ConfigChannel
 .text.HAL_TIM_ConfigClockSource
                0x0800bb90      0x18e ./Drivers/STM32F4xx_HAL_Driver/Src/stm32f4xx_hal_tim.o
                0x0800bb90                HAL_TIM_ConfigClockSource
 .text.HAL_TIM_OC_DelayElapsedCallback
                0x0800bd1e       0x14 ./Drivers/STM32F4xx_HAL_Driver/Src/stm32f4xx_hal_tim.o
                0x0800bd1e                HAL_TIM_OC_DelayElapsedCallback
 .text.HAL_TIM_IC_CaptureCallback
                0x0800bd32       0x14 ./Drivers/STM32F4xx_HAL_Driver/Src/stm32f4xx_hal_tim.o
                0x0800bd32                HAL_TIM_IC_CaptureCallback
 .text.HAL_TIM_PWM_PulseFinishedCallback
                0x0800bd46       0x14 ./Drivers/STM32F4xx_HAL_Driver/Src/stm32f4xx_hal_tim.o
                0x0800bd46                HAL_TIM_PWM_PulseFinishedCallback
 .text.HAL_TIM_TriggerCallback
                0x0800bd5a       0x14 ./Drivers/STM32F4xx_HAL_Driver/Src/stm32f4xx_hal_tim.o
                0x0800bd5a                HAL_TIM_TriggerCallback
 *fill*         0x0800bd6e        0x2 
 .text.TIM_Base_SetConfig
                0x0800bd70      0x158 ./Drivers/STM32F4xx_HAL_Driver/Src/stm32f4xx_hal_tim.o
                0x0800bd70                TIM_Base_SetConfig
 .text.TIM_OC1_SetConfig
                0x0800bec8       0xe0 ./Drivers/STM32F4xx_HAL_Driver/Src/stm32f4xx_hal_tim.o
 .text.TIM_OC2_SetConfig
                0x0800bfa8       0xec ./Drivers/STM32F4xx_HAL_Driver/Src/stm32f4xx_hal_tim.o
                0x0800bfa8                TIM_OC2_SetConfig
 .text.TIM_OC3_SetConfig
                0x0800c094       0xe8 ./Drivers/STM32F4xx_HAL_Driver/Src/stm32f4xx_hal_tim.o
 .text.TIM_OC4_SetConfig
                0x0800c17c       0xac ./Drivers/STM32F4xx_HAL_Driver/Src/stm32f4xx_hal_tim.o
 .text.TIM_TI1_ConfigInputStage
                0x0800c228       0x5e ./Drivers/STM32F4xx_HAL_Driver/Src/stm32f4xx_hal_tim.o
 .text.TIM_TI2_ConfigInputStage
                0x0800c286       0x60 ./Drivers/STM32F4xx_HAL_Driver/Src/stm32f4xx_hal_tim.o
 .text.TIM_ITRx_SetConfig
                0x0800c2e6       0x36 ./Drivers/STM32F4xx_HAL_Driver/Src/stm32f4xx_hal_tim.o
 .text.TIM_ETR_SetConfig
                0x0800c31c       0x40 ./Drivers/STM32F4xx_HAL_Driver/Src/stm32f4xx_hal_tim.o
                0x0800c31c                TIM_ETR_SetConfig
 .text.TIM_CCxChannelCmd
                0x0800c35c       0x4a ./Drivers/STM32F4xx_HAL_Driver/Src/stm32f4xx_hal_tim.o
                0x0800c35c                TIM_CCxChannelCmd
 *fill*         0x0800c3a6        0x2 
 .text.HAL_TIMEx_MasterConfigSynchronization
                0x0800c3a8       0xf8 ./Drivers/STM32F4xx_HAL_Driver/Src/stm32f4xx_hal_tim_ex.o
                0x0800c3a8                HAL_TIMEx_MasterConfigSynchronization
 .text.HAL_TIMEx_CommutCallback
                0x0800c4a0       0x14 ./Drivers/STM32F4xx_HAL_Driver/Src/stm32f4xx_hal_tim_ex.o
                0x0800c4a0                HAL_TIMEx_CommutCallback
 .text.HAL_TIMEx_BreakCallback
                0x0800c4b4       0x14 ./Drivers/STM32F4xx_HAL_Driver/Src/stm32f4xx_hal_tim_ex.o
                0x0800c4b4                HAL_TIMEx_BreakCallback
 .text.HAL_UART_Init
                0x0800c4c8       0xa0 ./Drivers/STM32F4xx_HAL_Driver/Src/stm32f4xx_hal_uart.o
                0x0800c4c8                HAL_UART_Init
 .text.HAL_UART_Transmit
                0x0800c568      0x116 ./Drivers/STM32F4xx_HAL_Driver/Src/stm32f4xx_hal_uart.o
                0x0800c568                HAL_UART_Transmit
 .text.HAL_UART_Receive_IT
                0x0800c67e       0x4a ./Drivers/STM32F4xx_HAL_Driver/Src/stm32f4xx_hal_uart.o
                0x0800c67e                HAL_UART_Receive_IT
 .text.HAL_UART_Receive_DMA
                0x0800c6c8       0x4a ./Drivers/STM32F4xx_HAL_Driver/Src/stm32f4xx_hal_uart.o
                0x0800c6c8                HAL_UART_Receive_DMA
 *fill*         0x0800c712        0x2 
 .text.HAL_UART_IRQHandler
                0x0800c714      0x524 ./Drivers/STM32F4xx_HAL_Driver/Src/stm32f4xx_hal_uart.o
                0x0800c714                HAL_UART_IRQHandler
 .text.HAL_UART_RxHalfCpltCallback
                0x0800cc38       0x14 ./Drivers/STM32F4xx_HAL_Driver/Src/stm32f4xx_hal_uart.o
                0x0800cc38                HAL_UART_RxHalfCpltCallback
 .text.HAL_UART_ErrorCallback
                0x0800cc4c       0x14 ./Drivers/STM32F4xx_HAL_Driver/Src/stm32f4xx_hal_uart.o
                0x0800cc4c                HAL_UART_ErrorCallback
 .text.HAL_UARTEx_RxEventCallback
                0x0800cc60       0x18 ./Drivers/STM32F4xx_HAL_Driver/Src/stm32f4xx_hal_uart.o
                0x0800cc60                HAL_UARTEx_RxEventCallback
 .text.UART_DMAReceiveCplt
                0x0800cc78      0x12c ./Drivers/STM32F4xx_HAL_Driver/Src/stm32f4xx_hal_uart.o
 .text.UART_DMARxHalfCplt
                0x0800cda4       0x3c ./Drivers/STM32F4xx_HAL_Driver/Src/stm32f4xx_hal_uart.o
 .text.UART_DMAError
                0x0800cde0       0x94 ./Drivers/STM32F4xx_HAL_Driver/Src/stm32f4xx_hal_uart.o
 .text.UART_WaitOnFlagUntilTimeout
                0x0800ce74       0xb2 ./Drivers/STM32F4xx_HAL_Driver/Src/stm32f4xx_hal_uart.o
 .text.UART_Start_Receive_IT
                0x0800cf26       0x74 ./Drivers/STM32F4xx_HAL_Driver/Src/stm32f4xx_hal_uart.o
                0x0800cf26                UART_Start_Receive_IT
 *fill*         0x0800cf9a        0x2 
 .text.UART_Start_Receive_DMA
                0x0800cf9c      0x134 ./Drivers/STM32F4xx_HAL_Driver/Src/stm32f4xx_hal_uart.o
                0x0800cf9c                UART_Start_Receive_DMA
 .text.UART_EndTxTransfer
                0x0800d0d0       0x50 ./Drivers/STM32F4xx_HAL_Driver/Src/stm32f4xx_hal_uart.o
 .text.UART_EndRxTransfer
                0x0800d120       0xc6 ./Drivers/STM32F4xx_HAL_Driver/Src/stm32f4xx_hal_uart.o
 .text.UART_DMAAbortOnError
                0x0800d1e6       0x28 ./Drivers/STM32F4xx_HAL_Driver/Src/stm32f4xx_hal_uart.o
 .text.UART_Transmit_IT
                0x0800d20e       0xa0 ./Drivers/STM32F4xx_HAL_Driver/Src/stm32f4xx_hal_uart.o
 .text.UART_EndTransmit_IT
                0x0800d2ae       0x30 ./Drivers/STM32F4xx_HAL_Driver/Src/stm32f4xx_hal_uart.o
 .text.UART_Receive_IT
                0x0800d2de      0x17c ./Drivers/STM32F4xx_HAL_Driver/Src/stm32f4xx_hal_uart.o
 *fill*         0x0800d45a        0x2 
 .text.UART_SetConfig
                0x0800d45c      0x4e8 ./Drivers/STM32F4xx_HAL_Driver/Src/stm32f4xx_hal_uart.o
 .text.SDIO_Init
                0x0800d944       0x56 ./Drivers/STM32F4xx_HAL_Driver/Src/stm32f4xx_ll_sdmmc.o
                0x0800d944                SDIO_Init
 .text.SDIO_ReadFIFO
                0x0800d99a       0x1a ./Drivers/STM32F4xx_HAL_Driver/Src/stm32f4xx_ll_sdmmc.o
                0x0800d99a                SDIO_ReadFIFO
 .text.SDIO_WriteFIFO
                0x0800d9b4       0x22 ./Drivers/STM32F4xx_HAL_Driver/Src/stm32f4xx_ll_sdmmc.o
                0x0800d9b4                SDIO_WriteFIFO
 .text.SDIO_PowerState_ON
                0x0800d9d6       0x1c ./Drivers/STM32F4xx_HAL_Driver/Src/stm32f4xx_ll_sdmmc.o
                0x0800d9d6                SDIO_PowerState_ON
 .text.SDIO_GetPowerState
                0x0800d9f2       0x1c ./Drivers/STM32F4xx_HAL_Driver/Src/stm32f4xx_ll_sdmmc.o
                0x0800d9f2                SDIO_GetPowerState
 .text.SDIO_SendCommand
                0x0800da0e       0x54 ./Drivers/STM32F4xx_HAL_Driver/Src/stm32f4xx_ll_sdmmc.o
                0x0800da0e                SDIO_SendCommand
 .text.SDIO_GetCommandResponse
                0x0800da62       0x1a ./Drivers/STM32F4xx_HAL_Driver/Src/stm32f4xx_ll_sdmmc.o
                0x0800da62                SDIO_GetCommandResponse
 .text.SDIO_GetResponse
                0x0800da7c       0x26 ./Drivers/STM32F4xx_HAL_Driver/Src/stm32f4xx_ll_sdmmc.o
                0x0800da7c                SDIO_GetResponse
 .text.SDIO_ConfigData
                0x0800daa2       0x58 ./Drivers/STM32F4xx_HAL_Driver/Src/stm32f4xx_ll_sdmmc.o
                0x0800daa2                SDIO_ConfigData
 .text.SDMMC_CmdBlockLength
                0x0800dafa       0x44 ./Drivers/STM32F4xx_HAL_Driver/Src/stm32f4xx_ll_sdmmc.o
                0x0800dafa                SDMMC_CmdBlockLength
 .text.SDMMC_CmdReadSingleBlock
                0x0800db3e       0x44 ./Drivers/STM32F4xx_HAL_Driver/Src/stm32f4xx_ll_sdmmc.o
                0x0800db3e                SDMMC_CmdReadSingleBlock
 .text.SDMMC_CmdReadMultiBlock
                0x0800db82       0x44 ./Drivers/STM32F4xx_HAL_Driver/Src/stm32f4xx_ll_sdmmc.o
                0x0800db82                SDMMC_CmdReadMultiBlock
 .text.SDMMC_CmdWriteSingleBlock
                0x0800dbc6       0x44 ./Drivers/STM32F4xx_HAL_Driver/Src/stm32f4xx_ll_sdmmc.o
                0x0800dbc6                SDMMC_CmdWriteSingleBlock
 .text.SDMMC_CmdWriteMultiBlock
                0x0800dc0a       0x44 ./Drivers/STM32F4xx_HAL_Driver/Src/stm32f4xx_ll_sdmmc.o
                0x0800dc0a                SDMMC_CmdWriteMultiBlock
 *fill*         0x0800dc4e        0x2 
 .text.SDMMC_CmdStopTransfer
                0x0800dc50       0x44 ./Drivers/STM32F4xx_HAL_Driver/Src/stm32f4xx_ll_sdmmc.o
                0x0800dc50                SDMMC_CmdStopTransfer
 .text.SDMMC_CmdSelDesel
                0x0800dc94       0x46 ./Drivers/STM32F4xx_HAL_Driver/Src/stm32f4xx_ll_sdmmc.o
                0x0800dc94                SDMMC_CmdSelDesel
 .text.SDMMC_CmdGoIdleState
                0x0800dcda       0x3c ./Drivers/STM32F4xx_HAL_Driver/Src/stm32f4xx_ll_sdmmc.o
                0x0800dcda                SDMMC_CmdGoIdleState
 .text.SDMMC_CmdOperCond
                0x0800dd16       0x3e ./Drivers/STM32F4xx_HAL_Driver/Src/stm32f4xx_ll_sdmmc.o
                0x0800dd16                SDMMC_CmdOperCond
 .text.SDMMC_CmdAppCommand
                0x0800dd54       0x44 ./Drivers/STM32F4xx_HAL_Driver/Src/stm32f4xx_ll_sdmmc.o
                0x0800dd54                SDMMC_CmdAppCommand
 .text.SDMMC_CmdAppOperCommand
                0x0800dd98       0x46 ./Drivers/STM32F4xx_HAL_Driver/Src/stm32f4xx_ll_sdmmc.o
                0x0800dd98                SDMMC_CmdAppOperCommand
 .text.SDMMC_CmdSendCID
                0x0800ddde       0x3c ./Drivers/STM32F4xx_HAL_Driver/Src/stm32f4xx_ll_sdmmc.o
                0x0800ddde                SDMMC_CmdSendCID
 .text.SDMMC_CmdSendCSD
                0x0800de1a       0x3e ./Drivers/STM32F4xx_HAL_Driver/Src/stm32f4xx_ll_sdmmc.o
                0x0800de1a                SDMMC_CmdSendCSD
 .text.SDMMC_CmdSetRelAdd
                0x0800de58       0x42 ./Drivers/STM32F4xx_HAL_Driver/Src/stm32f4xx_ll_sdmmc.o
                0x0800de58                SDMMC_CmdSetRelAdd
 .text.SDMMC_CmdSendStatus
                0x0800de9a       0x44 ./Drivers/STM32F4xx_HAL_Driver/Src/stm32f4xx_ll_sdmmc.o
                0x0800de9a                SDMMC_CmdSendStatus
 *fill*         0x0800dede        0x2 
 .text.SDMMC_GetCmdResp1
                0x0800dee0      0x1dc ./Drivers/STM32F4xx_HAL_Driver/Src/stm32f4xx_ll_sdmmc.o
                0x0800dee0                SDMMC_GetCmdResp1
 .text.SDMMC_GetCmdResp2
                0x0800e0bc       0x90 ./Drivers/STM32F4xx_HAL_Driver/Src/stm32f4xx_ll_sdmmc.o
                0x0800e0bc                SDMMC_GetCmdResp2
 .text.SDMMC_GetCmdResp3
                0x0800e14c       0x7c ./Drivers/STM32F4xx_HAL_Driver/Src/stm32f4xx_ll_sdmmc.o
                0x0800e14c                SDMMC_GetCmdResp3
 .text.SDMMC_GetCmdResp6
                0x0800e1c8       0xec ./Drivers/STM32F4xx_HAL_Driver/Src/stm32f4xx_ll_sdmmc.o
                0x0800e1c8                SDMMC_GetCmdResp6
 .text.SDMMC_GetCmdResp7
                0x0800e2b4       0x9c ./Drivers/STM32F4xx_HAL_Driver/Src/stm32f4xx_ll_sdmmc.o
                0x0800e2b4                SDMMC_GetCmdResp7
 .text.SDMMC_GetCmdError
                0x0800e350       0x58 ./Drivers/STM32F4xx_HAL_Driver/Src/stm32f4xx_ll_sdmmc.o
 .text.MX_FATFS_Init
                0x0800e3a8       0x24 ./FATFS/App/fatfs.o
                0x0800e3a8                MX_FATFS_Init
 .text.get_fattime
                0x0800e3cc       0x10 ./FATFS/App/fatfs.o
                0x0800e3cc                get_fattime
 .text.BSP_SD_Init
                0x0800e3dc       0x30 ./FATFS/Target/bsp_driver_sd.o
                0x0800e3dc                BSP_SD_Init
 .text.BSP_SD_ReadBlocks_DMA
                0x0800e40c       0x34 ./FATFS/Target/bsp_driver_sd.o
                0x0800e40c                BSP_SD_ReadBlocks_DMA
 .text.BSP_SD_WriteBlocks_DMA
                0x0800e440       0x34 ./FATFS/Target/bsp_driver_sd.o
                0x0800e440                BSP_SD_WriteBlocks_DMA
 .text.BSP_SD_GetCardState
                0x0800e474       0x20 ./FATFS/Target/bsp_driver_sd.o
                0x0800e474                BSP_SD_GetCardState
 .text.BSP_SD_GetCardInfo
                0x0800e494       0x1c ./FATFS/Target/bsp_driver_sd.o
                0x0800e494                BSP_SD_GetCardInfo
 .text.HAL_SD_AbortCallback
                0x0800e4b0       0x14 ./FATFS/Target/bsp_driver_sd.o
                0x0800e4b0                HAL_SD_AbortCallback
 .text.HAL_SD_TxCpltCallback
                0x0800e4c4       0x14 ./FATFS/Target/bsp_driver_sd.o
                0x0800e4c4                HAL_SD_TxCpltCallback
 .text.HAL_SD_RxCpltCallback
                0x0800e4d8       0x14 ./FATFS/Target/bsp_driver_sd.o
                0x0800e4d8                HAL_SD_RxCpltCallback
 .text.BSP_SD_AbortCallback
                0x0800e4ec        0xe ./FATFS/Target/bsp_driver_sd.o
                0x0800e4ec                BSP_SD_AbortCallback
 .text.BSP_SD_IsDetected
                0x0800e4fa       0x1a ./FATFS/Target/bsp_driver_sd.o
                0x0800e4fa                BSP_SD_IsDetected
 .text.SD_CheckStatusWithTimeout
                0x0800e514       0x3a ./FATFS/Target/sd_diskio.o
 *fill*         0x0800e54e        0x2 
 .text.SD_CheckStatus
                0x0800e550       0x3c ./FATFS/Target/sd_diskio.o
 .text.SD_initialize
                0x0800e58c       0x98 ./FATFS/Target/sd_diskio.o
                0x0800e58c                SD_initialize
 .text.SD_status
                0x0800e624       0x1c ./FATFS/Target/sd_diskio.o
                0x0800e624                SD_status
 .text.SD_read  0x0800e640       0x9c ./FATFS/Target/sd_diskio.o
                0x0800e640                SD_read
 .text.SD_write
                0x0800e6dc       0x94 ./FATFS/Target/sd_diskio.o
                0x0800e6dc                SD_write
 .text.SD_ioctl
                0x0800e770       0xb0 ./FATFS/Target/sd_diskio.o
                0x0800e770                SD_ioctl
 .text.BSP_SD_WriteCpltCallback
                0x0800e820       0x1c ./FATFS/Target/sd_diskio.o
                0x0800e820                BSP_SD_WriteCpltCallback
 .text.BSP_SD_ReadCpltCallback
                0x0800e83c       0x1c ./FATFS/Target/sd_diskio.o
                0x0800e83c                BSP_SD_ReadCpltCallback
 .text.disk_status
                0x0800e858       0x34 ./Middlewares/Third_Party/FatFs/src/diskio.o
                0x0800e858                disk_status
 .text.disk_initialize
                0x0800e88c       0x50 ./Middlewares/Third_Party/FatFs/src/diskio.o
                0x0800e88c                disk_initialize
 .text.disk_read
                0x0800e8dc       0x40 ./Middlewares/Third_Party/FatFs/src/diskio.o
                0x0800e8dc                disk_read
 .text.disk_write
                0x0800e91c       0x40 ./Middlewares/Third_Party/FatFs/src/diskio.o
                0x0800e91c                disk_write
 .text.disk_ioctl
                0x0800e95c       0x3c ./Middlewares/Third_Party/FatFs/src/diskio.o
                0x0800e95c                disk_ioctl
 .text.ld_word  0x0800e998       0x30 ./Middlewares/Third_Party/FatFs/src/ff.o
 .text.ld_dword
                0x0800e9c8       0x46 ./Middlewares/Third_Party/FatFs/src/ff.o
 .text.st_word  0x0800ea0e       0x36 ./Middlewares/Third_Party/FatFs/src/ff.o
 .text.st_dword
                0x0800ea44       0x58 ./Middlewares/Third_Party/FatFs/src/ff.o
 .text.mem_cpy  0x0800ea9c       0x42 ./Middlewares/Third_Party/FatFs/src/ff.o
 .text.mem_set  0x0800eade       0x36 ./Middlewares/Third_Party/FatFs/src/ff.o
 .text.mem_cmp  0x0800eb14       0x4e ./Middlewares/Third_Party/FatFs/src/ff.o
 .text.chk_chr  0x0800eb62       0x36 ./Middlewares/Third_Party/FatFs/src/ff.o
 .text.lock_fs  0x0800eb98       0x2c ./Middlewares/Third_Party/FatFs/src/ff.o
 .text.unlock_fs
                0x0800ebc4       0x36 ./Middlewares/Third_Party/FatFs/src/ff.o
 *fill*         0x0800ebfa        0x2 
 .text.chk_lock
                0x0800ebfc       0xb8 ./Middlewares/Third_Party/FatFs/src/ff.o
 .text.enq_lock
                0x0800ecb4       0x44 ./Middlewares/Third_Party/FatFs/src/ff.o
 .text.inc_lock
                0x0800ecf8      0x11c ./Middlewares/Third_Party/FatFs/src/ff.o
 .text.clear_lock
                0x0800ee14       0x48 ./Middlewares/Third_Party/FatFs/src/ff.o
 .text.sync_window
                0x0800ee5c       0x88 ./Middlewares/Third_Party/FatFs/src/ff.o
 .text.move_window
                0x0800eee4       0x5a ./Middlewares/Third_Party/FatFs/src/ff.o
 *fill*         0x0800ef3e        0x2 
 .text.sync_fs  0x0800ef40       0xdc ./Middlewares/Third_Party/FatFs/src/ff.o
 .text.clust2sect
                0x0800f01c       0x3e ./Middlewares/Third_Party/FatFs/src/ff.o
 .text.get_fat  0x0800f05a      0x14e ./Middlewares/Third_Party/FatFs/src/ff.o
 .text.put_fat  0x0800f1a8      0x1d4 ./Middlewares/Third_Party/FatFs/src/ff.o
 .text.remove_chain
                0x0800f37c       0xca ./Middlewares/Third_Party/FatFs/src/ff.o
 .text.create_chain
                0x0800f446      0x130 ./Middlewares/Third_Party/FatFs/src/ff.o
 .text.clmt_clust
                0x0800f576       0x68 ./Middlewares/Third_Party/FatFs/src/ff.o
 .text.dir_sdi  0x0800f5de       0xf6 ./Middlewares/Third_Party/FatFs/src/ff.o
 .text.dir_next
                0x0800f6d4      0x18a ./Middlewares/Third_Party/FatFs/src/ff.o
 .text.dir_alloc
                0x0800f85e       0x8e ./Middlewares/Third_Party/FatFs/src/ff.o
 .text.ld_clust
                0x0800f8ec       0x3e ./Middlewares/Third_Party/FatFs/src/ff.o
 .text.st_clust
                0x0800f92a       0x40 ./Middlewares/Third_Party/FatFs/src/ff.o
 *fill*         0x0800f96a        0x2 
 .text.cmp_lfn  0x0800f96c       0xe0 ./Middlewares/Third_Party/FatFs/src/ff.o
 .text.put_lfn  0x0800fa4c       0xd0 ./Middlewares/Third_Party/FatFs/src/ff.o
 .text.gen_numname
                0x0800fb1c      0x11c ./Middlewares/Third_Party/FatFs/src/ff.o
 .text.sum_sfn  0x0800fc38       0x42 ./Middlewares/Third_Party/FatFs/src/ff.o
 .text.dir_find
                0x0800fc7a      0x180 ./Middlewares/Third_Party/FatFs/src/ff.o
 *fill*         0x0800fdfa        0x2 
 .text.dir_register
                0x0800fdfc      0x1f0 ./Middlewares/Third_Party/FatFs/src/ff.o
 .text.create_name
                0x0800ffec      0x370 ./Middlewares/Third_Party/FatFs/src/ff.o
 .text.follow_path
                0x0801035c       0xe2 ./Middlewares/Third_Party/FatFs/src/ff.o
 .text.get_ldnumber
                0x0801043e       0x88 ./Middlewares/Third_Party/FatFs/src/ff.o
 *fill*         0x080104c6        0x2 
 .text.check_fs
                0x080104c8       0xac ./Middlewares/Third_Party/FatFs/src/ff.o
 .text.find_volume
                0x08010574      0x4a8 ./Middlewares/Third_Party/FatFs/src/ff.o
 .text.validate
                0x08010a1c       0x8e ./Middlewares/Third_Party/FatFs/src/ff.o
 *fill*         0x08010aaa        0x2 
 .text.f_mount  0x08010aac       0xc8 ./Middlewares/Third_Party/FatFs/src/ff.o
                0x08010aac                f_mount
 .text.f_open   0x08010b74      0x576 ./Middlewares/Third_Party/FatFs/src/ff.o
                0x08010b74                f_open
 .text.f_write  0x080110ea      0x348 ./Middlewares/Third_Party/FatFs/src/ff.o
                0x080110ea                f_write
 .text.f_sync   0x08011432      0x112 ./Middlewares/Third_Party/FatFs/src/ff.o
                0x08011432                f_sync
 .text.f_lseek  0x08011544      0x4a6 ./Middlewares/Third_Party/FatFs/src/ff.o
                0x08011544                f_lseek
 .text.putc_bfd
                0x080119ea       0x7a ./Middlewares/Third_Party/FatFs/src/ff.o
 .text.putc_flush
                0x08011a64       0x4a ./Middlewares/Third_Party/FatFs/src/ff.o
 .text.putc_init
                0x08011aae       0x2a ./Middlewares/Third_Party/FatFs/src/ff.o
 .text.f_puts   0x08011ad8       0x48 ./Middlewares/Third_Party/FatFs/src/ff.o
                0x08011ad8                f_puts
 .text.FATFS_LinkDriverEx
                0x08011b20       0x98 ./Middlewares/Third_Party/FatFs/src/ff_gen_drv.o
                0x08011b20                FATFS_LinkDriverEx
 .text.FATFS_LinkDriver
                0x08011bb8       0x1e ./Middlewares/Third_Party/FatFs/src/ff_gen_drv.o
                0x08011bb8                FATFS_LinkDriver
 *fill*         0x08011bd6        0x2 
 .text.ff_convert
                0x08011bd8       0x78 ./Middlewares/Third_Party/FatFs/src/option/ccsbcs.o
                0x08011bd8                ff_convert
 .text.ff_wtoupper
                0x08011c50      0x114 ./Middlewares/Third_Party/FatFs/src/option/ccsbcs.o
                0x08011c50                ff_wtoupper
 .text.ff_cre_syncobj
                0x08011d64       0x3c ./Middlewares/Third_Party/FatFs/src/option/syscall.o
                0x08011d64                ff_cre_syncobj
 .text.ff_del_syncobj
                0x08011da0       0x18 ./Middlewares/Third_Party/FatFs/src/option/syscall.o
                0x08011da0                ff_del_syncobj
 .text.ff_req_grant
                0x08011db8       0x2a ./Middlewares/Third_Party/FatFs/src/option/syscall.o
                0x08011db8                ff_req_grant
 .text.ff_rel_grant
                0x08011de2       0x16 ./Middlewares/Third_Party/FatFs/src/option/syscall.o
                0x08011de2                ff_rel_grant
 .text.makeFreeRtosPriority
                0x08011df8       0x30 ./Middlewares/Third_Party/FreeRTOS/Source/CMSIS_RTOS/cmsis_os.o
 .text.inHandlerMode
                0x08011e28       0x24 ./Middlewares/Third_Party/FreeRTOS/Source/CMSIS_RTOS/cmsis_os.o
 .text.osKernelStart
                0x08011e4c        0xe ./Middlewares/Third_Party/FreeRTOS/Source/CMSIS_RTOS/cmsis_os.o
                0x08011e4c                osKernelStart
 .text.osKernelRunning
                0x08011e5a       0x18 ./Middlewares/Third_Party/FreeRTOS/Source/CMSIS_RTOS/cmsis_os.o
                0x08011e5a                osKernelRunning
 .text.osKernelSysTick
                0x08011e72       0x20 ./Middlewares/Third_Party/FreeRTOS/Source/CMSIS_RTOS/cmsis_os.o
                0x08011e72                osKernelSysTick
 .text.osThreadCreate
                0x08011e92       0x4e ./Middlewares/Third_Party/FreeRTOS/Source/CMSIS_RTOS/cmsis_os.o
                0x08011e92                osThreadCreate
 .text.osDelay  0x08011ee0       0x28 ./Middlewares/Third_Party/FreeRTOS/Source/CMSIS_RTOS/cmsis_os.o
                0x08011ee0                osDelay
 .text.osSemaphoreCreate
                0x08011f08       0x3c ./Middlewares/Third_Party/FreeRTOS/Source/CMSIS_RTOS/cmsis_os.o
                0x08011f08                osSemaphoreCreate
 .text.osSemaphoreWait
                0x08011f44       0x9c ./Middlewares/Third_Party/FreeRTOS/Source/CMSIS_RTOS/cmsis_os.o
                0x08011f44                osSemaphoreWait
 .text.osSemaphoreRelease
                0x08011fe0       0x6c ./Middlewares/Third_Party/FreeRTOS/Source/CMSIS_RTOS/cmsis_os.o
                0x08011fe0                osSemaphoreRelease
 .text.osSemaphoreDelete
                0x0801204c       0x26 ./Middlewares/Third_Party/FreeRTOS/Source/CMSIS_RTOS/cmsis_os.o
                0x0801204c                osSemaphoreDelete
 .text.osMessageCreate
                0x08012072       0x24 ./Middlewares/Third_Party/FreeRTOS/Source/CMSIS_RTOS/cmsis_os.o
                0x08012072                osMessageCreate
 *fill*         0x08012096        0x2 
 .text.osMessagePut
                0x08012098       0x80 ./Middlewares/Third_Party/FreeRTOS/Source/CMSIS_RTOS/cmsis_os.o
                0x08012098                osMessagePut
 .text.osMessageGet
                0x08012118       0xe8 ./Middlewares/Third_Party/FreeRTOS/Source/CMSIS_RTOS/cmsis_os.o
                0x08012118                osMessageGet
 .text.vListInitialise
                0x08012200       0x40 ./Middlewares/Third_Party/FreeRTOS/Source/list.o
                0x08012200                vListInitialise
 .text.vListInitialiseItem
                0x08012240       0x1a ./Middlewares/Third_Party/FreeRTOS/Source/list.o
                0x08012240                vListInitialiseItem
 .text.vListInsertEnd
                0x0801225a       0x48 ./Middlewares/Third_Party/FreeRTOS/Source/list.o
                0x0801225a                vListInsertEnd
 .text.vListInsert
                0x080122a2       0x72 ./Middlewares/Third_Party/FreeRTOS/Source/list.o
                0x080122a2                vListInsert
 .text.uxListRemove
                0x08012314       0x54 ./Middlewares/Third_Party/FreeRTOS/Source/list.o
                0x08012314                uxListRemove
 .text.xQueueGenericReset
                0x08012368       0xd4 ./Middlewares/Third_Party/FreeRTOS/Source/queue.o
                0x08012368                xQueueGenericReset
 .text.xQueueGenericCreate
                0x0801243c       0x6e ./Middlewares/Third_Party/FreeRTOS/Source/queue.o
                0x0801243c                xQueueGenericCreate
 .text.prvInitialiseNewQueue
                0x080124aa       0x3e ./Middlewares/Third_Party/FreeRTOS/Source/queue.o
 .text.xQueueGenericSend
                0x080124e8      0x204 ./Middlewares/Third_Party/FreeRTOS/Source/queue.o
                0x080124e8                xQueueGenericSend
 .text.xQueueGenericSendFromISR
                0x080126ec      0x13c ./Middlewares/Third_Party/FreeRTOS/Source/queue.o
                0x080126ec                xQueueGenericSendFromISR
 .text.xQueueGiveFromISR
                0x08012828      0x120 ./Middlewares/Third_Party/FreeRTOS/Source/queue.o
                0x08012828                xQueueGiveFromISR
 .text.xQueueReceive
                0x08012948      0x1c4 ./Middlewares/Third_Party/FreeRTOS/Source/queue.o
                0x08012948                xQueueReceive
 .text.xQueueSemaphoreTake
                0x08012b0c      0x220 ./Middlewares/Third_Party/FreeRTOS/Source/queue.o
                0x08012b0c                xQueueSemaphoreTake
 .text.xQueueReceiveFromISR
                0x08012d2c      0x104 ./Middlewares/Third_Party/FreeRTOS/Source/queue.o
                0x08012d2c                xQueueReceiveFromISR
 .text.vQueueDelete
                0x08012e30       0x3e ./Middlewares/Third_Party/FreeRTOS/Source/queue.o
                0x08012e30                vQueueDelete
 .text.prvGetDisinheritPriorityAfterTimeout
                0x08012e6e       0x30 ./Middlewares/Third_Party/FreeRTOS/Source/queue.o
 .text.prvCopyDataToQueue
                0x08012e9e       0xd4 ./Middlewares/Third_Party/FreeRTOS/Source/queue.o
 .text.prvCopyDataFromQueue
                0x08012f72       0x4c ./Middlewares/Third_Party/FreeRTOS/Source/queue.o
 .text.prvUnlockQueue
                0x08012fbe       0xa4 ./Middlewares/Third_Party/FreeRTOS/Source/queue.o
 .text.prvIsQueueEmpty
                0x08013062       0x2c ./Middlewares/Third_Party/FreeRTOS/Source/queue.o
 .text.prvIsQueueFull
                0x0801308e       0x30 ./Middlewares/Third_Party/FreeRTOS/Source/queue.o
 *fill*         0x080130be        0x2 
 .text.vQueueUnregisterQueue
                0x080130c0       0x54 ./Middlewares/Third_Party/FreeRTOS/Source/queue.o
                0x080130c0                vQueueUnregisterQueue
 .text.xTaskCreate
                0x08013114       0x82 ./Middlewares/Third_Party/FreeRTOS/Source/tasks.o
                0x08013114                xTaskCreate
 .text.prvInitialiseNewTask
                0x08013196      0x120 ./Middlewares/Third_Party/FreeRTOS/Source/tasks.o
 *fill*         0x080132b6        0x2 
 .text.prvAddNewTaskToReadyList
                0x080132b8       0xd4 ./Middlewares/Third_Party/FreeRTOS/Source/tasks.o
 .text.vTaskDelayUntil
                0x0801338c      0x100 ./Middlewares/Third_Party/FreeRTOS/Source/tasks.o
                0x0801338c                vTaskDelayUntil
 .text.vTaskDelay
                0x0801348c       0x6c ./Middlewares/Third_Party/FreeRTOS/Source/tasks.o
                0x0801348c                vTaskDelay
 .text.vTaskSuspend
                0x080134f8      0x128 ./Middlewares/Third_Party/FreeRTOS/Source/tasks.o
                0x080134f8                vTaskSuspend
 .text.prvTaskIsTaskSuspended
                0x08013620       0x64 ./Middlewares/Third_Party/FreeRTOS/Source/tasks.o
 .text.vTaskResume
                0x08013684       0xbc ./Middlewares/Third_Party/FreeRTOS/Source/tasks.o
                0x08013684                vTaskResume
 .text.vTaskStartScheduler
                0x08013740       0x90 ./Middlewares/Third_Party/FreeRTOS/Source/tasks.o
                0x08013740                vTaskStartScheduler
 .text.vTaskSuspendAll
                0x080137d0       0x1c ./Middlewares/Third_Party/FreeRTOS/Source/tasks.o
                0x080137d0                vTaskSuspendAll
 .text.xTaskResumeAll
                0x080137ec      0x13c ./Middlewares/Third_Party/FreeRTOS/Source/tasks.o
                0x080137ec                xTaskResumeAll
 .text.xTaskGetTickCount
                0x08013928       0x20 ./Middlewares/Third_Party/FreeRTOS/Source/tasks.o
                0x08013928                xTaskGetTickCount
 .text.xTaskGetTickCountFromISR
                0x08013948       0x24 ./Middlewares/Third_Party/FreeRTOS/Source/tasks.o
                0x08013948                xTaskGetTickCountFromISR
 .text.xTaskIncrementTick
                0x0801396c      0x174 ./Middlewares/Third_Party/FreeRTOS/Source/tasks.o
                0x0801396c                xTaskIncrementTick
 .text.vTaskSwitchContext
                0x08013ae0       0xb8 ./Middlewares/Third_Party/FreeRTOS/Source/tasks.o
                0x08013ae0                vTaskSwitchContext
 .text.vTaskPlaceOnEventList
                0x08013b98       0x4c ./Middlewares/Third_Party/FreeRTOS/Source/tasks.o
                0x08013b98                vTaskPlaceOnEventList
 .text.xTaskRemoveFromEventList
                0x08013be4       0xc8 ./Middlewares/Third_Party/FreeRTOS/Source/tasks.o
                0x08013be4                xTaskRemoveFromEventList
 .text.vTaskInternalSetTimeOutState
                0x08013cac       0x2c ./Middlewares/Third_Party/FreeRTOS/Source/tasks.o
                0x08013cac                vTaskInternalSetTimeOutState
 .text.xTaskCheckForTimeOut
                0x08013cd8       0xc8 ./Middlewares/Third_Party/FreeRTOS/Source/tasks.o
                0x08013cd8                xTaskCheckForTimeOut
 .text.vTaskMissedYield
                0x08013da0       0x18 ./Middlewares/Third_Party/FreeRTOS/Source/tasks.o
                0x08013da0                vTaskMissedYield
 .text.prvIdleTask
                0x08013db8       0x30 ./Middlewares/Third_Party/FreeRTOS/Source/tasks.o
 .text.prvInitialiseTaskLists
                0x08013de8       0x80 ./Middlewares/Third_Party/FreeRTOS/Source/tasks.o
 .text.prvCheckTasksWaitingTermination
                0x08013e68       0x5c ./Middlewares/Third_Party/FreeRTOS/Source/tasks.o
 .text.prvTaskCheckFreeStackSpace
                0x08013ec4       0x38 ./Middlewares/Third_Party/FreeRTOS/Source/tasks.o
 .text.uxTaskGetStackHighWaterMark
                0x08013efc       0x38 ./Middlewares/Third_Party/FreeRTOS/Source/tasks.o
                0x08013efc                uxTaskGetStackHighWaterMark
 .text.prvDeleteTCB
                0x08013f34       0x20 ./Middlewares/Third_Party/FreeRTOS/Source/tasks.o
 .text.prvResetNextTaskUnblockTime
                0x08013f54       0x40 ./Middlewares/Third_Party/FreeRTOS/Source/tasks.o
 .text.xTaskGetSchedulerState
                0x08013f94       0x3c ./Middlewares/Third_Party/FreeRTOS/Source/tasks.o
                0x08013f94                xTaskGetSchedulerState
 .text.xTaskPriorityInherit
                0x08013fd0       0xec ./Middlewares/Third_Party/FreeRTOS/Source/tasks.o
                0x08013fd0                xTaskPriorityInherit
 .text.xTaskPriorityDisinherit
                0x080140bc      0x110 ./Middlewares/Third_Party/FreeRTOS/Source/tasks.o
                0x080140bc                xTaskPriorityDisinherit
 .text.vTaskPriorityDisinheritAfterTimeout
                0x080141cc      0x120 ./Middlewares/Third_Party/FreeRTOS/Source/tasks.o
                0x080141cc                vTaskPriorityDisinheritAfterTimeout
 .text.pvTaskIncrementMutexHeldCount
                0x080142ec       0x28 ./Middlewares/Third_Party/FreeRTOS/Source/tasks.o
                0x080142ec                pvTaskIncrementMutexHeldCount
 .text.prvAddCurrentTaskToDelayedList
                0x08014314       0xcc ./Middlewares/Third_Party/FreeRTOS/Source/tasks.o
 .text.pxPortInitialiseStack
                0x080143e0       0x68 ./Middlewares/Third_Party/FreeRTOS/Source/portable/GCC/ARM_CM4F/port.o
                0x080143e0                pxPortInitialiseStack
 .text.prvTaskExitError
                0x08014448       0x5c ./Middlewares/Third_Party/FreeRTOS/Source/portable/GCC/ARM_CM4F/port.o
 *fill*         0x080144a4        0xc 
 .text.SVC_Handler
                0x080144b0       0x28 ./Middlewares/Third_Party/FreeRTOS/Source/portable/GCC/ARM_CM4F/port.o
                0x080144b0                SVC_Handler
 .text.prvPortStartFirstTask
                0x080144d8       0x28 ./Middlewares/Third_Party/FreeRTOS/Source/portable/GCC/ARM_CM4F/port.o
 .text.xPortStartScheduler
                0x08014500      0x148 ./Middlewares/Third_Party/FreeRTOS/Source/portable/GCC/ARM_CM4F/port.o
                0x08014500                xPortStartScheduler
 .text.vPortEnterCritical
                0x08014648       0x64 ./Middlewares/Third_Party/FreeRTOS/Source/portable/GCC/ARM_CM4F/port.o
                0x08014648                vPortEnterCritical
 .text.vPortExitCritical
                0x080146ac       0x54 ./Middlewares/Third_Party/FreeRTOS/Source/portable/GCC/ARM_CM4F/port.o
                0x080146ac                vPortExitCritical
 .text.PendSV_Handler
                0x08014700       0x68 ./Middlewares/Third_Party/FreeRTOS/Source/portable/GCC/ARM_CM4F/port.o
                0x08014700                PendSV_Handler
 .text.SysTick_Handler
                0x08014768       0x44 ./Middlewares/Third_Party/FreeRTOS/Source/portable/GCC/ARM_CM4F/port.o
                0x08014768                SysTick_Handler
 .text.vPortSetupTimerInterrupt
                0x080147ac       0x48 ./Middlewares/Third_Party/FreeRTOS/Source/portable/GCC/ARM_CM4F/port.o
                0x080147ac                vPortSetupTimerInterrupt
 .text.vPortEnableVFP
                0x080147f4       0x14 ./Middlewares/Third_Party/FreeRTOS/Source/portable/GCC/ARM_CM4F/port.o
 .text.vPortValidateInterruptPriority
                0x08014808       0x84 ./Middlewares/Third_Party/FreeRTOS/Source/portable/GCC/ARM_CM4F/port.o
                0x08014808                vPortValidateInterruptPriority
 .text.pvPortMalloc
                0x0801488c      0x19c ./Middlewares/Third_Party/FreeRTOS/Source/portable/MemMang/heap_4.o
                0x0801488c                pvPortMalloc
 .text.vPortFree
                0x08014a28       0xc8 ./Middlewares/Third_Party/FreeRTOS/Source/portable/MemMang/heap_4.o
                0x08014a28                vPortFree
 .text.prvHeapInit
                0x08014af0       0xc4 ./Middlewares/Third_Party/FreeRTOS/Source/portable/MemMang/heap_4.o
 .text.prvInsertBlockIntoFreeList
                0x08014bb4       0xb4 ./Middlewares/Third_Party/FreeRTOS/Source/portable/MemMang/heap_4.o
 .text.calloc   0x08014c68       0x10 C:/ST/STM32CubeIDE_1.15.1/STM32CubeIDE/plugins/com.st.stm32cube.ide.mcu.externaltools.gnu-tools-for-stm32.12.3.rel1.win32_1.0.100.202403111256/tools/bin/../lib/gcc/arm-none-eabi/12.3.1/../../../../arm-none-eabi/lib/thumb/v7e-m+fp/hard\libc_nano.a(libc_a-calloc.o)
                0x08014c68                calloc
 .text._calloc_r
                0x08014c78       0x28 C:/ST/STM32CubeIDE_1.15.1/STM32CubeIDE/plugins/com.st.stm32cube.ide.mcu.externaltools.gnu-tools-for-stm32.12.3.rel1.win32_1.0.100.202403111256/tools/bin/../lib/gcc/arm-none-eabi/12.3.1/../../../../arm-none-eabi/lib/thumb/v7e-m+fp/hard\libc_nano.a(libc_a-callocr.o)
                0x08014c78                _calloc_r
 .text.sbrk_aligned
                0x08014ca0       0x44 C:/ST/STM32CubeIDE_1.15.1/STM32CubeIDE/plugins/com.st.stm32cube.ide.mcu.externaltools.gnu-tools-for-stm32.12.3.rel1.win32_1.0.100.202403111256/tools/bin/../lib/gcc/arm-none-eabi/12.3.1/../../../../arm-none-eabi/lib/thumb/v7e-m+fp/hard\libc_nano.a(libc_a-mallocr.o)
 .text._malloc_r
                0x08014ce4      0x100 C:/ST/STM32CubeIDE_1.15.1/STM32CubeIDE/plugins/com.st.stm32cube.ide.mcu.externaltools.gnu-tools-for-stm32.12.3.rel1.win32_1.0.100.202403111256/tools/bin/../lib/gcc/arm-none-eabi/12.3.1/../../../../arm-none-eabi/lib/thumb/v7e-m+fp/hard\libc_nano.a(libc_a-mallocr.o)
                0x08014ce4                _malloc_r
 .text.__malloc_lock
                0x08014de4        0xc C:/ST/STM32CubeIDE_1.15.1/STM32CubeIDE/plugins/com.st.stm32cube.ide.mcu.externaltools.gnu-tools-for-stm32.12.3.rel1.win32_1.0.100.202403111256/tools/bin/../lib/gcc/arm-none-eabi/12.3.1/../../../../arm-none-eabi/lib/thumb/v7e-m+fp/hard\libc_nano.a(libc_a-mlock.o)
                0x08014de4                __malloc_lock
 .text.__malloc_unlock
                0x08014df0        0xc C:/ST/STM32CubeIDE_1.15.1/STM32CubeIDE/plugins/com.st.stm32cube.ide.mcu.externaltools.gnu-tools-for-stm32.12.3.rel1.win32_1.0.100.202403111256/tools/bin/../lib/gcc/arm-none-eabi/12.3.1/../../../../arm-none-eabi/lib/thumb/v7e-m+fp/hard\libc_nano.a(libc_a-mlock.o)
                0x08014df0                __malloc_unlock
 .text.memset   0x08014dfc       0x10 C:/ST/STM32CubeIDE_1.15.1/STM32CubeIDE/plugins/com.st.stm32cube.ide.mcu.externaltools.gnu-tools-for-stm32.12.3.rel1.win32_1.0.100.202403111256/tools/bin/../lib/gcc/arm-none-eabi/12.3.1/../../../../arm-none-eabi/lib/thumb/v7e-m+fp/hard\libc_nano.a(libc_a-memset.o)
                0x08014dfc                memset
 .text._sbrk_r  0x08014e0c       0x20 C:/ST/STM32CubeIDE_1.15.1/STM32CubeIDE/plugins/com.st.stm32cube.ide.mcu.externaltools.gnu-tools-for-stm32.12.3.rel1.win32_1.0.100.202403111256/tools/bin/../lib/gcc/arm-none-eabi/12.3.1/../../../../arm-none-eabi/lib/thumb/v7e-m+fp/hard\libc_nano.a(libc_a-sbrkr.o)
                0x08014e0c                _sbrk_r
 .text.__errno  0x08014e2c        0xc C:/ST/STM32CubeIDE_1.15.1/STM32CubeIDE/plugins/com.st.stm32cube.ide.mcu.externaltools.gnu-tools-for-stm32.12.3.rel1.win32_1.0.100.202403111256/tools/bin/../lib/gcc/arm-none-eabi/12.3.1/../../../../arm-none-eabi/lib/thumb/v7e-m+fp/hard\libc_nano.a(libc_a-errno.o)
                0x08014e2c                __errno
 .text.__libc_init_array
                0x08014e38       0x48 C:/ST/STM32CubeIDE_1.15.1/STM32CubeIDE/plugins/com.st.stm32cube.ide.mcu.externaltools.gnu-tools-for-stm32.12.3.rel1.win32_1.0.100.202403111256/tools/bin/../lib/gcc/arm-none-eabi/12.3.1/../../../../arm-none-eabi/lib/thumb/v7e-m+fp/hard\libc_nano.a(libc_a-init.o)
                0x08014e38                __libc_init_array
 .text.__retarget_lock_acquire_recursive
                0x08014e80        0x2 C:/ST/STM32CubeIDE_1.15.1/STM32CubeIDE/plugins/com.st.stm32cube.ide.mcu.externaltools.gnu-tools-for-stm32.12.3.rel1.win32_1.0.100.202403111256/tools/bin/../lib/gcc/arm-none-eabi/12.3.1/../../../../arm-none-eabi/lib/thumb/v7e-m+fp/hard\libc_nano.a(libc_a-lock.o)
                0x08014e80                __retarget_lock_acquire_recursive
 .text.__retarget_lock_release_recursive
                0x08014e82        0x2 C:/ST/STM32CubeIDE_1.15.1/STM32CubeIDE/plugins/com.st.stm32cube.ide.mcu.externaltools.gnu-tools-for-stm32.12.3.rel1.win32_1.0.100.202403111256/tools/bin/../lib/gcc/arm-none-eabi/12.3.1/../../../../arm-none-eabi/lib/thumb/v7e-m+fp/hard\libc_nano.a(libc_a-lock.o)
                0x08014e82                __retarget_lock_release_recursive
 .text.memcpy   0x08014e84       0x1c C:/ST/STM32CubeIDE_1.15.1/STM32CubeIDE/plugins/com.st.stm32cube.ide.mcu.externaltools.gnu-tools-for-stm32.12.3.rel1.win32_1.0.100.202403111256/tools/bin/../lib/gcc/arm-none-eabi/12.3.1/../../../../arm-none-eabi/lib/thumb/v7e-m+fp/hard\libc_nano.a(libc_a-memcpy-stub.o)
                0x08014e84                memcpy
 .text.sqrt     0x08014ea0       0x58 C:/ST/STM32CubeIDE_1.15.1/STM32CubeIDE/plugins/com.st.stm32cube.ide.mcu.externaltools.gnu-tools-for-stm32.12.3.rel1.win32_1.0.100.202403111256/tools/bin/../lib/gcc/arm-none-eabi/12.3.1/../../../../arm-none-eabi/lib/thumb/v7e-m+fp/hard\libm.a(libm_a-w_sqrt.o)
                0x08014ea0                sqrt
 .text.powf     0x08014ef8       0xae C:/ST/STM32CubeIDE_1.15.1/STM32CubeIDE/plugins/com.st.stm32cube.ide.mcu.externaltools.gnu-tools-for-stm32.12.3.rel1.win32_1.0.100.202403111256/tools/bin/../lib/gcc/arm-none-eabi/12.3.1/../../../../arm-none-eabi/lib/thumb/v7e-m+fp/hard\libm.a(libm_a-wf_pow.o)
                0x08014ef8                powf
 *fill*         0x08014fa6        0x2 
 .text.sqrtf    0x08014fa8       0x3c C:/ST/STM32CubeIDE_1.15.1/STM32CubeIDE/plugins/com.st.stm32cube.ide.mcu.externaltools.gnu-tools-for-stm32.12.3.rel1.win32_1.0.100.202403111256/tools/bin/../lib/gcc/arm-none-eabi/12.3.1/../../../../arm-none-eabi/lib/thumb/v7e-m+fp/hard\libm.a(libm_a-wf_sqrt.o)
                0x08014fa8                sqrtf
 .text.finitef  0x08014fe4       0x14 C:/ST/STM32CubeIDE_1.15.1/STM32CubeIDE/plugins/com.st.stm32cube.ide.mcu.externaltools.gnu-tools-for-stm32.12.3.rel1.win32_1.0.100.202403111256/tools/bin/../lib/gcc/arm-none-eabi/12.3.1/../../../../arm-none-eabi/lib/thumb/v7e-m+fp/hard\libm.a(libm_a-sf_finite.o)
                0x08014fe4                finitef
 .text.__ieee754_sqrt
                0x08014ff8      0x1b4 C:/ST/STM32CubeIDE_1.15.1/STM32CubeIDE/plugins/com.st.stm32cube.ide.mcu.externaltools.gnu-tools-for-stm32.12.3.rel1.win32_1.0.100.202403111256/tools/bin/../lib/gcc/arm-none-eabi/12.3.1/../../../../arm-none-eabi/lib/thumb/v7e-m+fp/hard\libm.a(libm_a-e_sqrt.o)
                0x08014ff8                __ieee754_sqrt
 .text.__ieee754_sqrtf
                0x080151ac        0x6 C:/ST/STM32CubeIDE_1.15.1/STM32CubeIDE/plugins/com.st.stm32cube.ide.mcu.externaltools.gnu-tools-for-stm32.12.3.rel1.win32_1.0.100.202403111256/tools/bin/../lib/gcc/arm-none-eabi/12.3.1/../../../../arm-none-eabi/lib/thumb/v7e-m+fp/hard\libm.a(libm_a-ef_sqrt.o)
                0x080151ac                __ieee754_sqrtf
 *fill*         0x080151b2        0x2 
 .text.__ieee754_powf
                0x080151b4      0x5a0 C:/ST/STM32CubeIDE_1.15.1/STM32CubeIDE/plugins/com.st.stm32cube.ide.mcu.externaltools.gnu-tools-for-stm32.12.3.rel1.win32_1.0.100.202403111256/tools/bin/../lib/gcc/arm-none-eabi/12.3.1/../../../../arm-none-eabi/lib/thumb/v7e-m+fp/hard\libm.a(libm_a-ef_pow.o)
                0x080151b4                __ieee754_powf
 .text.fabsf    0x08015754        0xe C:/ST/STM32CubeIDE_1.15.1/STM32CubeIDE/plugins/com.st.stm32cube.ide.mcu.externaltools.gnu-tools-for-stm32.12.3.rel1.win32_1.0.100.202403111256/tools/bin/../lib/gcc/arm-none-eabi/12.3.1/../../../../arm-none-eabi/lib/thumb/v7e-m+fp/hard\libm.a(libm_a-sf_fabs.o)
                0x08015754                fabsf
 *fill*         0x08015762        0x2 
 .text.scalbnf  0x08015764       0xcc C:/ST/STM32CubeIDE_1.15.1/STM32CubeIDE/plugins/com.st.stm32cube.ide.mcu.externaltools.gnu-tools-for-stm32.12.3.rel1.win32_1.0.100.202403111256/tools/bin/../lib/gcc/arm-none-eabi/12.3.1/../../../../arm-none-eabi/lib/thumb/v7e-m+fp/hard\libm.a(libm_a-sf_scalbn.o)
                0x08015764                scalbnf
 .text.with_errnof
                0x08015830       0x1c C:/ST/STM32CubeIDE_1.15.1/STM32CubeIDE/plugins/com.st.stm32cube.ide.mcu.externaltools.gnu-tools-for-stm32.12.3.rel1.win32_1.0.100.202403111256/tools/bin/../lib/gcc/arm-none-eabi/12.3.1/../../../../arm-none-eabi/lib/thumb/v7e-m+fp/hard\libm.a(libm_a-math_errf.o)
 .text.xflowf   0x0801584c       0x16 C:/ST/STM32CubeIDE_1.15.1/STM32CubeIDE/plugins/com.st.stm32cube.ide.mcu.externaltools.gnu-tools-for-stm32.12.3.rel1.win32_1.0.100.202403111256/tools/bin/../lib/gcc/arm-none-eabi/12.3.1/../../../../arm-none-eabi/lib/thumb/v7e-m+fp/hard\libm.a(libm_a-math_errf.o)
 *fill*         0x08015862        0x2 
 .text.__math_uflowf
                0x08015864        0xc C:/ST/STM32CubeIDE_1.15.1/STM32CubeIDE/plugins/com.st.stm32cube.ide.mcu.externaltools.gnu-tools-for-stm32.12.3.rel1.win32_1.0.100.202403111256/tools/bin/../lib/gcc/arm-none-eabi/12.3.1/../../../../arm-none-eabi/lib/thumb/v7e-m+fp/hard\libm.a(libm_a-math_errf.o)
                0x08015864                __math_uflowf
 .text.__math_oflowf
                0x08015870        0xc C:/ST/STM32CubeIDE_1.15.1/STM32CubeIDE/plugins/com.st.stm32cube.ide.mcu.externaltools.gnu-tools-for-stm32.12.3.rel1.win32_1.0.100.202403111256/tools/bin/../lib/gcc/arm-none-eabi/12.3.1/../../../../arm-none-eabi/lib/thumb/v7e-m+fp/hard\libm.a(libm_a-math_errf.o)
                0x08015870                __math_oflowf
 *(.glue_7)
 .glue_7        0x0801587c        0x0 linker stubs
 *(.glue_7t)
 .glue_7t       0x0801587c        0x0 linker stubs
 *(.eh_frame)
 .eh_frame      0x0801587c        0x0 C:/ST/STM32CubeIDE_1.15.1/STM32CubeIDE/plugins/com.st.stm32cube.ide.mcu.externaltools.gnu-tools-for-stm32.12.3.rel1.win32_1.0.100.202403111256/tools/bin/../lib/gcc/arm-none-eabi/12.3.1/thumb/v7e-m+fp/hard/crtbegin.o
 *(.init)
 .init          0x0801587c        0x4 C:/ST/STM32CubeIDE_1.15.1/STM32CubeIDE/plugins/com.st.stm32cube.ide.mcu.externaltools.gnu-tools-for-stm32.12.3.rel1.win32_1.0.100.202403111256/tools/bin/../lib/gcc/arm-none-eabi/12.3.1/thumb/v7e-m+fp/hard/crti.o
                0x0801587c                _init
 .init          0x08015880        0x8 C:/ST/STM32CubeIDE_1.15.1/STM32CubeIDE/plugins/com.st.stm32cube.ide.mcu.externaltools.gnu-tools-for-stm32.12.3.rel1.win32_1.0.100.202403111256/tools/bin/../lib/gcc/arm-none-eabi/12.3.1/thumb/v7e-m+fp/hard/crtn.o
 *(.fini)
 .fini          0x08015888        0x4 C:/ST/STM32CubeIDE_1.15.1/STM32CubeIDE/plugins/com.st.stm32cube.ide.mcu.externaltools.gnu-tools-for-stm32.12.3.rel1.win32_1.0.100.202403111256/tools/bin/../lib/gcc/arm-none-eabi/12.3.1/thumb/v7e-m+fp/hard/crti.o
                0x08015888                _fini
 .fini          0x0801588c        0x8 C:/ST/STM32CubeIDE_1.15.1/STM32CubeIDE/plugins/com.st.stm32cube.ide.mcu.externaltools.gnu-tools-for-stm32.12.3.rel1.win32_1.0.100.202403111256/tools/bin/../lib/gcc/arm-none-eabi/12.3.1/thumb/v7e-m+fp/hard/crtn.o
                0x08015894                        . = ALIGN (0x4)
                0x08015894                        _etext = .

.vfp11_veneer   0x08015894        0x0
 .vfp11_veneer  0x08015894        0x0 linker stubs

.v4_bx          0x08015894        0x0
 .v4_bx         0x08015894        0x0 linker stubs

.iplt           0x08015894        0x0
 .iplt          0x08015894        0x0 C:/ST/STM32CubeIDE_1.15.1/STM32CubeIDE/plugins/com.st.stm32cube.ide.mcu.externaltools.gnu-tools-for-stm32.12.3.rel1.win32_1.0.100.202403111256/tools/bin/../lib/gcc/arm-none-eabi/12.3.1/thumb/v7e-m+fp/hard/crtbegin.o

.rodata         0x08015894      0x6b4
                0x08015894                        . = ALIGN (0x4)
 *(.rodata)
 .rodata        0x08015894        0xf ./Core/Lib/blackbox.o
 *fill*         0x080158a3        0x1 
 .rodata        0x080158a4        0xe ./Core/Lib/compass.o
 *fill*         0x080158b2        0x2 
 .rodata        0x080158b4       0x4c ./Core/Lib/sensordetect.o
 .rodata        0x08015900       0xd6 ./Core/Src/freertos.o
 *fill*         0x080159d6        0x2 
 .rodata        0x080159d8        0x8 ./FATFS/Target/sd_diskio.o
 .rodata        0x080159e0       0x48 ./Middlewares/Third_Party/FatFs/src/ff.o
 .rodata        0x08015a28        0x5 ./Middlewares/Third_Party/FreeRTOS/Source/tasks.o
 *(.rodata*)
 *fill*         0x08015a2d        0x3 
 .rodata.disable_NMEA_MSG
                0x08015a30       0x4d ./Core/Lib/gps.o
 *fill*         0x08015a7d        0x3 
 .rodata.enable_UBX_MSG
                0x08015a80       0x2c ./Core/Lib/gps.o
 .rodata.set_rate_50hz
                0x08015aac        0xe ./Core/Lib/gps.o
 *fill*         0x08015aba        0x2 
 .rodata.AHBPrescTable
                0x08015abc       0x10 ./Core/Src/system_stm32f4xx.o
                0x08015abc                AHBPrescTable
 .rodata.APBPrescTable
                0x08015acc        0x8 ./Core/Src/system_stm32f4xx.o
                0x08015acc                APBPrescTable
 .rodata.flagBitshiftOffset.0
                0x08015ad4        0x8 ./Drivers/STM32F4xx_HAL_Driver/Src/stm32f4xx_hal_dma.o
 .rodata.SD_Driver
                0x08015adc       0x14 ./FATFS/Target/sd_diskio.o
                0x08015adc                SD_Driver
 .rodata.ExCvt  0x08015af0       0x80 ./Middlewares/Third_Party/FatFs/src/ff.o
 .rodata.LfnOfs
                0x08015b70        0xd ./Middlewares/Third_Party/FatFs/src/ff.o
 *fill*         0x08015b7d        0x3 
 .rodata.Tbl    0x08015b80      0x100 ./Middlewares/Third_Party/FatFs/src/option/ccsbcs.o
 .rodata.cvt1.1
                0x08015c80      0x1f2 ./Middlewares/Third_Party/FatFs/src/option/ccsbcs.o
 *fill*         0x08015e72        0x2 
 .rodata.cvt2.0
                0x08015e74       0xbc ./Middlewares/Third_Party/FatFs/src/option/ccsbcs.o