Archive member included to satisfy reference by file (symbol)

C:/ST/STM32CubeIDE_1.15.1/STM32CubeIDE/plugins/com.st.stm32cube.ide.mcu.externaltools.gnu-tools-for-stm32.12.3.rel1.win32_1.0.100.202403111256/tools/bin/../lib/gcc/arm-none-eabi/12.3.1/../../../../arm-none-eabi/lib/thumb/v7-m/nofp\libc_nano.a(libc_a-calloc.o)
                              ./Core/epprom/AT24Cxx_stm32_hal.o (calloc)
C:/ST/STM32CubeIDE_1.15.1/STM32CubeIDE/plugins/com.st.stm32cube.ide.mcu.externaltools.gnu-tools-for-stm32.12.3.rel1.win32_1.0.100.202403111256/tools/bin/../lib/gcc/arm-none-eabi/12.3.1/../../../../arm-none-eabi/lib/thumb/v7-m/nofp\libc_nano.a(libc_a-callocr.o)
                              C:/ST/STM32CubeIDE_1.15.1/STM32CubeIDE/plugins/com.st.stm32cube.ide.mcu.externaltools.gnu-tools-for-stm32.12.3.rel1.win32_1.0.100.202403111256/tools/bin/../lib/gcc/arm-none-eabi/12.3.1/../../../../arm-none-eabi/lib/thumb/v7-m/nofp\libc_nano.a(libc_a-calloc.o) (_calloc_r)
C:/ST/STM32CubeIDE_1.15.1/STM32CubeIDE/plugins/com.st.stm32cube.ide.mcu.externaltools.gnu-tools-for-stm32.12.3.rel1.win32_1.0.100.202403111256/tools/bin/../lib/gcc/arm-none-eabi/12.3.1/../../../../arm-none-eabi/lib/thumb/v7-m/nofp\libc_nano.a(libc_a-exit.o)
                              C:/ST/STM32CubeIDE_1.15.1/STM32CubeIDE/plugins/com.st.stm32cube.ide.mcu.externaltools.gnu-tools-for-stm32.12.3.rel1.win32_1.0.100.202403111256/tools/bin/../lib/gcc/arm-none-eabi/12.3.1/../../../../arm-none-eabi/lib/thumb/v7-m/nofp/crt0.o (exit)
C:/ST/STM32CubeIDE_1.15.1/STM32CubeIDE/plugins/com.st.stm32cube.ide.mcu.externaltools.gnu-tools-for-stm32.12.3.rel1.win32_1.0.100.202403111256/tools/bin/../lib/gcc/arm-none-eabi/12.3.1/../../../../arm-none-eabi/lib/thumb/v7-m/nofp\libc_nano.a(libc_a-mallocr.o)
                              C:/ST/STM32CubeIDE_1.15.1/STM32CubeIDE/plugins/com.st.stm32cube.ide.mcu.externaltools.gnu-tools-for-stm32.12.3.rel1.win32_1.0.100.202403111256/tools/bin/../lib/gcc/arm-none-eabi/12.3.1/../../../../arm-none-eabi/lib/thumb/v7-m/nofp\libc_nano.a(libc_a-callocr.o) (_malloc_r)
C:/ST/STM32CubeIDE_1.15.1/STM32CubeIDE/plugins/com.st.stm32cube.ide.mcu.externaltools.gnu-tools-for-stm32.12.3.rel1.win32_1.0.100.202403111256/tools/bin/../lib/gcc/arm-none-eabi/12.3.1/../../../../arm-none-eabi/lib/thumb/v7-m/nofp\libc_nano.a(libc_a-mlock.o)
                              C:/ST/STM32CubeIDE_1.15.1/STM32CubeIDE/plugins/com.st.stm32cube.ide.mcu.externaltools.gnu-tools-for-stm32.12.3.rel1.win32_1.0.100.202403111256/tools/bin/../lib/gcc/arm-none-eabi/12.3.1/../../../../arm-none-eabi/lib/thumb/v7-m/nofp\libc_nano.a(libc_a-mallocr.o) (__malloc_lock)
C:/ST/STM32CubeIDE_1.15.1/STM32CubeIDE/plugins/com.st.stm32cube.ide.mcu.externaltools.gnu-tools-for-stm32.12.3.rel1.win32_1.0.100.202403111256/tools/bin/../lib/gcc/arm-none-eabi/12.3.1/../../../../arm-none-eabi/lib/thumb/v7-m/nofp\libc_nano.a(libc_a-findfp.o)
                              C:/ST/STM32CubeIDE_1.15.1/STM32CubeIDE/plugins/com.st.stm32cube.ide.mcu.externaltools.gnu-tools-for-stm32.12.3.rel1.win32_1.0.100.202403111256/tools/bin/../lib/gcc/arm-none-eabi/12.3.1/../../../../arm-none-eabi/lib/thumb/v7-m/nofp\libc_nano.a(libc_a-exit.o) (__stdio_exit_handler)
C:/ST/STM32CubeIDE_1.15.1/STM32CubeIDE/plugins/com.st.stm32cube.ide.mcu.externaltools.gnu-tools-for-stm32.12.3.rel1.win32_1.0.100.202403111256/tools/bin/../lib/gcc/arm-none-eabi/12.3.1/../../../../arm-none-eabi/lib/thumb/v7-m/nofp\libc_nano.a(libc_a-fwalk.o)
                              C:/ST/STM32CubeIDE_1.15.1/STM32CubeIDE/plugins/com.st.stm32cube.ide.mcu.externaltools.gnu-tools-for-stm32.12.3.rel1.win32_1.0.100.202403111256/tools/bin/../lib/gcc/arm-none-eabi/12.3.1/../../../../arm-none-eabi/lib/thumb/v7-m/nofp\libc_nano.a(libc_a-findfp.o) (_fwalk_sglue)
C:/ST/STM32CubeIDE_1.15.1/STM32CubeIDE/plugins/com.st.stm32cube.ide.mcu.externaltools.gnu-tools-for-stm32.12.3.rel1.win32_1.0.100.202403111256/tools/bin/../lib/gcc/arm-none-eabi/12.3.1/../../../../arm-none-eabi/lib/thumb/v7-m/nofp\libc_nano.a(libc_a-stdio.o)
                              C:/ST/STM32CubeIDE_1.15.1/STM32CubeIDE/plugins/com.st.stm32cube.ide.mcu.externaltools.gnu-tools-for-stm32.12.3.rel1.win32_1.0.100.202403111256/tools/bin/../lib/gcc/arm-none-eabi/12.3.1/../../../../arm-none-eabi/lib/thumb/v7-m/nofp\libc_nano.a(libc_a-findfp.o) (__sread)
C:/ST/STM32CubeIDE_1.15.1/STM32CubeIDE/plugins/com.st.stm32cube.ide.mcu.externaltools.gnu-tools-for-stm32.12.3.rel1.win32_1.0.100.202403111256/tools/bin/../lib/gcc/arm-none-eabi/12.3.1/../../../../arm-none-eabi/lib/thumb/v7-m/nofp\libc_nano.a(libc_a-memset.o)
                              C:/ST/STM32CubeIDE_1.15.1/STM32CubeIDE/plugins/com.st.stm32cube.ide.mcu.externaltools.gnu-tools-for-stm32.12.3.rel1.win32_1.0.100.202403111256/tools/bin/../lib/gcc/arm-none-eabi/12.3.1/../../../../arm-none-eabi/lib/thumb/v7-m/nofp/crt0.o (memset)
[...]
Memory Configuration

Name             Origin             Length             Attributes
RAM              0x20000000         0x0000c000         xrw
FLASH            0x08000000         0x00040000         xr
*default*        0x00000000         0xffffffff

Linker script and memory map

LOAD C:/ST/STM32CubeIDE_1.15.1/STM32CubeIDE/plugins/com.st.stm32cube.ide.mcu.externaltools.gnu-tools-for-stm32.12.3.rel1.win32_1.0.100.202403111256/tools/bin/../lib/gcc/arm-none-eabi/12.3.1/thumb/v7-m/nofp/crti.o
LOAD C:/ST/STM32CubeIDE_1.15.1/STM32CubeIDE/plugins/com.st.stm32cube.ide.mcu.externaltools.gnu-tools-for-stm32.12.3.rel1.win32_1.0.100.202403111256/tools/bin/../lib/gcc/arm-none-eabi/12.3.1/thumb/v7-m/nofp/crtbegin.o
LOAD C:/ST/STM32CubeIDE_1.15.1/STM32CubeIDE/plugins/com.st.stm32cube.ide.mcu.externaltools.gnu-tools-for-stm32.12.3.rel1.win32_1.0.100.202403111256/tools/bin/../lib/gcc/arm-none-eabi/12.3.1/../../../../arm-none-eabi/lib/thumb/v7-m/nofp/crt0.o
LOAD ./Core/Driver/bmp280.o
LOAD ./Core/Driver/hmc5883.o
LOAD ./Core/Driver/ibus.o
LOAD ./Core/Driver/mpu6050.o
LOAD ./Core/Driver/ms5611.o
LOAD ./Core/Driver/qmc5883.o
LOAD ./Core/Lib/blackbox.o
LOAD ./Core/Lib/compass.o
LOAD ./Core/Lib/faulthandler.o
LOAD ./Core/Lib/gps.o
LOAD ./Core/Lib/imu.o
LOAD ./Core/Lib/maths.o
LOAD ./Core/Lib/pid.o
LOAD ./Core/Lib/pitot.o
LOAD ./Core/Lib/ppmreceiver.o
LOAD ./Core/Lib/pwm.o
LOAD ./Core/Lib/sensordetect.o
LOAD ./Core/Lib/timer.o
LOAD ./Core/Src/freertos.o
LOAD ./Core/Src/gpio.o
LOAD ./Core/Src/i2c.o
LOAD ./Core/Src/main.o
LOAD ./Core/Src/sdio.o
LOAD ./Core/Src/stm32f1xx_hal_msp.o
LOAD ./Core/Src/stm32f1xx_hal_timebase_tim.o
LOAD ./Core/Src/stm32f1xx_it.o
LOAD ./Core/Src/syscalls.o
LOAD ./Core/Src/sysmem.o
LOAD ./Core/Src/system_stm32f1xx.o
LOAD ./Core/Src/tim.o
LOAD ./Core/Src/usart.o
LOAD ./Core/Startup/startup_stm32f103vctx.o
LOAD ./Core/epprom/AT24Cxx_stm32_hal.o
LOAD ./Core/flight/attitude.o
LOAD ./Core/flight/estimate.o
LOAD ./Core/flight/mavlink_handler.o
LOAD ./Core/flight/navigation.o
LOAD ./Core/flight/plane.o
LOAD ./Core/simulation/dynamic_mode.o
LOAD ./Drivers/STM32F1xx_HAL_Driver/Src/stm32f1xx_hal.o
LOAD ./Drivers/STM32F1xx_HAL_Driver/Src/stm32f1xx_hal_cortex.o
LOAD ./Drivers/STM32F1xx_HAL_Driver/Src/stm32f1xx_hal_dma.o
LOAD ./Drivers/STM32F1xx_HAL_Driver/Src/stm32f1xx_hal_exti.o
LOAD ./Drivers/STM32F1xx_HAL_Driver/Src/stm32f1xx_hal_flash.o
LOAD ./Drivers/STM32F1xx_HAL_Driver/Src/stm32f1xx_hal_flash_ex.o
LOAD ./Drivers/STM32F1xx_HAL_Driver/Src/stm32f1xx_hal_gpio.o
LOAD ./Drivers/STM32F1xx_HAL_Driver/Src/stm32f1xx_hal_gpio_ex.o
LOAD ./Drivers/STM32F1xx_HAL_Driver/Src/stm32f1xx_hal_i2c.o
LOAD ./Drivers/STM32F1xx_HAL_Driver/Src/stm32f1xx_hal_pwr.o
LOAD ./Drivers/STM32F1xx_HAL_Driver/Src/stm32f1xx_hal_rcc.o
LOAD ./Drivers/STM32F1xx_HAL_Driver/Src/stm32f1xx_hal_rcc_ex.o
LOAD ./Drivers/STM32F1xx_HAL_Driver/Src/stm32f1xx_hal_sd.o
LOAD ./Drivers/STM32F1xx_HAL_Driver/Src/stm32f1xx_hal_tim.o
LOAD ./Drivers/STM32F1xx_HAL_Driver/Src/stm32f1xx_hal_tim_ex.o
LOAD ./Drivers/STM32F1xx_HAL_Driver/Src/stm32f1xx_hal_uart.o
LOAD ./Drivers/STM32F1xx_HAL_Driver/Src/stm32f1xx_ll_sdmmc.o
LOAD ./FATFS/App/fatfs.o
LOAD ./FATFS/Target/bsp_driver_sd.o
LOAD ./Middlewares/Third_Party/FatFs/src/diskio.o
LOAD ./Middlewares/Third_Party/FatFs/src/ff.o
LOAD ./Middlewares/Third_Party/FatFs/src/ff_gen_drv.o
LOAD ./Middlewares/Third_Party/FatFs/src/drivers/sd_diskio.o
LOAD ./Middlewares/Third_Party/FatFs/src/option/ccsbcs.o
LOAD ./Middlewares/Third_Party/FatFs/src/option/syscall.o
LOAD ./Middlewares/Third_Party/FreeRTOS/Source/CMSIS_RTOS/cmsis_os.o
LOAD ./Middlewares/Third_Party/FreeRTOS/Source/croutine.o
LOAD ./Middlewares/Third_Party/FreeRTOS/Source/event_groups.o
LOAD ./Middlewares/Third_Party/FreeRTOS/Source/list.o
LOAD ./Middlewares/Third_Party/FreeRTOS/Source/queue.o
LOAD ./Middlewares/Third_Party/FreeRTOS/Source/stream_buffer.o
LOAD ./Middlewares/Third_Party/FreeRTOS/Source/tasks.o
LOAD ./Middlewares/Third_Party/FreeRTOS/Source/timers.o
LOAD ./Middlewares/Third_Party/FreeRTOS/Source/portable/GCC/ARM_CM3/port.o
LOAD ./Middlewares/Third_Party/FreeRTOS/Source/portable/MemMang/heap_4.o
START GROUP
LOAD C:/ST/STM32CubeIDE_1.15.1/STM32CubeIDE/plugins/com.st.stm32cube.ide.mcu.externaltools.gnu-tools-for-stm32.12.3.rel1.win32_1.0.100.202403111256/tools/bin/../lib/gcc/arm-none-eabi/12.3.1/../../../../arm-none-eabi/lib/thumb/v7-m/nofp\libc_nano.a
LOAD C:/ST/STM32CubeIDE_1.15.1/STM32CubeIDE/plugins/com.st.stm32cube.ide.mcu.externaltools.gnu-tools-for-stm32.12.3.rel1.win32_1.0.100.202403111256/tools/bin/../lib/gcc/arm-none-eabi/12.3.1/../../../../arm-none-eabi/lib/thumb/v7-m/nofp\libm.a
END GROUP
START GROUP
LOAD C:/ST/STM32CubeIDE_1.15.1/STM32CubeIDE/plugins/com.st.stm32cube.ide.mcu.externaltools.gnu-tools-for-stm32.12.3.rel1.win32_1.0.100.202403111256/tools/bin/../lib/gcc/arm-none-eabi/12.3.1/thumb/v7-m/nofp\libgcc.a
LOAD C:/ST/STM32CubeIDE_1.15.1/STM32CubeIDE/plugins/com.st.stm32cube.ide.mcu.externaltools.gnu-tools-for-stm32.12.3.rel1.win32_1.0.100.202403111256/tools/bin/../lib/gcc/arm-none-eabi/12.3.1/../../../../arm-none-eabi/lib/thumb/v7-m/nofp\libc_nano.a
END GROUP
START GROUP
LOAD C:/ST/STM32CubeIDE_1.15.1/STM32CubeIDE/plugins/com.st.stm32cube.ide.mcu.externaltools.gnu-tools-for-stm32.12.3.rel1.win32_1.0.100.202403111256/tools/bin/../lib/gcc/arm-none-eabi/12.3.1/thumb/v7-m/nofp\libgcc.a
LOAD C:/ST/STM32CubeIDE_1.15.1/STM32CubeIDE/plugins/com.st.stm32cube.ide.mcu.externaltools.gnu-tools-for-stm32.12.3.rel1.win32_1.0.100.202403111256/tools/bin/../lib/gcc/arm-none-eabi/12.3.1/../../../../arm-none-eabi/lib/thumb/v7-m/nofp\libc_nano.a
LOAD C:/ST/STM32CubeIDE_1.15.1/STM32CubeIDE/plugins/com.st.stm32cube.ide.mcu.externaltools.gnu-tools-for-stm32.12.3.rel1.win32_1.0.100.202403111256/tools/bin/../lib/gcc/arm-none-eabi/12.3.1/../../../../arm-none-eabi/lib/thumb/v7-m/nofp\libnosys.a
END GROUP
START GROUP
LOAD C:/ST/STM32CubeIDE_1.15.1/STM32CubeIDE/plugins/com.st.stm32cube.ide.mcu.externaltools.gnu-tools-for-stm32.12.3.rel1.win32_1.0.100.202403111256/tools/bin/../lib/gcc/arm-none-eabi/12.3.1/thumb/v7-m/nofp\libgcc.a
LOAD C:/ST/STM32CubeIDE_1.15.1/STM32CubeIDE/plugins/com.st.stm32cube.ide.mcu.externaltools.gnu-tools-for-stm32.12.3.rel1.win32_1.0.100.202403111256/tools/bin/../lib/gcc/arm-none-eabi/12.3.1/../../../../arm-none-eabi/lib/thumb/v7-m/nofp\libc_nano.a
LOAD C:/ST/STM32CubeIDE_1.15.1/STM32CubeIDE/plugins/com.st.stm32cube.ide.mcu.externaltools.gnu-tools-for-stm32.12.3.rel1.win32_1.0.100.202403111256/tools/bin/../lib/gcc/arm-none-eabi/12.3.1/../../../../arm-none-eabi/lib/thumb/v7-m/nofp\libnosys.a
END GROUP
LOAD C:/ST/STM32CubeIDE_1.15.1/STM32CubeIDE/plugins/com.st.stm32cube.ide.mcu.externaltools.gnu-tools-for-stm32.12.3.rel1.win32_1.0.100.202403111256/tools/bin/../lib/gcc/arm-none-eabi/12.3.1/thumb/v7-m/nofp/crtend.o
LOAD C:/ST/STM32CubeIDE_1.15.1/STM32CubeIDE/plugins/com.st.stm32cube.ide.mcu.externaltools.gnu-tools-for-stm32.12.3.rel1.win32_1.0.100.202403111256/tools/bin/../lib/gcc/arm-none-eabi/12.3.1/thumb/v7-m/nofp/crtn.o
                0x2000c000                        _estack = (ORIGIN (RAM) + LENGTH (RAM))
                0x00002000                        _Min_Heap_Size = 0x2000
                0x00004000                        _Min_Stack_Size = 0x4000

.isr_vector     0x08000000      0x1e4
                0x08000000                        . = ALIGN (0x4)
 *(.isr_vector)
 .isr_vector    0x08000000      0x1e4 ./Core/Startup/startup_stm32f103vctx.o
                0x08000000                g_pfnVectors
                0x080001e4                        . = ALIGN (0x4)

.text           0x080001f0    0x121f4
                0x080001f0                        . = ALIGN (0x4)
 *(.text)
 .text          0x080001f0       0x40 C:/ST/STM32CubeIDE_1.15.1/STM32CubeIDE/plugins/com.st.stm32cube.ide.mcu.externaltools.gnu-tools-for-stm32.12.3.rel1.win32_1.0.100.202403111256/tools/bin/../lib/gcc/arm-none-eabi/12.3.1/thumb/v7-m/nofp/crtbegin.o
 .text          0x08000230      0x378 C:/ST/STM32CubeIDE_1.15.1/STM32CubeIDE/plugins/com.st.stm32cube.ide.mcu.externaltools.gnu-tools-for-stm32.12.3.rel1.win32_1.0.100.202403111256/tools/bin/../lib/gcc/arm-none-eabi/12.3.1/thumb/v7-m/nofp\libgcc.a(_arm_addsubdf3.o)
                0x08000230                __aeabi_drsub
                0x08000238                __aeabi_dsub
                0x08000238                __subdf3
                0x0800023c                __aeabi_dadd
                0x0800023c                __adddf3
                0x080004b4                __floatunsidf
                0x080004b4                __aeabi_ui2d
                0x080004d4                __floatsidf
                0x080004d4                __aeabi_i2d
                0x080004f8                __aeabi_f2d
                0x080004f8                __extendsfdf2
                0x0800053c                __floatundidf
                0x0800053c                __aeabi_ul2d
                0x0800054c                __floatdidf
                0x0800054c                __aeabi_l2d
 .text          0x080005a8      0x424 C:/ST/STM32CubeIDE_1.15.1/STM32CubeIDE/plugins/com.st.stm32cube.ide.mcu.externaltools.gnu-tools-for-stm32.12.3.rel1.win32_1.0.100.202403111256/tools/bin/../lib/gcc/arm-none-eabi/12.3.1/thumb/v7-m/nofp\libgcc.a(_arm_muldivdf3.o)
                0x080005a8                __aeabi_dmul
                0x080005a8                __muldf3
                0x080007fc                __divdf3
                0x080007fc                __aeabi_ddiv
 .text          0x080009cc      0x110 C:/ST/STM32CubeIDE_1.15.1/STM32CubeIDE/plugins/com.st.stm32cube.ide.mcu.externaltools.gnu-tools-for-stm32.12.3.rel1.win32_1.0.100.202403111256/tools/bin/../lib/gcc/arm-none-eabi/12.3.1/thumb/v7-m/nofp\libgcc.a(_arm_cmpdf2.o)
                0x080009cc                __gtdf2
                0x080009cc                __gedf2
                0x080009d4                __ltdf2
                0x080009d4                __ledf2
                0x080009dc                __nedf2
                0x080009dc                __eqdf2
                0x080009dc                __cmpdf2
                0x08000a58                __aeabi_cdrcmple
                0x08000a68                __aeabi_cdcmpeq
                0x08000a68                __aeabi_cdcmple
                0x08000a78                __aeabi_dcmpeq
                0x08000a8c                __aeabi_dcmplt
                0x08000aa0                __aeabi_dcmple
                0x08000ab4                __aeabi_dcmpge
                0x08000ac8                __aeabi_dcmpgt
 .text          0x08000adc       0x2c C:/ST/STM32CubeIDE_1.15.1/STM32CubeIDE/plugins/com.st.stm32cube.ide.mcu.externaltools.gnu-tools-for-stm32.12.3.rel1.win32_1.0.100.202403111256/tools/bin/../lib/gcc/arm-none-eabi/12.3.1/thumb/v7-m/nofp\libgcc.a(_arm_unorddf2.o)
                0x08000adc                __unorddf2
                0x08000adc                __aeabi_dcmpun
 .text          0x08000b08       0x50 C:/ST/STM32CubeIDE_1.15.1/STM32CubeIDE/plugins/com.st.stm32cube.ide.mcu.externaltools.gnu-tools-for-stm32.12.3.rel1.win32_1.0.100.202403111256/tools/bin/../lib/gcc/arm-none-eabi/12.3.1/thumb/v7-m/nofp\libgcc.a(_arm_fixdfsi.o)
                0x08000b08                __aeabi_d2iz
                0x08000b08                __fixdfsi
 .text          0x08000b58      0x21c C:/ST/STM32CubeIDE_1.15.1/STM32CubeIDE/plugins/com.st.stm32cube.ide.mcu.externaltools.gnu-tools-for-stm32.12.3.rel1.win32_1.0.100.202403111256/tools/bin/../lib/gcc/arm-none-eabi/12.3.1/thumb/v7-m/nofp\libgcc.a(_arm_addsubsf3.o)
                0x08000b58                __aeabi_frsub
                0x08000b60                __subsf3
                0x08000b60                __aeabi_fsub
                0x08000b64                __aeabi_fadd
                0x08000b64                __addsf3
                0x08000cc4                __aeabi_ui2f
                0x08000cc4                __floatunsisf
                0x08000ccc                __aeabi_i2f
                0x08000ccc                __floatsisf
                0x08000ce8                __aeabi_ul2f
                0x08000ce8                __floatundisf
                0x08000cf8                __aeabi_l2f
                0x08000cf8                __floatdisf
 .text          0x08000d74      0x2a0 C:/ST/STM32CubeIDE_1.15.1/STM32CubeIDE/plugins/com.st.stm32cube.ide.mcu.externaltools.gnu-tools-for-stm32.12.3.rel1.win32_1.0.100.202403111256/tools/bin/../lib/gcc/arm-none-eabi/12.3.1/thumb/v7-m/nofp\libgcc.a(_arm_muldivsf3.o)
                0x08000d74                __mulsf3
                0x08000d74                __aeabi_fmul
                0x08000edc                __aeabi_fdiv
                0x08000edc                __divsf3
 .text          0x08001014       0xec C:/ST/STM32CubeIDE_1.15.1/STM32CubeIDE/plugins/com.st.stm32cube.ide.mcu.externaltools.gnu-tools-for-stm32.12.3.rel1.win32_1.0.100.202403111256/tools/bin/../lib/gcc/arm-none-eabi/12.3.1/thumb/v7-m/nofp\libgcc.a(_arm_cmpsf2.o)
                0x08001014                __gesf2
                0x08001014                __gtsf2
                0x0800101c                __lesf2
                0x0800101c                __ltsf2
                0x08001024                __nesf2
                0x08001024                __eqsf2
                0x08001024                __cmpsf2
                0x08001084                __aeabi_cfrcmple
                0x0800108c                __aeabi_cfcmpeq
                0x0800108c                __aeabi_cfcmple
                0x0800109c                __aeabi_fcmpeq
                0x080010b0                __aeabi_fcmplt
                0x080010c4                __aeabi_fcmple
                0x080010d8                __aeabi_fcmpge
                0x080010ec                __aeabi_fcmpgt
 .text          0x08001100       0x2c C:/ST/STM32CubeIDE_1.15.1/STM32CubeIDE/plugins/com.st.stm32cube.ide.mcu.externaltools.gnu-tools-for-stm32.12.3.rel1.win32_1.0.100.202403111256/tools/bin/../lib/gcc/arm-none-eabi/12.3.1/thumb/v7-m/nofp\libgcc.a(_arm_unordsf2.o)
                0x08001100                __unordsf2
                0x08001100                __aeabi_fcmpun
 .text          0x0800112c       0x4c C:/ST/STM32CubeIDE_1.15.1/STM32CubeIDE/plugins/com.st.stm32cube.ide.mcu.externaltools.gnu-tools-for-stm32.12.3.rel1.win32_1.0.100.202403111256/tools/bin/../lib/gcc/arm-none-eabi/12.3.1/thumb/v7-m/nofp\libgcc.a(_arm_fixsfsi.o)
                0x0800112c                __aeabi_f2iz
                0x0800112c                __fixsfsi
 .text          0x08001178       0x40 C:/ST/STM32CubeIDE_1.15.1/STM32CubeIDE/plugins/com.st.stm32cube.ide.mcu.externaltools.gnu-tools-for-stm32.12.3.rel1.win32_1.0.100.202403111256/tools/bin/../lib/gcc/arm-none-eabi/12.3.1/thumb/v7-m/nofp\libgcc.a(_arm_fixunssfsi.o)
                0x08001178                __fixunssfsi
                0x08001178                __aeabi_f2uiz
 *(.text*)
 .text.ibus_init
                0x080011b8       0x50 ./Core/Driver/ibus.o
                0x080011b8                ibus_init
 .text.ibus_uart_port
                0x08001208       0x14 ./Core/Driver/ibus.o
                0x08001208                ibus_uart_port
 .text.ibus_calback
                0x0800121c       0x28 ./Core/Driver/ibus.o
                0x0800121c                ibus_calback
 .text.ibusDataReceive
                0x08001244       0x90 ./Core/Driver/ibus.o
 .text.ibusFrameComplete
                0x080012d4      0x154 ./Core/Driver/ibus.o
                0x080012d4                ibusFrameComplete
 .text.mpu6050Connection
                0x08001428       0x2c ./Core/Driver/mpu6050.o
                0x08001428                mpu6050Connection
 .text.mpu6050_init
                0x08001454       0xa4 ./Core/Driver/mpu6050.o
                0x08001454                mpu6050_init
 .text.mpu6050_gyro_get_raw
                0x080014f8       0x78 ./Core/Driver/mpu6050.o
                0x080014f8                mpu6050_gyro_get_raw
 .text.mpu6050_acc_get_raw
                0x08001570       0x84 ./Core/Driver/mpu6050.o
                0x08001570                mpu6050_acc_get_raw
 .text.qmc5883_init
                0x080015f4       0x58 ./Core/Driver/qmc5883.o
                0x080015f4                qmc5883_init
 .text.qmc_get_raw
                0x0800164c       0x70 ./Core/Driver/qmc5883.o
                0x0800164c                qmc_get_raw
 .text.black_box_init
                0x080016bc       0x50 ./Core/Lib/blackbox.o
                0x080016bc                black_box_init
 .text.black_box_pack_int
                0x0800170c      0x12c ./Core/Lib/blackbox.o
                0x0800170c                black_box_pack_int
 .text.black_box_pack_str
                0x08001838       0x6c ./Core/Lib/blackbox.o
                0x08001838                black_box_pack_str
 .text.black_box_pack_char
                0x080018a4       0x34 ./Core/Lib/blackbox.o
                0x080018a4                black_box_pack_char
 .text.black_box_load
                0x080018d8       0x40 ./Core/Lib/blackbox.o
                0x080018d8                black_box_load
 .text.reverse  0x08001918       0x5c ./Core/Lib/blackbox.o
 .text.intToStr
                0x08001974       0x94 ./Core/Lib/blackbox.o
 .text.compassInit
                0x08001a08       0x78 ./Core/Lib/compass.o
                0x08001a08                compassInit
 .text.compass_get
                0x08001a80       0xe0 ./Core/Lib/compass.o
                0x08001a80                compass_get
 .text.read_calibrate_file
                0x08001b60       0xe8 ./Core/Lib/compass.o
 .text.compass_calibrate
                0x08001c48      0x3cc ./Core/Lib/compass.o
 .text.gps_init
                0x08002014       0xd8 ./Core/Lib/gps.o
                0x08002014                gps_init
 .text.gps_uart_port
                0x080020ec       0x14 ./Core/Lib/gps.o
                0x080020ec                gps_uart_port
 .text.gps_callback
                0x08002100       0x38 ./Core/Lib/gps.o
                0x08002100                gps_callback
 .text.parse_msg
                0x08002138      0x1cc ./Core/Lib/gps.o
 .text.newdata  0x08002304      0x250 ./Core/Lib/gps.o
 .text.imu_calibrate
                0x08002554       0xd0 ./Core/Lib/imu.o
                0x08002554                imu_calibrate
 .text.update_ahrs
                0x08002624      0xb20 ./Core/Lib/imu.o
                0x08002624                update_ahrs
 .text.atan2_approx
                0x08003144      0x180 ./Core/Lib/maths.o
                0x08003144                atan2_approx
 .text.invSqrt_
                0x080032c4       0x78 ./Core/Lib/maths.o
                0x080032c4                invSqrt_
 .text.constrainf
                0x0800333c       0x3a ./Core/Lib/pid.o
 .text.pid_init
                0x08003376       0x56 ./Core/Lib/pid.o
                0x08003376                pid_init
 .text.pid_calculate
                0x080033cc      0x178 ./Core/Lib/pid.o
                0x080033cc                pid_calculate
 .text.constrain
                0x08003544       0x30 ./Core/Lib/pwm.o
 .text.initPWM  0x08003574       0x8c ./Core/Lib/pwm.o
                0x08003574                initPWM
 .text.writePwm
                0x08003600       0x98 ./Core/Lib/pwm.o
                0x08003600                writePwm
 .text.write_pwm_ctrl
                0x08003698       0x7c ./Core/Lib/pwm.o
                0x08003698                write_pwm_ctrl
 .text.timer_start
                0x08003714       0x24 ./Core/Lib/timer.o
                0x08003714                timer_start
 .text.HAL_UART_RxCpltCallback
                0x08003738       0x32 ./Core/Src/freertos.o
                0x08003738                HAL_UART_RxCpltCallback
 .text.HAL_UART_TxCpltCallback
                0x0800376a       0x12 ./Core/Src/freertos.o
                0x0800376a                HAL_UART_TxCpltCallback
 .text.vApplicationGetIdleTaskMemory
                0x0800377c       0x30 ./Core/Src/freertos.o
                0x0800377c                vApplicationGetIdleTaskMemory
 .text.MX_FREERTOS_Init
                0x080037ac       0xcc ./Core/Src/freertos.o
                0x080037ac                MX_FREERTOS_Init
 .text.ahrs_task
                0x08003878      0x170 ./Core/Src/freertos.o
                0x08003878                ahrs_task
 .text.blackbox
                0x080039e8      0x160 ./Core/Src/freertos.o
                0x080039e8                blackbox
 .text.led_indicate
                0x08003b48       0x4c ./Core/Src/freertos.o
                0x08003b48                led_indicate
 *fill*         0x08003b94        0x4 
 .text.read_sensor
                0x08003b98      0x294 ./Core/Src/freertos.o
                0x08003b98                read_sensor
 .text.MX_GPIO_Init
                0x08003e2c      0x144 ./Core/Src/gpio.o
                0x08003e2c                MX_GPIO_Init
 .text.MX_I2C1_Init
                0x08003f70       0x5c ./Core/Src/i2c.o
                0x08003f70                MX_I2C1_Init
 .text.MX_I2C2_Init
                0x08003fcc       0x5c ./Core/Src/i2c.o
                0x08003fcc                MX_I2C2_Init
 .text.HAL_I2C_MspInit
                0x08004028       0xd8 ./Core/Src/i2c.o
                0x08004028                HAL_I2C_MspInit
 .text.main     0x08004100       0x40 ./Core/Src/main.o
                0x08004100                main
 .text.SystemClock_Config
                0x08004140       0x8a ./Core/Src/main.o
                0x08004140                SystemClock_Config
 *fill*         0x080041ca        0x2 
 .text.HAL_TIM_PeriodElapsedCallback
                0x080041cc       0x40 ./Core/Src/main.o
                0x080041cc                HAL_TIM_PeriodElapsedCallback
 .text.Error_Handler
                0x0800420c        0xc ./Core/Src/main.o
                0x0800420c                Error_Handler
 .text.MX_SDIO_SD_Init
                0x08004218       0x44 ./Core/Src/sdio.o
                0x08004218                MX_SDIO_SD_Init
 .text.HAL_SD_MspInit
                0x0800425c       0xb4 ./Core/Src/sdio.o
                0x0800425c                HAL_SD_MspInit
 .text.HAL_MspInit
                0x08004310       0x70 ./Core/Src/stm32f1xx_hal_msp.o
                0x08004310                HAL_MspInit
 .text.HAL_InitTick
                0x08004380       0xf8 ./Core/Src/stm32f1xx_hal_timebase_tim.o
                0x08004380                HAL_InitTick
 .text.NMI_Handler
                0x08004478        0x8 ./Core/Src/stm32f1xx_it.o
                0x08004478                NMI_Handler
 .text.HardFault_Handler
                0x08004480        0x8 ./Core/Src/stm32f1xx_it.o
                0x08004480                HardFault_Handler
 .text.MemManage_Handler
                0x08004488        0x8 ./Core/Src/stm32f1xx_it.o
                0x08004488                MemManage_Handler
 .text.BusFault_Handler
                0x08004490        0x8 ./Core/Src/stm32f1xx_it.o
                0x08004490                BusFault_Handler
 .text.UsageFault_Handler
                0x08004498        0x8 ./Core/Src/stm32f1xx_it.o
                0x08004498                UsageFault_Handler
 .text.DebugMon_Handler
                0x080044a0        0xc ./Core/Src/stm32f1xx_it.o
                0x080044a0                DebugMon_Handler
 .text.TIM2_IRQHandler
                0x080044ac       0x14 ./Core/Src/stm32f1xx_it.o
                0x080044ac                TIM2_IRQHandler
 .text.TIM3_IRQHandler
                0x080044c0       0x14 ./Core/Src/stm32f1xx_it.o
                0x080044c0                TIM3_IRQHandler
 .text.USART1_IRQHandler
                0x080044d4       0x14 ./Core/Src/stm32f1xx_it.o
                0x080044d4                USART1_IRQHandler
 .text.USART2_IRQHandler
                0x080044e8       0x14 ./Core/Src/stm32f1xx_it.o
                0x080044e8                USART2_IRQHandler
 .text.USART3_IRQHandler
                0x080044fc       0x14 ./Core/Src/stm32f1xx_it.o
                0x080044fc                USART3_IRQHandler
 .text.TIM7_IRQHandler
                0x08004510       0x14 ./Core/Src/stm32f1xx_it.o
                0x08004510                TIM7_IRQHandler
 .text._sbrk    0x08004524       0x6c ./Core/Src/sysmem.o
                0x08004524                _sbrk
 .text.SystemInit
                0x08004590        0xc ./Core/Src/system_stm32f1xx.o
                0x08004590                SystemInit
 .text.MX_TIM3_Init
                0x0800459c      0x118 ./Core/Src/tim.o
                0x0800459c                MX_TIM3_Init
 .text.MX_TIM7_Init
                0x080046b4       0x6c ./Core/Src/tim.o
                0x080046b4                MX_TIM7_Init
 .text.HAL_TIM_Base_MspInit
                0x08004720       0x84 ./Core/Src/tim.o
                0x08004720                HAL_TIM_Base_MspInit
 .text.HAL_TIM_MspPostInit
                0x080047a4       0x98 ./Core/Src/tim.o
                0x080047a4                HAL_TIM_MspPostInit
 .text.MX_USART1_UART_Init
                0x0800483c       0x54 ./Core/Src/usart.o
                0x0800483c                MX_USART1_UART_Init
 .text.MX_USART2_UART_Init
                0x08004890       0x54 ./Core/Src/usart.o
                0x08004890                MX_USART2_UART_Init
 .text.MX_USART3_UART_Init
                0x080048e4       0x54 ./Core/Src/usart.o
                0x080048e4                MX_USART3_UART_Init
 .text.HAL_UART_MspInit
                0x08004938      0x1d8 ./Core/Src/usart.o
                0x08004938                HAL_UART_MspInit
 .text.Reset_Handler
                0x08004b10       0x48 ./Core/Startup/startup_stm32f103vctx.o
                0x08004b10                Reset_Handler
 .text.Default_Handler
                0x08004b58        0x2 ./Core/Startup/startup_stm32f103vctx.o
                0x08004b58                RTC_Alarm_IRQHandler
                0x08004b58                EXTI2_IRQHandler
                0x08004b58                TIM8_TRG_COM_IRQHandler
                0x08004b58                TIM8_CC_IRQHandler
                0x08004b58                TIM1_CC_IRQHandler
                0x08004b58                TIM6_IRQHandler
                0x08004b58                PVD_IRQHandler
                0x08004b58                SDIO_IRQHandler
                0x08004b58                EXTI3_IRQHandler
                0x08004b58                EXTI0_IRQHandler
                0x08004b58                I2C2_EV_IRQHandler
                0x08004b58                ADC1_2_IRQHandler
                0x08004b58                SPI1_IRQHandler
                0x08004b58                TAMPER_IRQHandler
                0x08004b58                TIM8_UP_IRQHandler
                0x08004b58                DMA2_Channel2_IRQHandler
                0x08004b58                DMA1_Channel4_IRQHandler
                0x08004b58                RTC_IRQHandler
                0x08004b58                DMA1_Channel7_IRQHandler
                0x08004b58                CAN1_RX1_IRQHandler
                0x08004b58                UART5_IRQHandler
                0x08004b58                ADC3_IRQHandler
                0x08004b58                TIM4_IRQHandler
                0x08004b58                DMA2_Channel1_IRQHandler
                0x08004b58                I2C1_EV_IRQHandler
                0x08004b58                DMA1_Channel6_IRQHandler
                0x08004b58                UART4_IRQHandler
                0x08004b58                RCC_IRQHandler
                0x08004b58                TIM1_TRG_COM_IRQHandler
                0x08004b58                DMA1_Channel1_IRQHandler
                0x08004b58                Default_Handler
                0x08004b58                EXTI15_10_IRQHandler
                0x08004b58                TIM5_IRQHandler
                0x08004b58                EXTI9_5_IRQHandler
                0x08004b58                SPI2_IRQHandler
                0x08004b58                DMA1_Channel5_IRQHandler
                0x08004b58                EXTI4_IRQHandler
                0x08004b58                USB_LP_CAN1_RX0_IRQHandler
                0x08004b58                USB_HP_CAN1_TX_IRQHandler
                0x08004b58                DMA1_Channel3_IRQHandler
                0x08004b58                FSMC_IRQHandler
                0x08004b58                TIM1_UP_IRQHandler
                0x08004b58                WWDG_IRQHandler
                0x08004b58                TIM1_BRK_IRQHandler
                0x08004b58                EXTI1_IRQHandler
                0x08004b58                DMA2_Channel4_5_IRQHandler
                0x08004b58                I2C2_ER_IRQHandler
                0x08004b58                DMA1_Channel2_IRQHandler
                0x08004b58                TIM8_BRK_IRQHandler
                0x08004b58                CAN1_SCE_IRQHandler
                0x08004b58                FLASH_IRQHandler
                0x08004b58                SPI3_IRQHandler
                0x08004b58                I2C1_ER_IRQHandler
                0x08004b58                USBWakeUp_IRQHandler
                0x08004b58                DMA2_Channel3_IRQHandler
 *fill*         0x08004b5a        0x2 
 .text.AT24Cxx_get_max_addr
                0x08004b5c       0x60 ./Core/epprom/AT24Cxx_stm32_hal.o
                0x08004b5c                AT24Cxx_get_max_addr
 .text.AT24Cxx_get_pg_size
                0x08004bbc       0x54 ./Core/epprom/AT24Cxx_stm32_hal.o
                0x08004bbc                AT24Cxx_get_pg_size
 .text.AT24Cxx_init
                0x08004c10       0x80 ./Core/epprom/AT24Cxx_stm32_hal.o
                0x08004c10                AT24Cxx_init
 .text.AT24Cxx_add_dev
                0x08004c90       0xae ./Core/epprom/AT24Cxx_stm32_hal.o
                0x08004c90                AT24Cxx_add_dev
 .text.AT24Cxx_write_byte_buffer
                0x08004d3e      0x204 ./Core/epprom/AT24Cxx_stm32_hal.o
                0x08004d3e                AT24Cxx_write_byte_buffer
 .text.AT24Cxx_read_byte_buffer
                0x08004f42       0x6e ./Core/epprom/AT24Cxx_stm32_hal.o
                0x08004f42                AT24Cxx_read_byte_buffer
 .text.constrain
                0x08004fb0       0x30 ./Core/flight/attitude.o
 .text.constrainf
                0x08004fe0       0x3a ./Core/flight/attitude.o
 *fill*         0x0800501a        0x2 
 .text.pt1FilterGain
                0x0800501c       0x44 ./Core/flight/attitude.o
 .text.attitude_ctrl_init
                0x08005060       0xac ./Core/flight/attitude.o
                0x08005060                attitude_ctrl_init
 *fill*         0x0800510c        0x4 
 .text.attitude_ctrl
                0x08005110      0x5fc ./Core/flight/attitude.o
                0x08005110                attitude_ctrl
 .text.HAL_Init
                0x0800570c       0x2c ./Drivers/STM32F1xx_HAL_Driver/Src/stm32f1xx_hal.o
                0x0800570c                HAL_Init
 .text.HAL_IncTick
                0x08005738       0x24 ./Drivers/STM32F1xx_HAL_Driver/Src/stm32f1xx_hal.o
                0x08005738                HAL_IncTick
 .text.HAL_GetTick
                0x0800575c       0x14 ./Drivers/STM32F1xx_HAL_Driver/Src/stm32f1xx_hal.o
                0x0800575c                HAL_GetTick
 .text.HAL_Delay
                0x08005770       0x48 ./Drivers/STM32F1xx_HAL_Driver/Src/stm32f1xx_hal.o
                0x08005770                HAL_Delay
 .text.__NVIC_SetPriorityGrouping
                0x080057b8       0x48 ./Drivers/STM32F1xx_HAL_Driver/Src/stm32f1xx_hal_cortex.o
 .text.__NVIC_GetPriorityGrouping
                0x08005800       0x1c ./Drivers/STM32F1xx_HAL_Driver/Src/stm32f1xx_hal_cortex.o
 .text.__NVIC_EnableIRQ
                0x0800581c       0x38 ./Drivers/STM32F1xx_HAL_Driver/Src/stm32f1xx_hal_cortex.o
 .text.__NVIC_SetPriority
                0x08005854       0x54 ./Drivers/STM32F1xx_HAL_Driver/Src/stm32f1xx_hal_cortex.o
 .text.NVIC_EncodePriority
                0x080058a8       0x64 ./Drivers/STM32F1xx_HAL_Driver/Src/stm32f1xx_hal_cortex.o
 .text.HAL_NVIC_SetPriorityGrouping
                0x0800590c       0x16 ./Drivers/STM32F1xx_HAL_Driver/Src/stm32f1xx_hal_cortex.o
                0x0800590c                HAL_NVIC_SetPriorityGrouping
 .text.HAL_NVIC_SetPriority
                0x08005922       0x38 ./Drivers/STM32F1xx_HAL_Driver/Src/stm32f1xx_hal_cortex.o
                0x08005922                HAL_NVIC_SetPriority
 .text.HAL_NVIC_EnableIRQ
                0x0800595a       0x1c ./Drivers/STM32F1xx_HAL_Driver/Src/stm32f1xx_hal_cortex.o
                0x0800595a                HAL_NVIC_EnableIRQ
 .text.HAL_DMA_Abort
                0x08005976       0x76 ./Drivers/STM32F1xx_HAL_Driver/Src/stm32f1xx_hal_dma.o
                0x08005976                HAL_DMA_Abort
 .text.HAL_DMA_Abort_IT
                0x080059ec      0x210 ./Drivers/STM32F1xx_HAL_Driver/Src/stm32f1xx_hal_dma.o
                0x080059ec                HAL_DMA_Abort_IT
 .text.HAL_GPIO_Init
                0x08005bfc      0x328 ./Drivers/STM32F1xx_HAL_Driver/Src/stm32f1xx_hal_gpio.o
                0x08005bfc                HAL_GPIO_Init
 .text.HAL_GPIO_ReadPin
                0x08005f24       0x2e ./Drivers/STM32F1xx_HAL_Driver/Src/stm32f1xx_hal_gpio.o
                0x08005f24                HAL_GPIO_ReadPin
 .text.HAL_GPIO_WritePin
                0x08005f52       0x30 ./Drivers/STM32F1xx_HAL_Driver/Src/stm32f1xx_hal_gpio.o
                0x08005f52                HAL_GPIO_WritePin
 .text.HAL_GPIO_TogglePin
                0x08005f82       0x32 ./Drivers/STM32F1xx_HAL_Driver/Src/stm32f1xx_hal_gpio.o
                0x08005f82                HAL_GPIO_TogglePin
 .text.HAL_I2C_Init
                0x08005fb4      0x288 ./Drivers/STM32F1xx_HAL_Driver/Src/stm32f1xx_hal_i2c.o
                0x08005fb4                HAL_I2C_Init
 .text.HAL_I2C_Master_Transmit
                0x0800623c      0x1fc ./Drivers/STM32F1xx_HAL_Driver/Src/stm32f1xx_hal_i2c.o
                0x0800623c                HAL_I2C_Master_Transmit
 .text.HAL_I2C_Master_Receive
                0x08006438      0x4d8 ./Drivers/STM32F1xx_HAL_Driver/Src/stm32f1xx_hal_i2c.o
                0x08006438                HAL_I2C_Master_Receive
 .text.HAL_I2C_Mem_Write
                0x08006910      0x1f4 ./Drivers/STM32F1xx_HAL_Driver/Src/stm32f1xx_hal_i2c.o
                0x08006910                HAL_I2C_Mem_Write
 .text.HAL_I2C_Mem_Read
                0x08006b04      0x4d0 ./Drivers/STM32F1xx_HAL_Driver/Src/stm32f1xx_hal_i2c.o
                0x08006b04                HAL_I2C_Mem_Read
 .text.HAL_I2C_IsDeviceReady
                0x08006fd4      0x25c ./Drivers/STM32F1xx_HAL_Driver/Src/stm32f1xx_hal_i2c.o
                0x08006fd4                HAL_I2C_IsDeviceReady
 .text.I2C_MasterRequestWrite
                0x08007230      0x104 ./Drivers/STM32F1xx_HAL_Driver/Src/stm32f1xx_hal_i2c.o
 .text.I2C_MasterRequestRead
                0x08007334      0x19c ./Drivers/STM32F1xx_HAL_Driver/Src/stm32f1xx_hal_i2c.o
 .text.I2C_RequestMemoryWrite
                0x080074d0      0x12c ./Drivers/STM32F1xx_HAL_Driver/Src/stm32f1xx_hal_i2c.o
 .text.I2C_RequestMemoryRead
                0x080075fc      0x1d0 ./Drivers/STM32F1xx_HAL_Driver/Src/stm32f1xx_hal_i2c.o
 .text.I2C_WaitOnFlagUntilTimeout
                0x080077cc       0xf4 ./Drivers/STM32F1xx_HAL_Driver/Src/stm32f1xx_hal_i2c.o
 .text.I2C_WaitOnMasterAddressFlagUntilTimeout
                0x080078c0      0x140 ./Drivers/STM32F1xx_HAL_Driver/Src/stm32f1xx_hal_i2c.o
 .text.I2C_WaitOnTXEFlagUntilTimeout
                0x08007a00       0x90 ./Drivers/STM32F1xx_HAL_Driver/Src/stm32f1xx_hal_i2c.o
 .text.I2C_WaitOnBTFFlagUntilTimeout
                0x08007a90       0x90 ./Drivers/STM32F1xx_HAL_Driver/Src/stm32f1xx_hal_i2c.o
 .text.I2C_WaitOnRXNEFlagUntilTimeout
                0x08007b20       0xba ./Drivers/STM32F1xx_HAL_Driver/Src/stm32f1xx_hal_i2c.o
 .text.I2C_IsAcknowledgeFailed
                0x08007bda       0x5c ./Drivers/STM32F1xx_HAL_Driver/Src/stm32f1xx_hal_i2c.o
 *fill*         0x08007c36        0x2 
 .text.HAL_RCC_OscConfig
                0x08007c38      0x504 ./Drivers/STM32F1xx_HAL_Driver/Src/stm32f1xx_hal_rcc.o
                0x08007c38                HAL_RCC_OscConfig
 .text.HAL_RCC_ClockConfig
                0x0800813c      0x1d4 ./Drivers/STM32F1xx_HAL_Driver/Src/stm32f1xx_hal_rcc.o
                0x0800813c                HAL_RCC_ClockConfig
 .text.HAL_RCC_GetSysClockFreq
                0x08008310       0xa8 ./Drivers/STM32F1xx_HAL_Driver/Src/stm32f1xx_hal_rcc.o
                0x08008310                HAL_RCC_GetSysClockFreq
 .text.HAL_RCC_GetHCLKFreq
                0x080083b8       0x14 ./Drivers/STM32F1xx_HAL_Driver/Src/stm32f1xx_hal_rcc.o
                0x080083b8                HAL_RCC_GetHCLKFreq
 .text.HAL_RCC_GetPCLK1Freq
                0x080083cc       0x28 ./Drivers/STM32F1xx_HAL_Driver/Src/stm32f1xx_hal_rcc.o
                0x080083cc                HAL_RCC_GetPCLK1Freq
 .text.HAL_RCC_GetPCLK2Freq
                0x080083f4       0x28 ./Drivers/STM32F1xx_HAL_Driver/Src/stm32f1xx_hal_rcc.o
                0x080083f4                HAL_RCC_GetPCLK2Freq
 .text.HAL_RCC_GetClockConfig
                0x0800841c       0x60 ./Drivers/STM32F1xx_HAL_Driver/Src/stm32f1xx_hal_rcc.o
                0x0800841c                HAL_RCC_GetClockConfig
 .text.RCC_Delay
                0x0800847c       0x3c ./Drivers/STM32F1xx_HAL_Driver/Src/stm32f1xx_hal_rcc.o
 .text.HAL_SD_Init
                0x080084b8       0x60 ./Drivers/STM32F1xx_HAL_Driver/Src/stm32f1xx_hal_sd.o
                0x080084b8                HAL_SD_Init
 .text.HAL_SD_InitCard
                0x08008518      0x100 ./Drivers/STM32F1xx_HAL_Driver/Src/stm32f1xx_hal_sd.o
                0x08008518                HAL_SD_InitCard
 .text.HAL_SD_ReadBlocks
                0x08008618      0x3bc ./Drivers/STM32F1xx_HAL_Driver/Src/stm32f1xx_hal_sd.o
                0x08008618                HAL_SD_ReadBlocks
 .text.HAL_SD_WriteBlocks
                0x080089d4      0x30c ./Drivers/STM32F1xx_HAL_Driver/Src/stm32f1xx_hal_sd.o
                0x080089d4                HAL_SD_WriteBlocks
 .text.HAL_SD_GetCardCSD
                0x08008ce0      0x348 ./Drivers/STM32F1xx_HAL_Driver/Src/stm32f1xx_hal_sd.o
                0x08008ce0                HAL_SD_GetCardCSD
 .text.HAL_SD_GetCardInfo
                0x08009028       0x56 ./Drivers/STM32F1xx_HAL_Driver/Src/stm32f1xx_hal_sd.o
                0x08009028                HAL_SD_GetCardInfo
 .text.HAL_SD_GetCardState
                0x0800907e       0x40 ./Drivers/STM32F1xx_HAL_Driver/Src/stm32f1xx_hal_sd.o
                0x0800907e                HAL_SD_GetCardState
 .text.SD_InitCard
                0x080090be      0x19c ./Drivers/STM32F1xx_HAL_Driver/Src/stm32f1xx_hal_sd.o
 *fill*         0x0800925a        0x2 
 .text.SD_PowerON
                0x0800925c      0x11c ./Drivers/STM32F1xx_HAL_Driver/Src/stm32f1xx_hal_sd.o
 .text.SD_SendStatus
                0x08009378       0x50 ./Drivers/STM32F1xx_HAL_Driver/Src/stm32f1xx_hal_sd.o
 .text.HAL_TIM_Base_Init
                0x080093c8       0x9e ./Drivers/STM32F1xx_HAL_Driver/Src/stm32f1xx_hal_tim.o
                0x080093c8                HAL_TIM_Base_Init
 *fill*         0x08009466        0x2 
 .text.HAL_TIM_Base_Start_IT
                0x08009468       0xc0 ./Drivers/STM32F1xx_HAL_Driver/Src/stm32f1xx_hal_tim.o
                0x08009468                HAL_TIM_Base_Start_IT
 .text.HAL_TIM_PWM_Init
                0x08009528       0x9e ./Drivers/STM32F1xx_HAL_Driver/Src/stm32f1xx_hal_tim.o
                0x08009528                HAL_TIM_PWM_Init
 .text.HAL_TIM_PWM_MspInit
                0x080095c6       0x12 ./Drivers/STM32F1xx_HAL_Driver/Src/stm32f1xx_hal_tim.o
                0x080095c6                HAL_TIM_PWM_MspInit
 .text.HAL_TIM_PWM_Start
                0x080095d8      0x174 ./Drivers/STM32F1xx_HAL_Driver/Src/stm32f1xx_hal_tim.o
                0x080095d8                HAL_TIM_PWM_Start
 .text.HAL_TIM_IRQHandler
                0x0800974c      0x210 ./Drivers/STM32F1xx_HAL_Driver/Src/stm32f1xx_hal_tim.o
                0x0800974c                HAL_TIM_IRQHandler
 .text.HAL_TIM_PWM_ConfigChannel
                0x0800995c      0x184 ./Drivers/STM32F1xx_HAL_Driver/Src/stm32f1xx_hal_tim.o
                0x0800995c                HAL_TIM_PWM_ConfigChannel
 .text.HAL_TIM_ConfigClockSource
                0x08009ae0      0x18e ./Drivers/STM32F1xx_HAL_Driver/Src/stm32f1xx_hal_tim.o
                0x08009ae0                HAL_TIM_ConfigClockSource
 .text.HAL_TIM_OC_DelayElapsedCallback
                0x08009c6e       0x12 ./Drivers/STM32F1xx_HAL_Driver/Src/stm32f1xx_hal_tim.o
                0x08009c6e                HAL_TIM_OC_DelayElapsedCallback
 .text.HAL_TIM_IC_CaptureCallback
                0x08009c80       0x12 ./Drivers/STM32F1xx_HAL_Driver/Src/stm32f1xx_hal_tim.o
                0x08009c80                HAL_TIM_IC_CaptureCallback
 .text.HAL_TIM_PWM_PulseFinishedCallback
                0x08009c92       0x12 ./Drivers/STM32F1xx_HAL_Driver/Src/stm32f1xx_hal_tim.o
                0x08009c92                HAL_TIM_PWM_PulseFinishedCallback
 .text.HAL_TIM_TriggerCallback
                0x08009ca4       0x12 ./Drivers/STM32F1xx_HAL_Driver/Src/stm32f1xx_hal_tim.o
                0x08009ca4                HAL_TIM_TriggerCallback
 *fill*         0x08009cb6        0x2 
 .text.TIM_Base_SetConfig
                0x08009cb8       0xf4 ./Drivers/STM32F1xx_HAL_Driver/Src/stm32f1xx_hal_tim.o
                0x08009cb8                TIM_Base_SetConfig
 .text.TIM_OC1_SetConfig
                0x08009dac       0xe0 ./Drivers/STM32F1xx_HAL_Driver/Src/stm32f1xx_hal_tim.o
 .text.TIM_OC2_SetConfig
                0x08009e8c       0xe8 ./Drivers/STM32F1xx_HAL_Driver/Src/stm32f1xx_hal_tim.o
                0x08009e8c                TIM_OC2_SetConfig
 .text.TIM_OC3_SetConfig
                0x08009f74       0xe8 ./Drivers/STM32F1xx_HAL_Driver/Src/stm32f1xx_hal_tim.o
 .text.TIM_OC4_SetConfig
                0x0800a05c       0xa8 ./Drivers/STM32F1xx_HAL_Driver/Src/stm32f1xx_hal_tim.o
 .text.TIM_TI1_ConfigInputStage
                0x0800a104       0x5c ./Drivers/STM32F1xx_HAL_Driver/Src/stm32f1xx_hal_tim.o
 .text.TIM_TI2_ConfigInputStage
                0x0800a160       0x5e ./Drivers/STM32F1xx_HAL_Driver/Src/stm32f1xx_hal_tim.o
 .text.TIM_ITRx_SetConfig
                0x0800a1be       0x34 ./Drivers/STM32F1xx_HAL_Driver/Src/stm32f1xx_hal_tim.o
 .text.TIM_ETR_SetConfig
                0x0800a1f2       0x3e ./Drivers/STM32F1xx_HAL_Driver/Src/stm32f1xx_hal_tim.o
                0x0800a1f2                TIM_ETR_SetConfig
 .text.TIM_CCxChannelCmd
                0x0800a230       0x48 ./Drivers/STM32F1xx_HAL_Driver/Src/stm32f1xx_hal_tim.o
                0x0800a230                TIM_CCxChannelCmd
 .text.HAL_TIMEx_MasterConfigSynchronization
                0x0800a278       0xd8 ./Drivers/STM32F1xx_HAL_Driver/Src/stm32f1xx_hal_tim_ex.o
                0x0800a278                HAL_TIMEx_MasterConfigSynchronization
 .text.HAL_TIMEx_CommutCallback
                0x0800a350       0x12 ./Drivers/STM32F1xx_HAL_Driver/Src/stm32f1xx_hal_tim_ex.o
                0x0800a350                HAL_TIMEx_CommutCallback
 .text.HAL_TIMEx_BreakCallback
                0x0800a362       0x12 ./Drivers/STM32F1xx_HAL_Driver/Src/stm32f1xx_hal_tim_ex.o
                0x0800a362                HAL_TIMEx_BreakCallback
 .text.HAL_UART_Init
                0x0800a374       0xa0 ./Drivers/STM32F1xx_HAL_Driver/Src/stm32f1xx_hal_uart.o
                0x0800a374                HAL_UART_Init
 .text.HAL_UART_Transmit
                0x0800a414      0x106 ./Drivers/STM32F1xx_HAL_Driver/Src/stm32f1xx_hal_uart.o
                0x0800a414                HAL_UART_Transmit
 .text.HAL_UART_Receive_IT
                0x0800a51a       0x4a ./Drivers/STM32F1xx_HAL_Driver/Src/stm32f1xx_hal_uart.o
                0x0800a51a                HAL_UART_Receive_IT
 .text.HAL_UART_IRQHandler
                0x0800a564      0x524 ./Drivers/STM32F1xx_HAL_Driver/Src/stm32f1xx_hal_uart.o
                0x0800a564                HAL_UART_IRQHandler
 .text.HAL_UART_ErrorCallback
                0x0800aa88       0x12 ./Drivers/STM32F1xx_HAL_Driver/Src/stm32f1xx_hal_uart.o
                0x0800aa88                HAL_UART_ErrorCallback
 .text.HAL_UARTEx_RxEventCallback
                0x0800aa9a       0x16 ./Drivers/STM32F1xx_HAL_Driver/Src/stm32f1xx_hal_uart.o
                0x0800aa9a                HAL_UARTEx_RxEventCallback
 .text.UART_WaitOnFlagUntilTimeout
                0x0800aab0       0xdc ./Drivers/STM32F1xx_HAL_Driver/Src/stm32f1xx_hal_uart.o
 .text.UART_Start_Receive_IT
                0x0800ab8c       0x72 ./Drivers/STM32F1xx_HAL_Driver/Src/stm32f1xx_hal_uart.o
                0x0800ab8c                UART_Start_Receive_IT
 .text.UART_EndRxTransfer
                0x0800abfe       0xc4 ./Drivers/STM32F1xx_HAL_Driver/Src/stm32f1xx_hal_uart.o
 .text.UART_DMAAbortOnError
                0x0800acc2       0x28 ./Drivers/STM32F1xx_HAL_Driver/Src/stm32f1xx_hal_uart.o
 .text.UART_Transmit_IT
                0x0800acea       0x9e ./Drivers/STM32F1xx_HAL_Driver/Src/stm32f1xx_hal_uart.o
 .text.UART_EndTransmit_IT
                0x0800ad88       0x30 ./Drivers/STM32F1xx_HAL_Driver/Src/stm32f1xx_hal_uart.o
 .text.UART_Receive_IT
                0x0800adb8      0x17c ./Drivers/STM32F1xx_HAL_Driver/Src/stm32f1xx_hal_uart.o
 .text.UART_SetConfig
                0x0800af34      0x11c ./Drivers/STM32F1xx_HAL_Driver/Src/stm32f1xx_hal_uart.o
 .text.SDIO_Init
                0x0800b050       0x54 ./Drivers/STM32F1xx_HAL_Driver/Src/stm32f1xx_ll_sdmmc.o
                0x0800b050                SDIO_Init
 .text.SDIO_ReadFIFO
                0x0800b0a4       0x18 ./Drivers/STM32F1xx_HAL_Driver/Src/stm32f1xx_ll_sdmmc.o
                0x0800b0a4                SDIO_ReadFIFO
 .text.SDIO_WriteFIFO
                0x0800b0bc       0x20 ./Drivers/STM32F1xx_HAL_Driver/Src/stm32f1xx_ll_sdmmc.o
                0x0800b0bc                SDIO_WriteFIFO
 .text.SDIO_PowerState_ON
                0x0800b0dc       0x1a ./Drivers/STM32F1xx_HAL_Driver/Src/stm32f1xx_ll_sdmmc.o
                0x0800b0dc                SDIO_PowerState_ON
 .text.SDIO_GetPowerState
                0x0800b0f6       0x1a ./Drivers/STM32F1xx_HAL_Driver/Src/stm32f1xx_ll_sdmmc.o
                0x0800b0f6                SDIO_GetPowerState
 .text.SDIO_SendCommand
                0x0800b110       0x52 ./Drivers/STM32F1xx_HAL_Driver/Src/stm32f1xx_ll_sdmmc.o
                0x0800b110                SDIO_SendCommand
 .text.SDIO_GetCommandResponse
                0x0800b162       0x18 ./Drivers/STM32F1xx_HAL_Driver/Src/stm32f1xx_ll_sdmmc.o
                0x0800b162                SDIO_GetCommandResponse
 .text.SDIO_GetResponse
                0x0800b17a       0x24 ./Drivers/STM32F1xx_HAL_Driver/Src/stm32f1xx_ll_sdmmc.o
                0x0800b17a                SDIO_GetResponse
 .text.SDIO_ConfigData
                0x0800b19e       0x56 ./Drivers/STM32F1xx_HAL_Driver/Src/stm32f1xx_ll_sdmmc.o
                0x0800b19e                SDIO_ConfigData
 .text.SDMMC_CmdBlockLength
                0x0800b1f4       0x44 ./Drivers/STM32F1xx_HAL_Driver/Src/stm32f1xx_ll_sdmmc.o
                0x0800b1f4                SDMMC_CmdBlockLength
 .text.SDMMC_CmdReadSingleBlock
                0x0800b238       0x44 ./Drivers/STM32F1xx_HAL_Driver/Src/stm32f1xx_ll_sdmmc.o
                0x0800b238                SDMMC_CmdReadSingleBlock
 .text.SDMMC_CmdReadMultiBlock
                0x0800b27c       0x44 ./Drivers/STM32F1xx_HAL_Driver/Src/stm32f1xx_ll_sdmmc.o
                0x0800b27c                SDMMC_CmdReadMultiBlock
 .text.SDMMC_CmdWriteSingleBlock
                0x0800b2c0       0x44 ./Drivers/STM32F1xx_HAL_Driver/Src/stm32f1xx_ll_sdmmc.o
                0x0800b2c0                SDMMC_CmdWriteSingleBlock
 .text.SDMMC_CmdWriteMultiBlock
                0x0800b304       0x44 ./Drivers/STM32F1xx_HAL_Driver/Src/stm32f1xx_ll_sdmmc.o
                0x0800b304                SDMMC_CmdWriteMultiBlock
 .text.SDMMC_CmdStopTransfer
                0x0800b348       0x44 ./Drivers/STM32F1xx_HAL_Driver/Src/stm32f1xx_ll_sdmmc.o
                0x0800b348                SDMMC_CmdStopTransfer
 .text.SDMMC_CmdSelDesel
                0x0800b38c       0x46 ./Drivers/STM32F1xx_HAL_Driver/Src/stm32f1xx_ll_sdmmc.o
                0x0800b38c                SDMMC_CmdSelDesel
 .text.SDMMC_CmdGoIdleState
                0x0800b3d2       0x3c ./Drivers/STM32F1xx_HAL_Driver/Src/stm32f1xx_ll_sdmmc.o
                0x0800b3d2                SDMMC_CmdGoIdleState
 .text.SDMMC_CmdOperCond
                0x0800b40e       0x3e ./Drivers/STM32F1xx_HAL_Driver/Src/stm32f1xx_ll_sdmmc.o
                0x0800b40e                SDMMC_CmdOperCond
 .text.SDMMC_CmdAppCommand
                0x0800b44c       0x44 ./Drivers/STM32F1xx_HAL_Driver/Src/stm32f1xx_ll_sdmmc.o
                0x0800b44c                SDMMC_CmdAppCommand
 .text.SDMMC_CmdAppOperCommand
                0x0800b490       0x46 ./Drivers/STM32F1xx_HAL_Driver/Src/stm32f1xx_ll_sdmmc.o
                0x0800b490                SDMMC_CmdAppOperCommand
 .text.SDMMC_CmdSendCID
                0x0800b4d6       0x3c ./Drivers/STM32F1xx_HAL_Driver/Src/stm32f1xx_ll_sdmmc.o
                0x0800b4d6                SDMMC_CmdSendCID
 .text.SDMMC_CmdSendCSD
                0x0800b512       0x3e ./Drivers/STM32F1xx_HAL_Driver/Src/stm32f1xx_ll_sdmmc.o
                0x0800b512                SDMMC_CmdSendCSD
 .text.SDMMC_CmdSetRelAdd
                0x0800b550       0x42 ./Drivers/STM32F1xx_HAL_Driver/Src/stm32f1xx_ll_sdmmc.o
                0x0800b550                SDMMC_CmdSetRelAdd
 .text.SDMMC_CmdSendStatus
                0x0800b592       0x44 ./Drivers/STM32F1xx_HAL_Driver/Src/stm32f1xx_ll_sdmmc.o
                0x0800b592                SDMMC_CmdSendStatus
 *fill*         0x0800b5d6        0x2 
 .text.SDMMC_GetCmdResp1
                0x0800b5d8      0x1dc ./Drivers/STM32F1xx_HAL_Driver/Src/stm32f1xx_ll_sdmmc.o
                0x0800b5d8                SDMMC_GetCmdResp1
 .text.SDMMC_GetCmdResp2
                0x0800b7b4       0x90 ./Drivers/STM32F1xx_HAL_Driver/Src/stm32f1xx_ll_sdmmc.o
                0x0800b7b4                SDMMC_GetCmdResp2
 .text.SDMMC_GetCmdResp3
                0x0800b844       0x78 ./Drivers/STM32F1xx_HAL_Driver/Src/stm32f1xx_ll_sdmmc.o
                0x0800b844                SDMMC_GetCmdResp3
 .text.SDMMC_GetCmdResp6
                0x0800b8bc       0xec ./Drivers/STM32F1xx_HAL_Driver/Src/stm32f1xx_ll_sdmmc.o
                0x0800b8bc                SDMMC_GetCmdResp6
 .text.SDMMC_GetCmdResp7
                0x0800b9a8       0x9c ./Drivers/STM32F1xx_HAL_Driver/Src/stm32f1xx_ll_sdmmc.o
                0x0800b9a8                SDMMC_GetCmdResp7
 .text.SDMMC_GetCmdError
                0x0800ba44       0x54 ./Drivers/STM32F1xx_HAL_Driver/Src/stm32f1xx_ll_sdmmc.o
 .text.MX_FATFS_Init
                0x0800ba98       0x24 ./FATFS/App/fatfs.o
                0x0800ba98                MX_FATFS_Init
 .text.get_fattime
                0x0800babc        0xe ./FATFS/App/fatfs.o
                0x0800babc                get_fattime
 *fill*         0x0800baca        0x2 
 .text.BSP_SD_Init
                0x0800bacc       0x30 ./FATFS/Target/bsp_driver_sd.o
                0x0800bacc                BSP_SD_Init
 .text.BSP_SD_ReadBlocks
                0x0800bafc       0x3c ./FATFS/Target/bsp_driver_sd.o
                0x0800bafc                BSP_SD_ReadBlocks
 .text.BSP_SD_WriteBlocks
                0x0800bb38       0x3c ./FATFS/Target/bsp_driver_sd.o
                0x0800bb38                BSP_SD_WriteBlocks
 .text.BSP_SD_GetCardState
                0x0800bb74       0x20 ./FATFS/Target/bsp_driver_sd.o
                0x0800bb74                BSP_SD_GetCardState
 .text.BSP_SD_GetCardInfo
                0x0800bb94       0x1c ./FATFS/Target/bsp_driver_sd.o
                0x0800bb94                BSP_SD_GetCardInfo
 .text.BSP_SD_IsDetected
                0x0800bbb0       0x18 ./FATFS/Target/bsp_driver_sd.o
                0x0800bbb0                BSP_SD_IsDetected
 .text.disk_status
                0x0800bbc8       0x34 ./Middlewares/Third_Party/FatFs/src/diskio.o
                0x0800bbc8                disk_status
 .text.disk_initialize
                0x0800bbfc       0x4c ./Middlewares/Third_Party/FatFs/src/diskio.o
                0x0800bbfc                disk_initialize
 .text.disk_read
                0x0800bc48       0x40 ./Middlewares/Third_Party/FatFs/src/diskio.o
                0x0800bc48                disk_read
 .text.disk_write
                0x0800bc88       0x40 ./Middlewares/Third_Party/FatFs/src/diskio.o
                0x0800bc88                disk_write
 .text.disk_ioctl
                0x0800bcc8       0x3c ./Middlewares/Third_Party/FatFs/src/diskio.o
                0x0800bcc8                disk_ioctl
 .text.mem_cpy  0x0800bd04       0x3c ./Middlewares/Third_Party/FatFs/src/ff.o
 .text.mem_set  0x0800bd40       0x34 ./Middlewares/Third_Party/FatFs/src/ff.o
 .text.mem_cmp  0x0800bd74       0x4c ./Middlewares/Third_Party/FatFs/src/ff.o
 .text.chk_chr  0x0800bdc0       0x34 ./Middlewares/Third_Party/FatFs/src/ff.o
 .text.lock_fs  0x0800bdf4       0x1e ./Middlewares/Third_Party/FatFs/src/ff.o
 .text.unlock_fs
                0x0800be12       0x3e ./Middlewares/Third_Party/FatFs/src/ff.o
 .text.chk_lock
                0x0800be50       0xd8 ./Middlewares/Third_Party/FatFs/src/ff.o
 .text.enq_lock
                0x0800bf28       0x48 ./Middlewares/Third_Party/FatFs/src/ff.o
 .text.inc_lock
                0x0800bf70      0x16c ./Middlewares/Third_Party/FatFs/src/ff.o
 .text.clear_lock
                0x0800c0dc       0x54 ./Middlewares/Third_Party/FatFs/src/ff.o
 .text.sync_window
                0x0800c130       0x92 ./Middlewares/Third_Party/FatFs/src/ff.o
 .text.move_window
                0x0800c1c2       0x5c ./Middlewares/Third_Party/FatFs/src/ff.o
 .text.sync_fs  0x0800c21e      0x15c ./Middlewares/Third_Party/FatFs/src/ff.o
 .text.clust2sect
                0x0800c37a       0x42 ./Middlewares/Third_Party/FatFs/src/ff.o
                0x0800c37a                clust2sect
 .text.get_fat  0x0800c3bc      0x1da ./Middlewares/Third_Party/FatFs/src/ff.o
                0x0800c3bc                get_fat
 .text.put_fat  0x0800c596      0x280 ./Middlewares/Third_Party/FatFs/src/ff.o
                0x0800c596                put_fat
 .text.remove_chain
                0x0800c816       0xb4 ./Middlewares/Third_Party/FatFs/src/ff.o
 .text.create_chain
                0x0800c8ca      0x13a ./Middlewares/Third_Party/FatFs/src/ff.o
 .text.clmt_clust
                0x0800ca04       0x76 ./Middlewares/Third_Party/FatFs/src/ff.o
 .text.dir_sdi  0x0800ca7a      0x162 ./Middlewares/Third_Party/FatFs/src/ff.o
 .text.dir_next
                0x0800cbdc      0x234 ./Middlewares/Third_Party/FatFs/src/ff.o
 .text.dir_alloc
                0x0800ce10       0x94 ./Middlewares/Third_Party/FatFs/src/ff.o
 .text.ld_clust
                0x0800cea4       0x5a ./Middlewares/Third_Party/FatFs/src/ff.o
 .text.st_clust
                0x0800cefe       0x4c ./Middlewares/Third_Party/FatFs/src/ff.o
 *fill*         0x0800cf4a        0x2 
 .text.cmp_lfn  0x0800cf4c       0xdc ./Middlewares/Third_Party/FatFs/src/ff.o
 .text.fit_lfn  0x0800d028       0xe8 ./Middlewares/Third_Party/FatFs/src/ff.o
 .text.gen_numname
                0x0800d110      0x11c ./Middlewares/Third_Party/FatFs/src/ff.o
 .text.sum_sfn  0x0800d22c       0x40 ./Middlewares/Third_Party/FatFs/src/ff.o
 .text.dir_find
                0x0800d26c      0x180 ./Middlewares/Third_Party/FatFs/src/ff.o
 .text.dir_register
                0x0800d3ec      0x21c ./Middlewares/Third_Party/FatFs/src/ff.o
 .text.create_name
                0x0800d608      0x370 ./Middlewares/Third_Party/FatFs/src/ff.o
 .text.follow_path
                0x0800d978       0xdc ./Middlewares/Third_Party/FatFs/src/ff.o
 .text.get_ldnumber
                0x0800da54       0x86 ./Middlewares/Third_Party/FatFs/src/ff.o
 *fill*         0x0800dada        0x2 
 .text.check_fs
                0x0800dadc       0xd4 ./Middlewares/Third_Party/FatFs/src/ff.o
 .text.find_volume
                0x0800dbb0      0x608 ./Middlewares/Third_Party/FatFs/src/ff.o
 .text.validate
                0x0800e1b8       0x7c ./Middlewares/Third_Party/FatFs/src/ff.o
 .text.f_mount  0x0800e234       0xd0 ./Middlewares/Third_Party/FatFs/src/ff.o
                0x0800e234                f_mount
 .text.f_open   0x0800e304      0x512 ./Middlewares/Third_Party/FatFs/src/ff.o
                0x0800e304                f_open
 .text.f_write  0x0800e816      0x462 ./Middlewares/Third_Party/FatFs/src/ff.o
                0x0800e816                f_write
 .text.f_sync   0x0800ec78      0x192 ./Middlewares/Third_Party/FatFs/src/ff.o
                0x0800ec78                f_sync
 .text.putc_bfd
                0x0800ee0a       0x7a ./Middlewares/Third_Party/FatFs/src/ff.o
 .text.f_puts   0x0800ee84       0x72 ./Middlewares/Third_Party/FatFs/src/ff.o
                0x0800ee84                f_puts
 *fill*         0x0800eef6        0x2 
 .text.FATFS_LinkDriverEx
                0x0800eef8       0x94 ./Middlewares/Third_Party/FatFs/src/ff_gen_drv.o
                0x0800eef8                FATFS_LinkDriverEx
 .text.FATFS_LinkDriver
                0x0800ef8c       0x1e ./Middlewares/Third_Party/FatFs/src/ff_gen_drv.o
                0x0800ef8c                FATFS_LinkDriver
 *fill*         0x0800efaa        0x2 
 .text.SD_initialize
                0x0800efac       0x3c ./Middlewares/Third_Party/FatFs/src/drivers/sd_diskio.o
                0x0800efac                SD_initialize
 .text.SD_status
                0x0800efe8       0x3c ./Middlewares/Third_Party/FatFs/src/drivers/sd_diskio.o
                0x0800efe8                SD_status
 .text.SD_read  0x0800f024       0x5c ./Middlewares/Third_Party/FatFs/src/drivers/sd_diskio.o
                0x0800f024                SD_read
 .text.SD_write
                0x0800f080       0x5c ./Middlewares/Third_Party/FatFs/src/drivers/sd_diskio.o
                0x0800f080                SD_write
 .text.SD_ioctl
                0x0800f0dc       0xac ./Middlewares/Third_Party/FatFs/src/drivers/sd_diskio.o
                0x0800f0dc                SD_ioctl
 .text.ff_convert
                0x0800f188       0x74 ./Middlewares/Third_Party/FatFs/src/option/ccsbcs.o
                0x0800f188                ff_convert
 .text.ff_wtoupper
                0x0800f1fc       0x5c ./Middlewares/Third_Party/FatFs/src/option/ccsbcs.o
                0x0800f1fc                ff_wtoupper
 .text.ff_cre_syncobj
                0x0800f258       0x40 ./Middlewares/Third_Party/FatFs/src/option/syscall.o
                0x0800f258                ff_cre_syncobj
 .text.ff_del_syncobj
                0x0800f298       0x18 ./Middlewares/Third_Party/FatFs/src/option/syscall.o
                0x0800f298                ff_del_syncobj
 .text.ff_req_grant
                0x0800f2b0       0x2a ./Middlewares/Third_Party/FatFs/src/option/syscall.o
                0x0800f2b0                ff_req_grant
 .text.ff_rel_grant
                0x0800f2da       0x16 ./Middlewares/Third_Party/FatFs/src/option/syscall.o
                0x0800f2da                ff_rel_grant
 .text.makeFreeRtosPriority
                0x0800f2f0       0x2e ./Middlewares/Third_Party/FreeRTOS/Source/CMSIS_RTOS/cmsis_os.o
 .text.inHandlerMode
                0x0800f31e       0x22 ./Middlewares/Third_Party/FreeRTOS/Source/CMSIS_RTOS/cmsis_os.o
 .text.osKernelStart
                0x0800f340        0xe ./Middlewares/Third_Party/FreeRTOS/Source/CMSIS_RTOS/cmsis_os.o
                0x0800f340                osKernelStart
 .text.osThreadCreate
                0x0800f34e       0x98 ./Middlewares/Third_Party/FreeRTOS/Source/CMSIS_RTOS/cmsis_os.o
                0x0800f34e                osThreadCreate
 .text.osDelay  0x0800f3e6       0x28 ./Middlewares/Third_Party/FreeRTOS/Source/CMSIS_RTOS/cmsis_os.o
                0x0800f3e6                osDelay
 .text.osSemaphoreCreate
                0x0800f40e       0x64 ./Middlewares/Third_Party/FreeRTOS/Source/CMSIS_RTOS/cmsis_os.o
                0x0800f40e                osSemaphoreCreate
 *fill*         0x0800f472        0x2 
 .text.osSemaphoreWait
                0x0800f474       0x9c ./Middlewares/Third_Party/FreeRTOS/Source/CMSIS_RTOS/cmsis_os.o
                0x0800f474                osSemaphoreWait
 .text.osSemaphoreRelease
                0x0800f510       0x6c ./Middlewares/Third_Party/FreeRTOS/Source/CMSIS_RTOS/cmsis_os.o
                0x0800f510                osSemaphoreRelease
 .text.osSemaphoreDelete
                0x0800f57c       0x26 ./Middlewares/Third_Party/FreeRTOS/Source/CMSIS_RTOS/cmsis_os.o
                0x0800f57c                osSemaphoreDelete
 .text.vListInitialise
                0x0800f5a2       0x3e ./Middlewares/Third_Party/FreeRTOS/Source/list.o
                0x0800f5a2                vListInitialise
 .text.vListInitialiseItem
                0x0800f5e0       0x18 ./Middlewares/Third_Party/FreeRTOS/Source/list.o
                0x0800f5e0                vListInitialiseItem
 .text.vListInsertEnd
                0x0800f5f8       0x46 ./Middlewares/Third_Party/FreeRTOS/Source/list.o
                0x0800f5f8                vListInsertEnd
 .text.vListInsert
                0x0800f63e       0x70 ./Middlewares/Third_Party/FreeRTOS/Source/list.o
                0x0800f63e                vListInsert
 .text.uxListRemove
                0x0800f6ae       0x52 ./Middlewares/Third_Party/FreeRTOS/Source/list.o
                0x0800f6ae                uxListRemove
 .text.xQueueGenericReset
                0x0800f700       0xd4 ./Middlewares/Third_Party/FreeRTOS/Source/queue.o
                0x0800f700                xQueueGenericReset
 .text.xQueueGenericCreateStatic
                0x0800f7d4       0xf8 ./Middlewares/Third_Party/FreeRTOS/Source/queue.o
                0x0800f7d4                xQueueGenericCreateStatic
 .text.xQueueGenericCreate
                0x0800f8cc       0x7e ./Middlewares/Third_Party/FreeRTOS/Source/queue.o
                0x0800f8cc                xQueueGenericCreate
 .text.prvInitialiseNewQueue
                0x0800f94a       0x3e ./Middlewares/Third_Party/FreeRTOS/Source/queue.o
 .text.xQueueGenericSend
                0x0800f988      0x204 ./Middlewares/Third_Party/FreeRTOS/Source/queue.o
                0x0800f988                xQueueGenericSend
 .text.xQueueGiveFromISR
                0x0800fb8c      0x120 ./Middlewares/Third_Party/FreeRTOS/Source/queue.o
                0x0800fb8c                xQueueGiveFromISR
 .text.xQueueSemaphoreTake
                0x0800fcac      0x220 ./Middlewares/Third_Party/FreeRTOS/Source/queue.o
                0x0800fcac                xQueueSemaphoreTake
 .text.xQueueReceiveFromISR
                0x0800fecc      0x104 ./Middlewares/Third_Party/FreeRTOS/Source/queue.o
                0x0800fecc                xQueueReceiveFromISR
 .text.vQueueDelete
                0x0800ffd0       0x48 ./Middlewares/Third_Party/FreeRTOS/Source/queue.o
                0x0800ffd0                vQueueDelete
 .text.prvGetDisinheritPriorityAfterTimeout
                0x08010018       0x2e ./Middlewares/Third_Party/FreeRTOS/Source/queue.o
 .text.prvCopyDataToQueue
                0x08010046       0xd4 ./Middlewares/Third_Party/FreeRTOS/Source/queue.o
 .text.prvCopyDataFromQueue
                0x0801011a       0x4c ./Middlewares/Third_Party/FreeRTOS/Source/queue.o
 .text.prvUnlockQueue
                0x08010166       0xa4 ./Middlewares/Third_Party/FreeRTOS/Source/queue.o
 .text.prvIsQueueEmpty
                0x0801020a       0x2c ./Middlewares/Third_Party/FreeRTOS/Source/queue.o
 .text.prvIsQueueFull
                0x08010236       0x30 ./Middlewares/Third_Party/FreeRTOS/Source/queue.o
 *fill*         0x08010266        0x2 
 .text.vQueueUnregisterQueue
                0x08010268       0x54 ./Middlewares/Third_Party/FreeRTOS/Source/queue.o
                0x08010268                vQueueUnregisterQueue
 .text.xTaskCreateStatic
                0x080102bc       0xbe ./Middlewares/Third_Party/FreeRTOS/Source/tasks.o
                0x080102bc                xTaskCreateStatic
 .text.xTaskCreate
                0x0801037a       0x8a ./Middlewares/Third_Party/FreeRTOS/Source/tasks.o
                0x0801037a                xTaskCreate
 .text.prvInitialiseNewTask
                0x08010404      0x110 ./Middlewares/Third_Party/FreeRTOS/Source/tasks.o
 .text.prvAddNewTaskToReadyList
                0x08010514       0xd4 ./Middlewares/Third_Party/FreeRTOS/Source/tasks.o
 .text.vTaskDelayUntil
                0x080105e8      0x100 ./Middlewares/Third_Party/FreeRTOS/Source/tasks.o
                0x080105e8                vTaskDelayUntil
 .text.vTaskDelay
                0x080106e8       0x6c ./Middlewares/Third_Party/FreeRTOS/Source/tasks.o
                0x080106e8                vTaskDelay
 .text.vTaskSuspend
                0x08010754      0x128 ./Middlewares/Third_Party/FreeRTOS/Source/tasks.o
                0x08010754                vTaskSuspend
 .text.prvTaskIsTaskSuspended
                0x0801087c       0x78 ./Middlewares/Third_Party/FreeRTOS/Source/tasks.o
 .text.vTaskResume
                0x080108f4       0xbc ./Middlewares/Third_Party/FreeRTOS/Source/tasks.o
                0x080108f4                vTaskResume
 .text.vTaskStartScheduler
                0x080109b0       0xc4 ./Middlewares/Third_Party/FreeRTOS/Source/tasks.o
                0x080109b0                vTaskStartScheduler
 .text.vTaskSuspendAll
                0x08010a74       0x1c ./Middlewares/Third_Party/FreeRTOS/Source/tasks.o
                0x08010a74                vTaskSuspendAll
 .text.xTaskResumeAll
                0x08010a90      0x13c ./Middlewares/Third_Party/FreeRTOS/Source/tasks.o
                0x08010a90                xTaskResumeAll
 .text.xTaskGetTickCount
                0x08010bcc       0x1c ./Middlewares/Third_Party/FreeRTOS/Source/tasks.o
                0x08010bcc                xTaskGetTickCount
 .text.xTaskIncrementTick
                0x08010be8      0x17c ./Middlewares/Third_Party/FreeRTOS/Source/tasks.o
                0x08010be8                xTaskIncrementTick
 .text.vTaskSwitchContext
                0x08010d64       0xb8 ./Middlewares/Third_Party/FreeRTOS/Source/tasks.o
                0x08010d64                vTaskSwitchContext
 .text.vTaskPlaceOnEventList
                0x08010e1c       0x4c ./Middlewares/Third_Party/FreeRTOS/Source/tasks.o
                0x08010e1c                vTaskPlaceOnEventList
 .text.xTaskRemoveFromEventList
                0x08010e68       0xc8 ./Middlewares/Third_Party/FreeRTOS/Source/tasks.o
                0x08010e68                xTaskRemoveFromEventList
 .text.vTaskInternalSetTimeOutState
                0x08010f30       0x2c ./Middlewares/Third_Party/FreeRTOS/Source/tasks.o
                0x08010f30                vTaskInternalSetTimeOutState
 .text.xTaskCheckForTimeOut
                0x08010f5c       0xc8 ./Middlewares/Third_Party/FreeRTOS/Source/tasks.o
                0x08010f5c                xTaskCheckForTimeOut
 .text.vTaskMissedYield
                0x08011024       0x18 ./Middlewares/Third_Party/FreeRTOS/Source/tasks.o
                0x08011024                vTaskMissedYield
 .text.prvIdleTask
                0x0801103c       0x30 ./Middlewares/Third_Party/FreeRTOS/Source/tasks.o
 .text.prvInitialiseTaskLists
                0x0801106c       0x80 ./Middlewares/Third_Party/FreeRTOS/Source/tasks.o
 .text.prvCheckTasksWaitingTermination
                0x080110ec       0x5c ./Middlewares/Third_Party/FreeRTOS/Source/tasks.o
 .text.prvTaskCheckFreeStackSpace
                0x08011148       0x36 ./Middlewares/Third_Party/FreeRTOS/Source/tasks.o
 *fill*         0x0801117e        0x2 
 .text.uxTaskGetStackHighWaterMark
                0x08011180       0x38 ./Middlewares/Third_Party/FreeRTOS/Source/tasks.o
                0x08011180                uxTaskGetStackHighWaterMark
 .text.prvDeleteTCB
                0x080111b8       0x60 ./Middlewares/Third_Party/FreeRTOS/Source/tasks.o
 .text.prvResetNextTaskUnblockTime
                0x08011218       0x48 ./Middlewares/Third_Party/FreeRTOS/Source/tasks.o
 .text.xTaskGetSchedulerState
                0x08011260       0x3c ./Middlewares/Third_Party/FreeRTOS/Source/tasks.o
                0x08011260                xTaskGetSchedulerState
 .text.xTaskPriorityInherit
                0x0801129c      0x10c ./Middlewares/Third_Party/FreeRTOS/Source/tasks.o
                0x0801129c                xTaskPriorityInherit
 .text.xTaskPriorityDisinherit
                0x080113a8      0x110 ./Middlewares/Third_Party/FreeRTOS/Source/tasks.o
                0x080113a8                xTaskPriorityDisinherit
 .text.vTaskPriorityDisinheritAfterTimeout
                0x080114b8      0x144 ./Middlewares/Third_Party/FreeRTOS/Source/tasks.o
                0x080114b8                vTaskPriorityDisinheritAfterTimeout
 .text.pvTaskIncrementMutexHeldCount
                0x080115fc       0x28 ./Middlewares/Third_Party/FreeRTOS/Source/tasks.o
                0x080115fc                pvTaskIncrementMutexHeldCount
 .text.prvAddCurrentTaskToDelayedList
                0x08011624       0xcc ./Middlewares/Third_Party/FreeRTOS/Source/tasks.o
 .text.pxPortInitialiseStack
                0x080116f0       0x58 ./Middlewares/Third_Party/FreeRTOS/Source/portable/GCC/ARM_CM3/port.o
                0x080116f0                pxPortInitialiseStack
 .text.prvTaskExitError
                0x08011748       0x58 ./Middlewares/Third_Party/FreeRTOS/Source/portable/GCC/ARM_CM3/port.o
 .text.SVC_Handler
                0x080117a0       0x28 ./Middlewares/Third_Party/FreeRTOS/Source/portable/GCC/ARM_CM3/port.o
                0x080117a0                SVC_Handler
 .text.prvPortStartFirstTask
                0x080117c8       0x20 ./Middlewares/Third_Party/FreeRTOS/Source/portable/GCC/ARM_CM3/port.o
 .text.xPortStartScheduler
                0x080117e8       0xe4 ./Middlewares/Third_Party/FreeRTOS/Source/portable/GCC/ARM_CM3/port.o
                0x080117e8                xPortStartScheduler
 .text.vPortEnterCritical
                0x080118cc       0x60 ./Middlewares/Third_Party/FreeRTOS/Source/portable/GCC/ARM_CM3/port.o
                0x080118cc                vPortEnterCritical
 .text.vPortExitCritical
                0x0801192c       0x54 ./Middlewares/Third_Party/FreeRTOS/Source/portable/GCC/ARM_CM3/port.o
                0x0801192c                vPortExitCritical
 .text.PendSV_Handler
                0x08011980       0x48 ./Middlewares/Third_Party/FreeRTOS/Source/portable/GCC/ARM_CM3/port.o
                0x08011980                PendSV_Handler
 .text.SysTick_Handler
                0x080119c8       0x44 ./Middlewares/Third_Party/FreeRTOS/Source/portable/GCC/ARM_CM3/port.o
                0x080119c8                SysTick_Handler
 .text.vPortSetupTimerInterrupt
                0x08011a0c       0x44 ./Middlewares/Third_Party/FreeRTOS/Source/portable/GCC/ARM_CM3/port.o
                0x08011a0c                vPortSetupTimerInterrupt
 .text.vPortValidateInterruptPriority
                0x08011a50       0x80 ./Middlewares/Third_Party/FreeRTOS/Source/portable/GCC/ARM_CM3/port.o
                0x08011a50                vPortValidateInterruptPriority
 .text.pvPortMalloc
                0x08011ad0      0x190 ./Middlewares/Third_Party/FreeRTOS/Source/portable/MemMang/heap_4.o
                0x08011ad0                pvPortMalloc
 .text.vPortFree
                0x08011c60       0xb8 ./Middlewares/Third_Party/FreeRTOS/Source/portable/MemMang/heap_4.o
                0x08011c60                vPortFree
 .text.prvHeapInit
                0x08011d18       0xc4 ./Middlewares/Third_Party/FreeRTOS/Source/portable/MemMang/heap_4.o
 .text.prvInsertBlockIntoFreeList
                0x08011ddc       0xb0 ./Middlewares/Third_Party/FreeRTOS/Source/portable/MemMang/heap_4.o
 .text.calloc   0x08011e8c       0x10 C:/ST/STM32CubeIDE_1.15.1/STM32CubeIDE/plugins/com.st.stm32cube.ide.mcu.externaltools.gnu-tools-for-stm32.12.3.rel1.win32_1.0.100.202403111256/tools/bin/../lib/gcc/arm-none-eabi/12.3.1/../../../../arm-none-eabi/lib/thumb/v7-m/nofp\libc_nano.a(libc_a-calloc.o)
                0x08011e8c                calloc
 .text._calloc_r
                0x08011e9c       0x28 C:/ST/STM32CubeIDE_1.15.1/STM32CubeIDE/plugins/com.st.stm32cube.ide.mcu.externaltools.gnu-tools-for-stm32.12.3.rel1.win32_1.0.100.202403111256/tools/bin/../lib/gcc/arm-none-eabi/12.3.1/../../../../arm-none-eabi/lib/thumb/v7-m/nofp\libc_nano.a(libc_a-callocr.o)
                0x08011e9c                _calloc_r
 .text.sbrk_aligned
                0x08011ec4       0x44 C:/ST/STM32CubeIDE_1.15.1/STM32CubeIDE/plugins/com.st.stm32cube.ide.mcu.externaltools.gnu-tools-for-stm32.12.3.rel1.win32_1.0.100.202403111256/tools/bin/../lib/gcc/arm-none-eabi/12.3.1/../../../../arm-none-eabi/lib/thumb/v7-m/nofp\libc_nano.a(libc_a-mallocr.o)
 .text._malloc_r
                0x08011f08      0x100 C:/ST/STM32CubeIDE_1.15.1/STM32CubeIDE/plugins/com.st.stm32cube.ide.mcu.externaltools.gnu-tools-for-stm32.12.3.rel1.win32_1.0.100.202403111256/tools/bin/../lib/gcc/arm-none-eabi/12.3.1/../../../../arm-none-eabi/lib/thumb/v7-m/nofp\libc_nano.a(libc_a-mallocr.o)
                0x08011f08                _malloc_r
 .text.__malloc_lock
                0x08012008        0xc C:/ST/STM32CubeIDE_1.15.1/STM32CubeIDE/plugins/com.st.stm32cube.ide.mcu.externaltools.gnu-tools-for-stm32.12.3.rel1.win32_1.0.100.202403111256/tools/bin/../lib/gcc/arm-none-eabi/12.3.1/../../../../arm-none-eabi/lib/thumb/v7-m/nofp\libc_nano.a(libc_a-mlock.o)
                0x08012008                __malloc_lock
 .text.__malloc_unlock
                0x08012014        0xc C:/ST/STM32CubeIDE_1.15.1/STM32CubeIDE/plugins/com.st.stm32cube.ide.mcu.externaltools.gnu-tools-for-stm32.12.3.rel1.win32_1.0.100.202403111256/tools/bin/../lib/gcc/arm-none-eabi/12.3.1/../../../../arm-none-eabi/lib/thumb/v7-m/nofp\libc_nano.a(libc_a-mlock.o)
                0x08012014                __malloc_unlock
 .text.memset   0x08012020       0x10 C:/ST/STM32CubeIDE_1.15.1/STM32CubeIDE/plugins/com.st.stm32cube.ide.mcu.externaltools.gnu-tools-for-stm32.12.3.rel1.win32_1.0.100.202403111256/tools/bin/../lib/gcc/arm-none-eabi/12.3.1/../../../../arm-none-eabi/lib/thumb/v7-m/nofp\libc_nano.a(libc_a-memset.o)
                0x08012020                memset
 .text._sbrk_r  0x08012030       0x20 C:/ST/STM32CubeIDE_1.15.1/STM32CubeIDE/plugins/com.st.stm32cube.ide.mcu.externaltools.gnu-tools-for-stm32.12.3.rel1.win32_1.0.100.202403111256/tools/bin/../lib/gcc/arm-none-eabi/12.3.1/../../../../arm-none-eabi/lib/thumb/v7-m/nofp\libc_nano.a(libc_a-sbrkr.o)
                0x08012030                _sbrk_r
 .text.__errno  0x08012050        0xc C:/ST/STM32CubeIDE_1.15.1/STM32CubeIDE/plugins/com.st.stm32cube.ide.mcu.externaltools.gnu-tools-for-stm32.12.3.rel1.win32_1.0.100.202403111256/tools/bin/../lib/gcc/arm-none-eabi/12.3.1/../../../../arm-none-eabi/lib/thumb/v7-m/nofp\libc_nano.a(libc_a-errno.o)
                0x08012050                __errno
 .text.__libc_init_array
                0x0801205c       0x48 C:/ST/STM32CubeIDE_1.15.1/STM32CubeIDE/plugins/com.st.stm32cube.ide.mcu.externaltools.gnu-tools-for-stm32.12.3.rel1.win32_1.0.100.202403111256/tools/bin/../lib/gcc/arm-none-eabi/12.3.1/../../../../arm-none-eabi/lib/thumb/v7-m/nofp\libc_nano.a(libc_a-init.o)
                0x0801205c                __libc_init_array
 .text.__retarget_lock_acquire_recursive
                0x080120a4        0x2 C:/ST/STM32CubeIDE_1.15.1/STM32CubeIDE/plugins/com.st.stm32cube.ide.mcu.externaltools.gnu-tools-for-stm32.12.3.rel1.win32_1.0.100.202403111256/tools/bin/../lib/gcc/arm-none-eabi/12.3.1/../../../../arm-none-eabi/lib/thumb/v7-m/nofp\libc_nano.a(libc_a-lock.o)
                0x080120a4                __retarget_lock_acquire_recursive
 .text.__retarget_lock_release_recursive
                0x080120a6        0x2 C:/ST/STM32CubeIDE_1.15.1/STM32CubeIDE/plugins/com.st.stm32cube.ide.mcu.externaltools.gnu-tools-for-stm32.12.3.rel1.win32_1.0.100.202403111256/tools/bin/../lib/gcc/arm-none-eabi/12.3.1/../../../../arm-none-eabi/lib/thumb/v7-m/nofp\libc_nano.a(libc_a-lock.o)
                0x080120a6                __retarget_lock_release_recursive
 .text.memcpy   0x080120a8       0x1c C:/ST/STM32CubeIDE_1.15.1/STM32CubeIDE/plugins/com.st.stm32cube.ide.mcu.externaltools.gnu-tools-for-stm32.12.3.rel1.win32_1.0.100.202403111256/tools/bin/../lib/gcc/arm-none-eabi/12.3.1/../../../../arm-none-eabi/lib/thumb/v7-m/nofp\libc_nano.a(libc_a-memcpy-stub.o)
                0x080120a8                memcpy
 .text.sqrt     0x080120c4       0x48 C:/ST/STM32CubeIDE_1.15.1/STM32CubeIDE/plugins/com.st.stm32cube.ide.mcu.externaltools.gnu-tools-for-stm32.12.3.rel1.win32_1.0.100.202403111256/tools/bin/../lib/gcc/arm-none-eabi/12.3.1/../../../../arm-none-eabi/lib/thumb/v7-m/nofp\libm.a(libm_a-w_sqrt.o)
                0x080120c4                sqrt
 .text.sqrtf    0x0801210c       0x34 C:/ST/STM32CubeIDE_1.15.1/STM32CubeIDE/plugins/com.st.stm32cube.ide.mcu.externaltools.gnu-tools-for-stm32.12.3.rel1.win32_1.0.100.202403111256/tools/bin/../lib/gcc/arm-none-eabi/12.3.1/../../../../arm-none-eabi/lib/thumb/v7-m/nofp\libm.a(libm_a-wf_sqrt.o)
                0x0801210c                sqrtf
 .text.__ieee754_sqrt
                0x08012140      0x1ac C:/ST/STM32CubeIDE_1.15.1/STM32CubeIDE/plugins/com.st.stm32cube.ide.mcu.externaltools.gnu-tools-for-stm32.12.3.rel1.win32_1.0.100.202403111256/tools/bin/../lib/gcc/arm-none-eabi/12.3.1/../../../../arm-none-eabi/lib/thumb/v7-m/nofp\libm.a(libm_a-e_sqrt.o)
                0x08012140                __ieee754_sqrt
 .text.__ieee754_sqrtf
                0x080122ec       0xe0 C:/ST/STM32CubeIDE_1.15.1/STM32CubeIDE/plugins/com.st.stm32cube.ide.mcu.externaltools.gnu-tools-for-stm32.12.3.rel1.win32_1.0.100.202403111256/tools/bin/../lib/gcc/arm-none-eabi/12.3.1/../../../../arm-none-eabi/lib/thumb/v7-m/nofp\libm.a(libm_a-ef_sqrt.o)
                0x080122ec                __ieee754_sqrtf
 *(.glue_7)
 .glue_7        0x080123cc        0x0 linker stubs
 *(.glue_7t)
 .glue_7t       0x080123cc        0x0 linker stubs
 *(.eh_frame)
 .eh_frame      0x080123cc        0x0 C:/ST/STM32CubeIDE_1.15.1/STM32CubeIDE/plugins/com.st.stm32cube.ide.mcu.externaltools.gnu-tools-for-stm32.12.3.rel1.win32_1.0.100.202403111256/tools/bin/../lib/gcc/arm-none-eabi/12.3.1/thumb/v7-m/nofp/crtbegin.o
 *(.init)
 .init          0x080123cc        0x4 C:/ST/STM32CubeIDE_1.15.1/STM32CubeIDE/plugins/com.st.stm32cube.ide.mcu.externaltools.gnu-tools-for-stm32.12.3.rel1.win32_1.0.100.202403111256/tools/bin/../lib/gcc/arm-none-eabi/12.3.1/thumb/v7-m/nofp/crti.o
                0x080123cc                _init
 .init          0x080123d0        0x8 C:/ST/STM32CubeIDE_1.15.1/STM32CubeIDE/plugins/com.st.stm32cube.ide.mcu.externaltools.gnu-tools-for-stm32.12.3.rel1.win32_1.0.100.202403111256/tools/bin/../lib/gcc/arm-none-eabi/12.3.1/thumb/v7-m/nofp/crtn.o
 *(.fini)
 .fini          0x080123d8        0x4 C:/ST/STM32CubeIDE_1.15.1/STM32CubeIDE/plugins/com.st.stm32cube.ide.mcu.externaltools.gnu-tools-for-stm32.12.3.rel1.win32_1.0.100.202403111256/tools/bin/../lib/gcc/arm-none-eabi/12.3.1/thumb/v7-m/nofp/crti.o
                0x080123d8                _fini
 .fini          0x080123dc        0x8 C:/ST/STM32CubeIDE_1.15.1/STM32CubeIDE/plugins/com.st.stm32cube.ide.mcu.externaltools.gnu-tools-for-stm32.12.3.rel1.win32_1.0.100.202403111256/tools/bin/../lib/gcc/arm-none-eabi/12.3.1/thumb/v7-m/nofp/crtn.o
                0x080123e4                        . = ALIGN (0x4)
                0x080123e4                        _etext = .

.vfp11_veneer   0x080123e4        0x0
 .vfp11_veneer  0x080123e4        0x0 linker stubs

.v4_bx          0x080123e4        0x0
 .v4_bx         0x080123e4        0x0 linker stubs

.iplt           0x080123e4        0x0
 .iplt          0x080123e4        0x0 C:/ST/STM32CubeIDE_1.15.1/STM32CubeIDE/plugins/com.st.stm32cube.ide.mcu.externaltools.gnu-tools-for-stm32.12.3.rel1.win32_1.0.100.202403111256/tools/bin/../lib/gcc/arm-none-eabi/12.3.1/thumb/v7-m/nofp/crtbegin.o

.rodata         0x080123e4      0x764
                0x080123e4                        . = ALIGN (0x4)
 *(.rodata)
 .rodata        0x080123e4        0xb ./Core/Lib/blackbox.o
 *fill*         0x080123ef        0x1 
 .rodata        0x080123f0        0xe ./Core/Lib/compass.o
 *fill*         0x080123fe        0x2 
 .rodata        0x08012400       0xa3 ./Core/Src/freertos.o
 *fill*         0x080124a3        0x1 
 .rodata        0x080124a4       0x48 ./Middlewares/Third_Party/FatFs/src/ff.o
 .rodata        0x080124ec        0x5 ./Middlewares/Third_Party/FreeRTOS/Source/tasks.o
 *(.rodata*)
 *fill*         0x080124f1        0x3 
 .rodata.ubloxInit
                0x080124f4       0xa8 ./Core/Lib/gps.o
 .rodata.uart57600
                0x0801259c       0x1c ./Core/Lib/gps.o
 .rodata.AHBPrescTable
                0x080125b8       0x10 ./Core/Src/system_stm32f1xx.o
                0x080125b8                AHBPrescTable
 .rodata.APBPrescTable
                0x080125c8        0x8 ./Core/Src/system_stm32f1xx.o
                0x080125c8                APBPrescTable
 .rodata.aPLLMULFactorTable.1
                0x080125d0       0x10 ./Drivers/STM32F1xx_HAL_Driver/Src/stm32f1xx_hal_rcc.o
 .rodata.aPredivFactorTable.0
                0x080125e0        0x2 ./Drivers/STM32F1xx_HAL_Driver/Src/stm32f1xx_hal_rcc.o
 *fill*         0x080125e2        0x2 
 .rodata.ExCvt  0x080125e4       0x80 ./Middlewares/Third_Party/FatFs/src/ff.o
 .rodata.LfnOfs
                0x08012664        0xd ./Middlewares/Third_Party/FatFs/src/ff.o
 *fill*         0x08012671        0x3 
 .rodata.SD_Driver
                0x08012674       0x14 ./Middlewares/Third_Party/FatFs/src/drivers/sd_diskio.o
                0x08012674                SD_Driver
 .rodata.Tbl    0x08012688      0x100 ./Middlewares/Third_Party/FatFs/src/option/ccsbcs.o
 .rodata.tbl_lower.1
                0x08012788      0x1e0 ./Middlewares/Third_Party/FatFs/src/option/ccsbcs.o
 .rodata.tbl_upper.0
                0x08012968      0x1e0 ./Middlewares/Third_Party/FatFs/src/option/ccsbcs.o
                0x08012b48                        . = ALIGN (0x4)

.ARM.extab      0x08012b48        0x0
                0x08012b48                        . = ALIGN (0x4)
 *(.ARM.extab* .gnu.linkonce.armextab.*)
                0x08012b48                        . = ALIGN (0x4)

.ARM            0x08012b48        0x0
                0x08012b48                        . = ALIGN (0x4)
                0x08012b48                        __exidx_start = .
 *(.ARM.exidx*)
                0x08012b48                        __exidx_end = .
                0x08012b48                        . = ALIGN (0x4)

.preinit_array  0x08012b48        0x0
                0x08012b48                        . = ALIGN (0x4)
                0x08012b48                        PROVIDE (__preinit_array_start = .)
 *(.preinit_array*)
                0x08012b48                        PROVIDE (__preinit_array_end = .)
                0x08012b48                        . = ALIGN (0x4)

.init_array     0x08012b48        0x4
                0x08012b48                        . = ALIGN (0x4)
                0x08012b48                        PROVIDE (__init_array_start = .)
 *(SORT_BY_NAME(.init_array.*))
 *(.init_array*)
 .init_array    0x08012b48        0x4 C:/ST/STM32CubeIDE_1.15.1/STM32CubeIDE/plugins/com.st.stm32cube.ide.mcu.externaltools.gnu-tools-for-stm32.12.3.rel1.win32_1.0.100.202403111256/tools/bin/../lib/gcc/arm-none-eabi/12.3.1/thumb/v7-m/nofp/crtbegin.o
                0x08012b4c                        PROVIDE (__init_array_end = .)
                0x08012b4c                        . = ALIGN (0x4)

.fini_array     0x08012b4c        0x4
                0x08012b4c                        . = ALIGN (0x4)
                [!provide]                        PROVIDE (__fini_array_start = .)
 *(SORT_BY_NAME(.fini_array.*))
 *(.fini_array*)
 .fini_array    0x08012b4c        0x4 C:/ST/STM32CubeIDE_1.15.1/STM32CubeIDE/plugins/com.st.stm32cube.ide.mcu.externaltools.gnu-tools-for-stm32.12.3.rel1.win32_1.0.100.202403111256/tools/bin/../lib/gcc/arm-none-eabi/12.3.1/thumb/v7-m/nofp/crtbegin.o
                [!provide]                        PROVIDE (__fini_array_end = .)
                0x08012b50                        . = ALIGN (0x4)
                0x08012b50                        _sidata = LOADADDR (.data)

.rel.dyn        0x08012b50        0x0
 .rel.iplt      0x08012b50        0x0 C:/ST/STM32CubeIDE_1.15.1/STM32CubeIDE/plugins/com.st.stm32cube.ide.mcu.externaltools.gnu-tools-for-stm32.12.3.rel1.win32_1.0.100.202403111256/tools/bin/../lib/gcc/arm-none-eabi/12.3.1/thumb/v7-m/nofp/crtbegin.o

.data           0x20000000       0xa0 load address 0x08012b50
                0x20000000                        . = ALIGN (0x4)
                0x20000000                        _sdata = .
 *(.data)
 *(.data*)
 .data.ubloxSbasInit
                0x20000000       0x10 ./Core/Lib/gps.o
 .data.Kp_imu   0x20000010        0x4 ./Core/Lib/imu.o
                0x20000010                Kp_imu
 .data.q0       0x20000014        0x4 ./Core/Lib/imu.o
                0x20000014                q0
 .data.config   0x20000018        0xc ./Core/Lib/imu.o
                0x20000018                config
 .data.first_loop
                0x20000024        0x1 ./Core/Lib/imu.o
 *fill*         0x20000025        0x3 
 .data.SystemCoreClock
                0x20000028        0x4 ./Core/Src/system_stm32f1xx.o
                0x20000028                SystemCoreClock
 .data.uwTickPrio
                0x2000002c        0x4 ./Drivers/STM32F1xx_HAL_Driver/Src/stm32f1xx_hal.o
                0x2000002c                uwTickPrio
 .data.uwTickFreq
                0x20000030        0x1 ./Drivers/STM32F1xx_HAL_Driver/Src/stm32f1xx_hal.o
                0x20000030                uwTickFreq
 .data.Stat     0x20000031        0x1 ./Middlewares/Third_Party/FatFs/src/drivers/sd_diskio.o
 *fill*         0x20000032        0x2 
 .data.uxCriticalNesting
                0x20000034        0x4 ./Middlewares/Third_Party/FreeRTOS/Source/portable/GCC/ARM_CM3/port.o
 .data._impure_ptr
                0x20000038        0x4 C:/ST/STM32CubeIDE_1.15.1/STM32CubeIDE/plugins/com.st.stm32cube.ide.mcu.externaltools.gnu-tools-for-stm32.12.3.rel1.win32_1.0.100.202403111256/tools/bin/../lib/gcc/arm-none-eabi/12.3.1/../../../../arm-none-eabi/lib/thumb/v7-m/nofp\libc_nano.a(libc_a-impure.o)
                0x20000038                _impure_ptr
 .data._impure_data
                0x2000003c       0x4c C:/ST/STM32CubeIDE_1.15.1/STM32CubeIDE/plugins/com.st.stm32cube.ide.mcu.externaltools.gnu-tools-for-stm32.12.3.rel1.win32_1.0.100.202403111256/tools/bin/../lib/gcc/arm-none-eabi/12.3.1/../../../../arm-none-eabi/lib/thumb/v7-m/nofp\libc_nano.a(libc_a-impure.o)
                0x2000003c                _impure_data
 .data.tiny     0x20000088        0x8 C:/ST/STM32CubeIDE_1.15.1/STM32CubeIDE/plugins/com.st.stm32cube.ide.mcu.externaltools.gnu-tools-for-stm32.12.3.rel1.win32_1.0.100.202403111256/tools/bin/../lib/gcc/arm-none-eabi/12.3.1/../../../../arm-none-eabi/lib/thumb/v7-m/nofp\libm.a(libm_a-e_sqrt.o)
 .data.one      0x20000090        0x8 C:/ST/STM32CubeIDE_1.15.1/STM32CubeIDE/plugins/com.st.stm32cube.ide.mcu.externaltools.gnu-tools-for-stm32.12.3.rel1.win32_1.0.100.202403111256/tools/bin/../lib/gcc/arm-none-eabi/12.3.1/../../../../arm-none-eabi/lib/thumb/v7-m/nofp\libm.a(libm_a-e_sqrt.o)
 .data.tiny     0x20000098        0x4 C:/ST/STM32CubeIDE_1.15.1/STM32CubeIDE/plugins/com.st.stm32cube.ide.mcu.externaltools.gnu-tools-for-stm32.12.3.rel1.win32_1.0.100.202403111256/tools/bin/../lib/gcc/arm-none-eabi/12.3.1/../../../../arm-none-eabi/lib/thumb/v7-m/nofp\libm.a(libm_a-ef_sqrt.o)
 .data.one      0x2000009c        0x4 C:/ST/STM32CubeIDE_1.15.1/STM32CubeIDE/plugins/com.st.stm32cube.ide.mcu.externaltools.gnu-tools-for-stm32.12.3.rel1.win32_1.0.100.202403111256/tools/bin/../lib/gcc/arm-none-eabi/12.3.1/../../../../arm-none-eabi/lib/thumb/v7-m/nofp\libm.a(libm_a-ef_sqrt.o)
 *(.RamFunc)
 *(.RamFunc*)
                0x200000a0                        . = ALIGN (0x4)
                0x200000a0                        _edata = .

.igot.plt       0x200000a0        0x0 load address 0x08012bf0
 .igot.plt      0x200000a0        0x0 C:/ST/STM32CubeIDE_1.15.1/STM32CubeIDE/plugins/com.st.stm32cube.ide.mcu.externaltools.gnu-tools-for-stm32.12.3.rel1.win32_1.0.100.202403111256/tools/bin/../lib/gcc/arm-none-eabi/12.3.1/thumb/v7-m/nofp/crtbegin.o
                0x200000a0                        . = ALIGN (0x4)

.bss            0x200000a0     0x28d4 load address 0x08012bf0
                0x200000a0                        _sbss = .
                0x200000a0                        __bss_start__ = _sbss
 *(.bss)
 .bss           0x200000a0       0x1c C:/ST/STM32CubeIDE_1.15.1/STM32CubeIDE/plugins/com.st.stm32cube.ide.mcu.externaltools.gnu-tools-for-stm32.12.3.rel1.win32_1.0.100.202403111256/tools/bin/../lib/gcc/arm-none-eabi/12.3.1/thumb/v7-m/nofp/crtbegin.o
 *(.bss*)
 .bss.ibusFrameDone
                0x200000bc        0x4 ./Core/Driver/ibus.o
 .bss.ibusChannelData
                0x200000c0       0x28 ./Core/Driver/ibus.o
                0x200000c0                ibusChannelData
 .bss.ibus      0x200000e8       0x20 ./Core/Driver/ibus.o
 .bss.rx_buff   0x20000108        0x1 ./Core/Driver/ibus.o
 *fill*         0x20000109        0x3 
 .bss.uart      0x2000010c        0x4 ./Core/Driver/ibus.o
 .bss.ibusTimeLast.1
                0x20000110        0x4 ./Core/Driver/ibus.o
 .bss.ibusFramePosition.0
                0x20000114        0x1 ./Core/Driver/ibus.o
 *fill*         0x20000115        0x3 
 .bss.i2c       0x20000118        0x4 ./Core/Driver/mpu6050.o
                0x20000118                i2c
 .bss.isConnected
                0x2000011c        0x1 ./Core/Driver/mpu6050.o
 *fill*         0x2000011d        0x3 
 .bss.qmc_i2cport
                0x20000120        0x4 ./Core/Driver/qmc5883.o
 .bss.fs        0x20000124       0xd4 ./Core/Lib/blackbox.o
                0x20000124                fs
 .bss.mount_state
                0x200001f8        0x1 ./Core/Lib/blackbox.o
                0x200001f8                mount_state
 .bss.open_state
                0x200001f9        0x1 ./Core/Lib/blackbox.o
                0x200001f9                open_state
 *fill*         0x200001fa        0x2 
 .bss.puts_state
                0x200001fc        0x4 ./Core/Lib/blackbox.o
                0x200001fc                puts_state
 .bss.ignore_data
                0x20000200        0x2 ./Core/Lib/compass.o
                0x20000200                ignore_data
 *fill*         0x20000202        0x2 
 .bss.device_array
                0x20000204       0x24 ./Core/Lib/compass.o
                0x20000204                device_array
 .bss.calibrate_value
                0x20000228       0x1c ./Core/Lib/compass.o
                0x20000228                calibrate_value
 .bss.file_open
                0x20000244        0x1 ./Core/Lib/compass.o
                0x20000244                file_open
 *fill*         0x20000245        0x3 
 .bss._gps      0x20000248       0x38 ./Core/Lib/gps.o
                0x20000248                _gps
 .bss._gpsUartPort
                0x20000280        0x4 ./Core/Lib/gps.o
                0x20000280                _gpsUartPort
 .bss._char     0x20000284        0x1 ./Core/Lib/gps.o
 *fill*         0x20000285        0x3 
 .bss._therad_read_time_ms
                0x20000288        0x4 ./Core/Lib/gps.o
                0x20000288                _therad_read_time_ms
 .bss._msg_id   0x2000028c        0x1 ./Core/Lib/gps.o
 *fill*         0x2000028d        0x1 
 .bss._payload_length
                0x2000028e        0x2 ./Core/Lib/gps.o
                0x2000028e                _payload_length
 .bss._payload_counter
                0x20000290        0x2 ./Core/Lib/gps.o
                0x20000290                _payload_counter
 *fill*         0x20000292        0x2 
 .bss._buffer   0x20000294       0xc8 ./Core/Lib/gps.o
 .bss.gps_interrupt_count
                0x2000035c        0x4 ./Core/Lib/gps.o
                0x2000035c                gps_interrupt_count
 .bss.lastPosUpdateTime.7
                0x20000360        0x4 ./Core/Lib/gps.o
 .bss._new_position.6
                0x20000364        0x1 ./Core/Lib/gps.o
 .bss.next_fix.5
                0x20000365        0x1 ./Core/Lib/gps.o
 .bss._new_speed.4
                0x20000366        0x1 ./Core/Lib/gps.o
 .bss._step.3   0x20000367        0x1 ./Core/Lib/gps.o
 .bss._ck_a.2   0x20000368        0x1 ./Core/Lib/gps.o
 .bss._ck_b.1   0x20000369        0x1 ./Core/Lib/gps.o
 *fill*         0x2000036a        0x2 
 .bss.current_time_ms.0
                0x2000036c        0x4 ./Core/Lib/gps.o
 .bss.AHRS      0x20000370       0x18 ./Core/Lib/imu.o
                0x20000370                AHRS
 .bss.integralFBx
                0x20000388        0x4 ./Core/Lib/imu.o
                0x20000388                integralFBx
 .bss.integralFBy
                0x2000038c        0x4 ./Core/Lib/imu.o
                0x2000038c                integralFBy
 .bss.integralFBz
                0x20000390        0x4 ./Core/Lib/imu.o
                0x20000390                integralFBz
 .bss.q1        0x20000394        0x4 ./Core/Lib/imu.o
                0x20000394                q1
 .bss.q2        0x20000398        0x4 ./Core/Lib/imu.o
                0x20000398                q2
 .bss.q3        0x2000039c        0x4 ./Core/Lib/imu.o
                0x2000039c                q3
 .bss.dcm       0x200003a0       0x24 ./Core/Lib/imu.o
 .bss.store_gyro
                0x200003c4        0xc ./Core/Lib/imu.o
 .bss.htimm     0x200003d0        0x4 ./Core/Lib/pwm.o
                0x200003d0                htimm
 .bss.pwm_last_update_ms
                0x200003d4        0x4 ./Core/Lib/pwm.o
 .bss.pr_status
                0x200003d8        0x1 ./Core/Lib/pwm.o
 .bss.pwm_lock_status
                0x200003d9        0x1 ./Core/Lib/pwm.o
                0x200003d9                pwm_lock_status
 *fill*         0x200003da        0x2 
 .bss.htimmz    0x200003dc        0x4 ./Core/Lib/timer.o
                0x200003dc                htimmz
 .bss._micros   0x200003e0        0x4 ./Core/Lib/timer.o
                0x200003e0                _micros
 .bss.task1Handle