../Core/Lib/utils.h:8:14:range360	16	static
../Core/Lib/utils.h:15:14:range180	16	static
../Core/Lib/utils.h:26:16:mapI	32	static
../Core/Lib/blackbox.c:31:6:black_box_init	8	static
../Core/Lib/blackbox.c:37:5:black_box_pack	24	static
../Core/Lib/blackbox.c:53:6:black_box_pack_float	40	static
../Core/Lib/blackbox.c:73:6:black_box_pack_int	56	static
../Core/Lib/blackbox.c:122:6:black_box_pack_str	24	static
../Core/Lib/blackbox.c:136:6:black_box_pack_char	16	static
../Core/Lib/blackbox.c:143:6:black_box_load	8	static
../Core/Lib/blackbox.c:152:6:black_box_sync	8	static
../Core/Lib/blackbox.c:158:6:black_box_close	8	static
../Core/Lib/blackbox.c:164:11:black_box_get_buffer_lenght	4	static
../Core/Lib/blackbox.c:173:13:reverse	32	static
../Core/Lib/blackbox.c:185:13:intToStr	24	static
../Core/Lib/blackbox.c:201:12:n_tu	24	static
../Core/Lib/blackbox.c:212:12:Float_to_string	168	static
