../Core/Lib/utils.h:8:14:range360	16	static
../Core/Lib/utils.h:15:14:range180	16	static
../Core/Lib/utils.h:26:16:mapI	32	static
../Core/Lib/blackbox.c:31:6:black_box_init	8	static
../Core/Lib/blackbox.c:38:10:black_box_get_file_size	4	static
../Core/Lib/blackbox.c:42:6:black_box_pack_float	40	static
../Core/Lib/blackbox.c:62:6:black_box_pack_int	56	static
../Core/Lib/blackbox.c:111:6:black_box_pack_str	24	static
../Core/Lib/blackbox.c:125:6:black_box_pack_char	16	static
../Core/Lib/blackbox.c:132:6:black_box_load	8	static
../Core/Lib/blackbox.c:141:6:black_box_sync	8	static
../Core/Lib/blackbox.c:147:6:black_box_close	8	static
../Core/Lib/blackbox.c:153:11:black_box_get_buffer_lenght	4	static
../Core/Lib/blackbox.c:162:13:reverse	32	static
../Core/Lib/blackbox.c:174:13:intToStr	24	static
../Core/Lib/blackbox.c:190:12:n_tu	24	static
../Core/Lib/blackbox.c:201:12:Float_to_string	168	static
