../Core/Driver/bmp280.c:35:6:bmp280_init_default_params	4	static
../Core/Driver/bmp280.c:43:13:read_register16	40	static
../Core/Driver/bmp280.c:57:19:read_data	48	static
../Core/Driver/bmp280.c:68:13:read_calibration_data	8	static
../Core/Driver/bmp280.c:91:12:write_register8	40	static
../Core/Driver/bmp280.c:102:6:bmp280_init	24	static
../Core/Driver/bmp280.c:162:6:bmp280_force_measurement	16	static
../Core/Driver/bmp280.c:174:6:bmp280_is_measuring	16	static
../Core/Driver/bmp280.c:189:23:compensate_temperature	24	static
../Core/Driver/bmp280.c:207:18:compensate_pressure	336	static
../Core/Driver/bmp280.c:232:6:bmp280_read_fixed	32	static
