../Core/Driver/../lib/maths.h:163:12:constrain	24	static
../Core/Driver/ms5611.c:47:6:ms5611_init	24	static
../Core/Driver/ms5611.c:62:13:ms5611_reset	24	static
../Core/Driver/ms5611.c:69:17:ms5611_prom	40	static
../Core/Driver/ms5611.c:75:13:send_cmd	24	static
../Core/Driver/ms5611.c:80:16:ms5611_crc	24	static
../Core/Driver/ms5611.c:109:16:ms5611_read_crc	16	static
../Core/Driver/ms5611.c:115:15:ms5611_check_crc	24	static
../Core/Driver/ms5611.c:123:17:ms5611_read_adc	24	static
../Core/Driver/ms5611.c:190:6:ms5611_start	8	static
../Core/Driver/ms5611.c:207:13:ms_5611_readout	72	static
