../Core/Driver/../lib/maths.h:163:12:constrain	24	static
../Core/Driver/ms5611.c:50:6:ms5611_init	24	static
../Core/Driver/ms5611.c:63:13:ms5611_reset	24	static
../Core/Driver/ms5611.c:70:17:ms5611_prom	40	static
../Core/Driver/ms5611.c:76:13:send_cmd	24	static
../Core/Driver/ms5611.c:81:16:ms5611_crc	24	static
../Core/Driver/ms5611.c:110:16:ms5611_read_crc	16	static
../Core/Driver/ms5611.c:116:15:ms5611_check_crc	24	static
../Core/Driver/ms5611.c:124:17:ms5611_read_adc	24	static
../Core/Driver/ms5611.c:138:6:ms5611_start	8	static
../Core/Driver/ms5611.c:168:13:ms_5611_readout	72	static
../Core/Driver/ms5611.c:229:14:ms5611_getSeaLevel	16	static
